[INFO ] 2017-02-23 01:57:34.993 [main] LoginPage - Logging in with k2095084@mvrht.com / test1234
[INFO ] 2017-02-23 01:57:47.125 [main] MainPage - Hovering the mouse over important information tooltip
[INFO ] 2017-02-23 02:00:40.423 [main] LoginPage - Logging in with k2095084@mvrht.com / test1234
[INFO ] 2017-02-23 02:00:54.102 [main] MainPage - Hovering the mouse over important information tooltip
[INFO ] 2017-02-23 02:00:57.227 [main] Utils - Taken screenshot screenshot7737822252198237248.png
[INFO ] 2017-02-23 02:05:39.447 [main] LoginPage - Logging in with k2095084@mvrht.com / test1234
[INFO ] 2017-02-23 02:05:52.093 [main] MainPage - Hovering the mouse over important information tooltip
[INFO ] 2017-02-23 02:05:52.957 [main] Utils - Taken screenshot screenshot6466461278396584500.png
[INFO ] 2017-02-23 02:08:11.129 [main] LoginPage - Logging in with k2095084@mvrht.com / test1234
[INFO ] 2017-02-23 02:08:22.935 [main] MainPage - Hovering the mouse over important information tooltip
[INFO ] 2017-02-23 02:08:23.843 [main] Utils - Taken screenshot screenshot8261862305754985974.png
[INFO ] 2017-02-23 02:08:24.038 [main] MainPage - Searching for text Notexistingtext3w33rer
[ERROR] 2017-02-23 02:08:36.067 [main] Page - <!DOCTYPE html><html xmlns="http://www.w3.org/1999/xhtml"><head>
    <title>Care 4 Today | Patient List</title>
    <meta name="viewport" content="width=device-width, initial-scale=1.0" />

                        <link type="text/css" rel="stylesheet" media="all" href="/css/68b6af8.css" />
            
            <script type="text/javascript" async="" src="https://www.google-analytics.com/analytics.js"></script><script async="" src="//www.googletagmanager.com/gtm.js?id=GTM-TXQ92X"></script><script src="/js/969f596.js"></script>
        <script src="/js/vendor.bundle.js"></script>
    <script src="/js/commons.chunk.bundle.js"></script>
<base href="/" /></head>
<body>
  <div class="main-content">
      <div class="app-body">
    <nav class="navbar navbar-default">
  <div class="container">
    <div class="navbar-header">
      <button type="button" class="navbar-toggle collapsed" data-toggle="collapse" data-target="#navbar-collapse-1">
        <span class="sr-only">Toggle navigation</span>
        <span class="icon-bar"></span>
        <span class="icon-bar"></span>
        <span class="icon-bar"></span>
      </button>
      <a class="navbar-brand" href="/patient/page">
        <img height="30" src="/bundles/frontend/img/navbar/jnj_c4t_logo_color_rgb.png" alt="logo" />
      </a>
    </div>

    <!-- Collect the nav links, forms, and other content for toggling -->
    <div class="collapse navbar-collapse" id="navbar-collapse-1">
      <ul class="nav navbar-nav">
        <li class="active">
          <a href="/patient/page">
            Patients
          </a>
          <div class="arrow-up"></div>        </li>
                  <li class="">
            <a href="/hcp/">Admin</a>
                      </li>
                      </ul>
      <jhi-nav-app><jhi-search><div class="navbar-right navbar-tools">
    <!--template bindings={}-->
    <input autocomplete="off" class="global-search ng-pristine ng-valid ng-touched" id="global-search-input" name="global-search" type="text" placeholder="Search..." />
    <jhi-profile-dropdown><a class="user-profile">
    <div class="dropdown">
        <img alt="update profile" class="clickable" src="/bundles/frontend/img/navbar/update_profile.svg" />
        <!--template bindings={}--><img alt="toggle" src="/bundles/frontend/img/navbar/triangle_collapsed.svg" />
        <!--template bindings={}-->
        <div class="dropdown-content">
            <p id="profile-user-name-dropdown">autotest user</p>
            <!--template bindings={}--><a id="profile-my-profile-dropdown">
                My profile
            </a>
            <!--template bindings={}-->
            <hr />
            <a id="profile-log-out-dropdown">
                Log Out
            </a>
        </div>
    </div>
</a></jhi-profile-dropdown>
</div></jhi-search></jhi-nav-app>
    </div><!-- /.navbar-collapse -->
  </div><!-- /.container-fluid -->
</nav>
  <script src="/js/nav.en_US.bundle.js"></script>
    <div class="container">
      <div class="main-content">
        <jhi-patient-app><router-outlet></router-outlet><jhi-patient><div>
    <div class="col-xs-12 heading">
        <h1>
            PATIENTS
        </h1>
        <h1 class="question-mark clickable" id="patient-important-info-tooltip" tooltipplacement="bottom"></h1>
        <!--template bindings={}-->
        
        <!--template bindings={}-->
    </div>
</div>
<div class="row">
    <jhi-patient-sidenav><div class="col-md-3 col-sm-12 hidden-sm hidden-xs side-nav-bar">
    <ul class="custom-nav">
        <li class="parent-nav selected-nav" id="allPatientsAlertsTab">
                <span class="nav-label">ALL PATIENTS</span>
            <div class="arrow-left"></div>
        </li>
        <!--template bindings={}--><li class="child-nav" id="patients-with-alerts-tab">
            <img alt="alert indicator" src="../bundles/frontend/img/patientswithalerts.svg" />
            <img alt="alert indicator" src="../bundles/frontend/img/patientswithalerts_white.svg" hidden="" />
                <span class="nav-label">PATIENTS WITH ALERTS</span>
            <div class="arrow-left"></div>
        </li>
        <li class="child-nav" id="pending-disconnect-tab">
            <img alt="disconnected indicator" src="../bundles/frontend/img/disconnected.svg" />
            <img alt="disconnected indicator" src="../bundles/frontend/img/disconnected_white.svg" hidden="" />
                <span class="nav-label">PENDING DISCONNECT</span>
            <div class="arrow-left"></div>
        </li>
        <li class="parent-nav" id="connection-requests-tab">
                <span class="nav-label">CONNECTION REQUESTS</span>
            <div class="arrow-left"></div>
        </li>
    </ul>
</div>
<div class="col-sm-12 visible-sm side-nav-bar">
    <ul class="nav nav-pills">
        <li class="parent-nav selected-nav">
            <a>
                <span class="nav-label">ALL PATIENTS</span>
            </a>
        </li>
        <!--template bindings={}--><li class="child-nav">
            <a>
                <img alt="alert indicator" src="../bundles/frontend/img/patientswithalerts.svg" />
                <img alt="alert indicator" src="../bundles/frontend/img/patientswithalerts_white.svg" hidden="" />
                <span class="nav-label">PATIENTS WITH ALERTS</span>
            </a>
        </li>
        <li class="child-nav">
            <a>
                <img alt="disconnected indicator" src="../bundles/frontend/img/disconnected.svg" />
                <img alt="disconnected indicator" src="../bundles/frontend/img/disconnected_white.svg" hidden="" />
                <span class="nav-label">PENDING DISCONNECT</span>
            </a>
        </li>
        <li class="parent-nav">
            <a>
                <span class="nav-label">CONNECTION REQUESTS</span>
            </a>
        </li>
    </ul>
</div>
<div class="col-xs-12 visible-xs dropdown side-nav-bar side-nav-xs">
    <button aria-expanded="true" aria-haspopup="true" class="btn btn-default btn-lg dropdown-toggle parent-nav" data-toggle="dropdown" id="dropdownMenu1" type="button">
            <span class="nav-label">ALL PATIENTS</span>
        <span aria-hidden="true" class="caret"></span>
    </button>
    <ul aria-labelledby="dropdownMenu1" class="dropdown-menu nav">
        <li class="parent-nav selected-nav">
            <a>
                <span class="nav-label">ALL PATIENTS</span>
            </a>
        </li>
        <!--template bindings={}--><li class="child-nav">
            <a>
                <img alt="alert indicator" src="../bundles/frontend/img/patientswithalerts.svg" />
                <img alt="alert indicator" src="../bundles/frontend/img/patientswithalerts_white.svg" hidden="" />
                <span class="nav-label">PATIENTS WITH ALERTS</span>
            </a>
        </li>
        <li class="child-nav">
            <a>
                <img alt="disconnected indicator" src="../bundles/frontend/img/disconnected.svg" />
                <img alt="disconnected indicator" src="../bundles/frontend/img/disconnected_white.svg" hidden="" />
                <span class="nav-label">PENDING DISCONNECT</span>
            </a>
        </li>
        <li class="parent-nav">
            <a>
                <span class="nav-label">CONNECTION REQUESTS</span>
            </a>
        </li>
    </ul>
</div></jhi-patient-sidenav>
    <div class="col-md-9 col-sm-12">
        <div class="sorting-wrapper">
            <span class="grey bold">791 TOTAL PATIENTS</span>
            <span class="sort-info bold uppercase">
                Sort By:
                <span class="grey bold">NAME</span>
                <img alt="downarrow" src="../bundles/frontend/img/cal_arrow_left.svg" />
            </span>
            <!--template bindings={}-->
        </div>
        <!--template bindings={}--><jhi-patient-list>
<!--template bindings={}--><table class="patient-table table">
    <thead class="table-title">
    <tr>
        <th class="header"></th>
        <th class="right-border header" colspan="1"><p>
            PATIENT
        </p></th>
        <th class="center header">
            <p>
                Medication <br /> <span>adherence</span>
            </p>
        </th>
        <th class="center header">
            <p>
                Appointment <br /> <span>attendance</span>
            </p>
        </th>
        <!--template bindings={}-->
        <th class="left-border header daily-adherence"><p>
            DAILY MEDICATION <br /> adherence
        </p></th>
        <th class="header"></th>
    </tr>
    </thead>
    <tbody class="one">
    <!--template bindings={}--><tr class="clickable">
        <td class="body"></td>
        
        
        
        
        <td class="right-border body">
            <p class="name">AA dos, Review dos</p>
            <!--template bindings={}--><p>
                Connected</p>
            <!--template bindings={}--><p class="grey">LAST ACTIVE an hour ago </p>
            <!--template bindings={}-->
        </td>
        <td class="center body">
            <!--template bindings={}--><p>8%</p>
            <!--template bindings={}-->
        </td>
        <td class="center body">
            <!--template bindings={}--><p>
                8/35</p>
            <!--template bindings={}-->
        </td>
        <!--template bindings={}-->
        <td class="left-border body center daily-adherence">
            <jhi-weekdays><div class="weekdays-wrapper">
    <div class="weekdays">
            
            <!--template bindings={}--><div class="no-adherence">
                F
            </div><div class="no-adherence">
                S
            </div><div class="no-adherence">
                S
            </div><div class="no-adherence">
                M
            </div><div class="no-adherence">
                T
            </div><div class="no-adherence">
                W
            </div><div class="no-adherence">
                T
            </div>
    </div>
    <div class="weekdays">
            
            <!--template bindings={}--><div class="no-adherence">
                F
            </div><div class="no-adherence">
                S
            </div><div class="no-adherence">
                S
            </div><div class="no-adherence">
                M
            </div><div class="no-adherence">
                T
            </div><div class="some-adherence">
                W
            </div><div class="some-adherence">
                T
            </div>
    </div>
</div></jhi-weekdays>
        </td>
        <!--template bindings={}--><td class="body">
            <!--template bindings={}-->
        </td>
        <td class="body"></td>
    </tr><tr class="clickable">
        <td class="body"></td>
        
        
        
        
        <td class="right-border body">
            <p class="name">AA Review Uno, AA Review Uno</p>
            <!--template bindings={}--><p>
                Connected</p>
            <!--template bindings={}--><p class="grey">LAST ACTIVE a month ago </p>
            <!--template bindings={}-->
        </td>
        <td class="center body">
            <!--template bindings={}--><p>0%</p>
            <!--template bindings={}-->
        </td>
        <td class="center body">
            <!--template bindings={}--><p>
                0/58</p>
            <!--template bindings={}-->
        </td>
        <!--template bindings={}-->
        <td class="left-border body center daily-adherence">
            <jhi-weekdays><div class="weekdays-wrapper">
    <div class="weekdays">
            
            <!--template bindings={}--><div class="no-adherence">
                F
            </div><div class="no-adherence">
                S
            </div><div class="no-adherence">
                S
            </div><div class="no-adherence">
                M
            </div><div class="no-adherence">
                T
            </div><div class="no-adherence">
                W
            </div><div class="no-adherence">
                T
            </div>
    </div>
    <div class="weekdays">
            
            <!--template bindings={}--><div class="no-adherence">
                F
            </div><div class="no-adherence">
                S
            </div><div class="no-adherence">
                S
            </div><div class="no-adherence">
                M
            </div><div class="no-adherence">
                T
            </div><div class="no-adherence">
                W
            </div><div class="no-adherence">
                T
            </div>
    </div>
</div></jhi-weekdays>
        </td>
        <!--template bindings={}--><td class="body">
            <!--template bindings={}--><img alt="alert" src="../bundles/frontend/img/alert-1.svg" />
        </td>
        <td class="body"></td>
    </tr><tr class="clickable">
        <td class="body"></td>
        
        
        
        
        <td class="right-border body">
            <p class="name">AA Tres, Review Tres</p>
            <!--template bindings={}--><p>
                Connected</p>
            <!--template bindings={}--><p class="grey">LAST ACTIVE 6 days ago </p>
            <!--template bindings={}-->
        </td>
        <td class="center body">
            <!--template bindings={}--><p>0%</p>
            <!--template bindings={}-->
        </td>
        <td class="center body">
            <!--template bindings={}--><p>
                0/0</p>
            <!--template bindings={}-->
        </td>
        <!--template bindings={}-->
        <td class="left-border body center daily-adherence">
            <jhi-weekdays><div class="weekdays-wrapper">
    <div class="weekdays">
            
            <!--template bindings={}--><div class="no-data">
                F
            </div><div class="no-data">
                S
            </div><div class="no-data">
                S
            </div><div class="no-data">
                M
            </div><div class="no-data">
                T
            </div><div class="no-data">
                W
            </div><div class="no-data">
                T
            </div>
    </div>
    <div class="weekdays">
            
            <!--template bindings={}--><div class="no-data">
                F
            </div><div class="no-data">
                S
            </div><div class="no-data">
                S
            </div><div class="no-data">
                M
            </div><div class="no-data">
                T
            </div><div class="no-data">
                W
            </div><div class="no-data">
                T
            </div>
    </div>
</div></jhi-weekdays>
        </td>
        <!--template bindings={}--><td class="body">
            <!--template bindings={}-->
        </td>
        <td class="body"></td>
    </tr><tr class="clickable">
        <td class="body"></td>
        
        
        
        
        <td class="right-border body">
            <p class="name">Account , Delete </p>
            <!--template bindings={}-->
            <!--template bindings={}--><p class="grey">LAST ACTIVE 7 days ago </p>
            <!--template bindings={}--><span>
            <p class="red">
                Disconnect Requested
            </p>
            <!--template bindings={}-->
            </span>
        </td>
        <td class="center body">
            <!--template bindings={}--><p>0%</p>
            <!--template bindings={}-->
        </td>
        <td class="center body">
            <!--template bindings={}--><p>
                0/2</p>
            <!--template bindings={}-->
        </td>
        <!--template bindings={}-->
        <td class="left-border body center daily-adherence">
            <jhi-weekdays><div class="weekdays-wrapper">
    <div class="weekdays">
            
            <!--template bindings={}--><div class="no-data">
                F
            </div><div class="no-data">
                S
            </div><div class="no-data">
                S
            </div><div class="no-data">
                M
            </div><div class="no-data">
                T
            </div><div class="no-data">
                W
            </div><div class="no-adherence">
                T
            </div>
    </div>
    <div class="weekdays">
            
            <!--template bindings={}--><div class="no-data">
                F
            </div><div class="no-data">
                S
            </div><div class="no-data">
                S
            </div><div class="no-data">
                M
            </div><div class="no-data">
                T
            </div><div class="no-data">
                W
            </div><div class="no-data">
                T
            </div>
    </div>
</div></jhi-weekdays>
        </td>
        <!--template bindings={}--><td class="body">
            <!--template bindings={}-->
        </td>
        <td class="body"></td>
    </tr><tr class="clickable">
        <td class="body"></td>
        
        
        
        
        <td class="right-border body">
            <p class="name">Amaya-Barajas, Veronica</p>
            <!--template bindings={}-->
            <!--template bindings={}--><p class="grey">LAST ACTIVE 3 days ago </p>
            <!--template bindings={}--><span>
            <p class="red">
                Disconnect Requested
            </p>
            <!--template bindings={}-->
            </span>
        </td>
        <td class="center body">
            <!--template bindings={}--><p>65%</p>
            <!--template bindings={}-->
        </td>
        <td class="center body">
            <!--template bindings={}--><p>
                1/2</p>
            <!--template bindings={}-->
        </td>
        <!--template bindings={}-->
        <td class="left-border body center daily-adherence">
            <jhi-weekdays><div class="weekdays-wrapper">
    <div class="weekdays">
            
            <!--template bindings={}--><div class="no-adherence">
                F
            </div><div class="no-adherence">
                S
            </div><div class="full-adherence">
                S
            </div><div class="full-adherence">
                M
            </div><div class="full-adherence">
                T
            </div><div class="some-adherence">
                W
            </div><div class="full-adherence">
                T
            </div>
    </div>
    <div class="weekdays">
            
            <!--template bindings={}--><div class="no-adherence">
                F
            </div><div class="some-adherence">
                S
            </div><div class="no-data">
                S
            </div><div class="no-data">
                M
            </div><div class="no-data">
                T
            </div><div class="no-data">
                W
            </div><div class="no-data">
                T
            </div>
    </div>
</div></jhi-weekdays>
        </td>
        <!--template bindings={}--><td class="body">
            <!--template bindings={}-->
        </td>
        <td class="body"></td>
    </tr><tr class="clickable">
        <td class="body"></td>
        
        
        
        
        <td class="right-border body">
            <p class="name">AReview , AGraph</p>
            <!--template bindings={}--><p>
                Connected</p>
            <!--template bindings={}--><p class="grey">LAST ACTIVE 3 hours ago </p>
            <!--template bindings={}-->
        </td>
        <td class="center body">
            <!--template bindings={}--><p>5%</p>
            <!--template bindings={}-->
        </td>
        <td class="center body">
            <!--template bindings={}--><p>
                0/0</p>
            <!--template bindings={}-->
        </td>
        <!--template bindings={}-->
        <td class="left-border body center daily-adherence">
            <jhi-weekdays><div class="weekdays-wrapper">
    <div class="weekdays">
            
            <!--template bindings={}--><div class="no-adherence">
                F
            </div><div class="no-adherence">
                S
            </div><div class="no-adherence">
                S
            </div><div class="no-adherence">
                M
            </div><div class="no-adherence">
                T
            </div><div class="no-adherence">
                W
            </div><div class="no-adherence">
                T
            </div>
    </div>
    <div class="weekdays">
            
            <!--template bindings={}--><div class="no-adherence">
                F
            </div><div class="no-adherence">
                S
            </div><div class="no-data">
                S
            </div><div class="no-data">
                M
            </div><div class="no-data">
                T
            </div><div class="no-data">
                W
            </div><div class="no-data">
                T
            </div>
    </div>
</div></jhi-weekdays>
        </td>
        <!--template bindings={}--><td class="body">
            <!--template bindings={}--><img alt="alert" src="../bundles/frontend/img/alert-1.svg" />
        </td>
        <td class="body"></td>
    </tr><tr class="clickable">
        <td class="body"></td>
        
        
        
        
        <td class="right-border body">
            <p class="name">B, Saurin</p>
            <!--template bindings={}--><p>
                Connected</p>
            <!--template bindings={}--><p class="grey">LAST ACTIVE 20 days ago </p>
            <!--template bindings={}-->
        </td>
        <td class="center body">
            <!--template bindings={}--><p>0%</p>
            <!--template bindings={}-->
        </td>
        <td class="center body">
            <!--template bindings={}--><p>
                0/0</p>
            <!--template bindings={}-->
        </td>
        <!--template bindings={}-->
        <td class="left-border body center daily-adherence">
            <jhi-weekdays><div class="weekdays-wrapper">
    <div class="weekdays">
            
            <!--template bindings={}--><div class="no-data">
                F
            </div><div class="no-data">
                S
            </div><div class="no-data">
                S
            </div><div class="no-data">
                M
            </div><div class="no-data">
                T
            </div><div class="no-data">
                W
            </div><div class="no-data">
                T
            </div>
    </div>
    <div class="weekdays">
            
            <!--template bindings={}--><div class="no-data">
                F
            </div><div class="no-data">
                S
            </div><div class="no-data">
                S
            </div><div class="no-data">
                M
            </div><div class="no-data">
                T
            </div><div class="no-data">
                W
            </div><div class="no-data">
                T
            </div>
    </div>
</div></jhi-weekdays>
        </td>
        <!--template bindings={}--><td class="body">
            <!--template bindings={}-->
        </td>
        <td class="body"></td>
    </tr><tr class="clickable">
        <td class="body"></td>
        
        
        
        
        <td class="right-border body">
            <p class="name">Barajas-Amaya, Verito</p>
            <!--template bindings={}--><p>
                Connected</p>
            <!--template bindings={}--><p class="grey">LAST ACTIVE 20 days ago </p>
            <!--template bindings={}-->
        </td>
        <td class="center body">
            <!--template bindings={}--><p>10%</p>
            <!--template bindings={}-->
        </td>
        <td class="center body">
            <!--template bindings={}--><p>
                2/3</p>
            <!--template bindings={}-->
        </td>
        <!--template bindings={}-->
        <td class="left-border body center daily-adherence">
            <jhi-weekdays><div class="weekdays-wrapper">
    <div class="weekdays">
            
            <!--template bindings={}--><div class="no-adherence">
                F
            </div><div class="no-adherence">
                S
            </div><div class="no-adherence">
                S
            </div><div class="no-adherence">
                M
            </div><div class="no-adherence">
                T
            </div><div class="no-adherence">
                W
            </div><div class="no-adherence">
                T
            </div>
    </div>
    <div class="weekdays">
            
            <!--template bindings={}--><div class="no-adherence">
                F
            </div><div class="no-adherence">
                S
            </div><div class="no-data">
                S
            </div><div class="no-data">
                M
            </div><div class="no-data">
                T
            </div><div class="no-data">
                W
            </div><div class="no-data">
                T
            </div>
    </div>
</div></jhi-weekdays>
        </td>
        <!--template bindings={}--><td class="body">
            <!--template bindings={}--><img alt="alert" src="../bundles/frontend/img/alert-1.svg" />
        </td>
        <td class="body"></td>
    </tr><tr class="clickable">
        <td class="body"></td>
        
        
        
        
        <td class="right-border body">
            <p class="name">Bobena, Tina</p>
            <!--template bindings={}--><p>
                Connected</p>
            <!--template bindings={}--><p class="grey">LAST ACTIVE 7 days ago </p>
            <!--template bindings={}-->
        </td>
        <td class="center body">
            <!--template bindings={}--><p>25%</p>
            <!--template bindings={}-->
        </td>
        <td class="center body">
            <!--template bindings={}--><p>
                12/44</p>
            <!--template bindings={}-->
        </td>
        <!--template bindings={}-->
        <td class="left-border body center daily-adherence">
            <jhi-weekdays><div class="weekdays-wrapper">
    <div class="weekdays">
            
            <!--template bindings={}--><div class="no-adherence">
                F
            </div><div class="no-adherence">
                S
            </div><div class="no-adherence">
                S
            </div><div class="no-adherence">
                M
            </div><div class="no-adherence">
                T
            </div><div class="no-adherence">
                W
            </div><div class="some-adherence">
                T
            </div>
    </div>
    <div class="weekdays">
            
            <!--template bindings={}--><div class="no-adherence">
                F
            </div><div class="no-adherence">
                S
            </div><div class="no-data">
                S
            </div><div class="no-data">
                M
            </div><div class="no-data">
                T
            </div><div class="no-data">
                W
            </div><div class="no-data">
                T
            </div>
    </div>
</div></jhi-weekdays>
        </td>
        <!--template bindings={}--><td class="body">
            <!--template bindings={}--><img alt="alert" src="../bundles/frontend/img/alert-1.svg" />
        </td>
        <td class="body"></td>
    </tr><tr class="clickable">
        <td class="body"></td>
        
        
        
        
        <td class="right-border body">
            <p class="name">Cap, Review</p>
            <!--template bindings={}--><p>
                Connected</p>
            <!--template bindings={}--><p class="grey">LAST ACTIVE 5 days ago </p>
            <!--template bindings={}-->
        </td>
        <td class="center body">
            <!--template bindings={}--><p>28%</p>
            <!--template bindings={}-->
        </td>
        <td class="center body">
            <!--template bindings={}--><p>
                0/0</p>
            <!--template bindings={}-->
        </td>
        <!--template bindings={}-->
        <td class="left-border body center daily-adherence">
            <jhi-weekdays><div class="weekdays-wrapper">
    <div class="weekdays">
            
            <!--template bindings={}--><div class="no-data">
                F
            </div><div class="no-data">
                S
            </div><div class="no-data">
                S
            </div><div class="no-data">
                M
            </div><div class="no-data">
                T
            </div><div class="no-data">
                W
            </div><div class="full-adherence">
                T
            </div>
    </div>
    <div class="weekdays">
            
            <!--template bindings={}--><div class="some-adherence">
                F
            </div><div class="some-adherence">
                S
            </div><div class="no-data">
                S
            </div><div class="no-data">
                M
            </div><div class="no-data">
                T
            </div><div class="no-data">
                W
            </div><div class="no-data">
                T
            </div>
    </div>
</div></jhi-weekdays>
        </td>
        <!--template bindings={}--><td class="body">
            <!--template bindings={}--><img alt="alert" src="../bundles/frontend/img/alert-1.svg" />
        </td>
        <td class="body"></td>
    </tr>
    </tbody>
</table>


<!--template bindings={}-->

<!--template bindings={}--><div class="pagination-wrapper">
    <div class="page-info">
        <span>
            <!--template bindings={}--><span>1 -</span>
            10 OF 791
        </span>
    </div>
    <div class="pagination-controls-wrapper">
        <button class="page-button-left disabled">
            <img alt="backward" src="/bundles/frontend/img/cal_arrow_left.svg" />
        </button>
        <button class="page-button-right">
            <img alt="forward" src="/bundles/frontend/img/cal_arrow_right.svg" />
        </button>
    </div>
</div>

<jhi-connection-request-modal>
</jhi-connection-request-modal>
</jhi-patient-list>
        <!--template bindings={}-->
    </div>
</div>
<!--template bindings={}--><footer class="adherence-legend">
    <!--template bindings={}--><img alt="alert" src="/bundles/frontend/img/alert-1.svg" />
    <span class="uppercase grey bold">
        Missed all doses for last 3 days
    </span>
    <div class="legend-icon progress-none-two-week"></div>
    <span class="uppercase grey bold">
        No Data
    </span>
    <div class="legend-icon progress-error"></div>
    <span class="uppercase grey bold">
        Missed All
    </span>
    <div class="legend-icon progress-warning"></div>
    <span class="uppercase grey bold">
        Missed Some
    </span>
    <div class="legend-icon progress-success"></div>
    <span class="uppercase grey bold">
        Took All
    </span>
</footer>
<!--template bindings={}--><div>
    <!--template bindings={}--><jhi-disclaimer><footer>
    <p class="footer disclaimer">The patient information on this site is derived from the patient self-reported information from users of the Care4Today® Connect Application, which is intended to be used as a helpful medication, appointment, and activity reminder tool. It can also include condition related educational content. It is not intended to be relied upon as a primary method for scheduling when a patient takes their medication or what medication to take nor is the Application intended to, and does not, identify any drug-drug interaction. Any adherence percentage, even a very high one, may not be relied upon as an indicator that the patient is taking medications when and as prescribed. Patient self-reported activities are not intended to take the place of the patient reporting any changes in their health status to a qualified healthcare professional. For further information, refer to the Important HCP Portal Information and Terms of Use.
</p>
</footer></jhi-disclaimer>
</div></jhi-patient></jhi-patient-app>
      </div>
    </div>
  </div>
  </div>

      <footer class="legal-notice">
    <p class="link-list">
        <a class="legal-link" href="/docs/portal-legal.html#appInfo" target="_blank">Important
            HCP Portal Information</a> •
        <a class="legal-link" href="/docs/portal-legal.html#terms" target="_blank">Terms of Use</a> •
        <a class="legal-link" href="/docs/portal-legal.html#privacy" target="_blank">Privacy Policy</a> •
        <a class="legal-link" href="/docs/portal-legal.html#support" target="_blank">Support</a>
    </p>
    <p>
        © Janssen Diagnostics, LLC. 2016. All Rights Reserved. This site is published by Janssen Diagnostics, LLC,
        which is solely responsible for its contents. Please read our Important HCP Portal Information, Privacy Policy
        and Terms of Use. This site is intended for use by residents of the United States. All trademarks used herein
        are registered trademarks of their respective owners. This page was last modified on: October 12, 2016.
    </p>
</footer>
  
  <script>
      drugDbNamesUrl = 'https://drugdb.jhiplatform.services/api/v1/us/drug_names.json';
      drugDbDrugsUrl = 'https://drugdb.jhiplatform.services/api/v1/us/drugs.json';
  </script>

    
  
  <script src="/js/patient.en_US.bundle.js"></script>

<!-- Google Tag Manager -->
<noscript>&lt;iframe src="//www.googletagmanager.com/ns.html?id=GTM-TXQ92X"
                  height="0" width="0" style="display:none;visibility:hidden"&gt;&lt;/iframe&gt;</noscript>
<script>
    (function(w,d,s,l,i){w[l]=w[l]||[];w[l].push({'gtm.start':
            new Date().getTime(),event:'gtm.js'});var f=d.getElementsByTagName(s)[0],
            j=d.createElement(s),dl=l!='dataLayer'?'&amp;l='+l:'';j.async=true;j.src=
            '//www.googletagmanager.com/gtm.js?id='+i+dl;f.parentNode.insertBefore(j,f);
    })(window,document,'script','dataLayer','GTM-TXQ92X');
</script>
<!-- End Google Tag Manager -->

<modal class="patient-form modal fade" role="dialog" tabindex="-1" data-keyboard="false" data-backdrop="static">
        <div class="modal-dialog modal-sm">
            <div class="modal-content">
                
    <modal-header>
        <div class="modal-header">
            <!--template bindings={}--><button aria-label="Close" class="close" data-dismiss="modal" type="button">
                <span aria-hidden="true">?</span>
            </button>
            
        </div>
    </modal-header>
    <modal-body class="connection-request">
        <div class="modal-body">
            
        <!--template bindings={}-->
        
        <!--template bindings={}-->
        
        <!--template bindings={}--><div id="decline-patient-connection-form">
            <h1 class="uppercase">
                decline patient
            </h1>
            <p>
                If you decline this patient, they will not be part of your organization and you will not be able to see any of their data from the application. Are you sure you want to decline
                <strong> </strong>?
            </p>
            <div class="button-group">
                <div>
                    <button class="pill long" id="decline-patient-connection-button" type="button">
                        Yes, decline
                    </button>
                </div>
                <div class="connection-request-lower-button">
                    <button class="pill long inverse" id="cancel-patient-connection-button" type="button">
                        Cancel
                    </button>
                </div>
            </div>
        </div>
    
        </div>
    </modal-body>

            </div>
        </div>
    </modal></body></html>
[INFO ] 2017-02-23 02:09:26.102 [main] LoginPage - Logging in with k2095084@mvrht.com / test1234
[INFO ] 2017-02-23 02:09:37.690 [main] MainPage - Hovering the mouse over important information tooltip
[INFO ] 2017-02-23 02:18:11.700 [main] LoginPage - Logging in with k2095084@mvrht.com / test1234
[INFO ] 2017-02-23 02:18:25.318 [main] MainPage - Hovering the mouse over important information tooltip
[INFO ] 2017-02-23 02:18:27.122 [main] Utils - Taken screenshot screenshot2546795430598415561.png
[INFO ] 2017-02-23 02:18:27.252 [main] MainPage - Searching for text Notexistingtext3w33rer
[ERROR] 2017-02-23 02:18:43.368 [main] Page - <!DOCTYPE html><html xmlns="http://www.w3.org/1999/xhtml"><head>
    <title>Care 4 Today | Patient List</title>
    <meta name="viewport" content="width=device-width, initial-scale=1.0" />

                        <link type="text/css" rel="stylesheet" media="all" href="/css/68b6af8.css" />
            
            <script type="text/javascript" async="" src="https://www.google-analytics.com/analytics.js"></script><script async="" src="//www.googletagmanager.com/gtm.js?id=GTM-TXQ92X"></script><script src="/js/969f596.js"></script>
        <script src="/js/vendor.bundle.js"></script>
    <script src="/js/commons.chunk.bundle.js"></script>
<base href="/" /></head>
<body>
  <div class="main-content">
      <div class="app-body">
    <nav class="navbar navbar-default">
  <div class="container">
    <div class="navbar-header">
      <button type="button" class="navbar-toggle collapsed" data-toggle="collapse" data-target="#navbar-collapse-1">
        <span class="sr-only">Toggle navigation</span>
        <span class="icon-bar"></span>
        <span class="icon-bar"></span>
        <span class="icon-bar"></span>
      </button>
      <a class="navbar-brand" href="/patient/page">
        <img height="30" src="/bundles/frontend/img/navbar/jnj_c4t_logo_color_rgb.png" alt="logo" />
      </a>
    </div>

    <!-- Collect the nav links, forms, and other content for toggling -->
    <div class="collapse navbar-collapse" id="navbar-collapse-1">
      <ul class="nav navbar-nav">
        <li class="active">
          <a href="/patient/page">
            Patients
          </a>
          <div class="arrow-up"></div>        </li>
                  <li class="">
            <a href="/hcp/">Admin</a>
                      </li>
                      </ul>
      <jhi-nav-app><jhi-search><div class="navbar-right navbar-tools">
    <!--template bindings={}-->
    <input autocomplete="off" class="global-search ng-untouched ng-pristine ng-valid" id="global-search-input" name="global-search" type="text" placeholder="Search..." />
    <jhi-profile-dropdown><a class="user-profile">
    <div class="dropdown">
        <img alt="update profile" class="clickable" src="/bundles/frontend/img/navbar/update_profile.svg" />
        <!--template bindings={}--><img alt="toggle" src="/bundles/frontend/img/navbar/triangle_collapsed.svg" />
        <!--template bindings={}-->
        <div class="dropdown-content">
            <p id="profile-user-name-dropdown">autotest user</p>
            <!--template bindings={}--><a id="profile-my-profile-dropdown">
                My profile
            </a>
            <!--template bindings={}-->
            <hr />
            <a id="profile-log-out-dropdown">
                Log Out
            </a>
        </div>
    </div>
</a></jhi-profile-dropdown>
</div></jhi-search></jhi-nav-app>
    </div><!-- /.navbar-collapse -->
  </div><!-- /.container-fluid -->
</nav>
  <script src="/js/nav.en_US.bundle.js"></script>
    <div class="container">
      <div class="main-content">
        <jhi-patient-app><router-outlet></router-outlet><jhi-patient><div>
    <div class="col-xs-12 heading">
        <h1>
            PATIENTS
        </h1>
        <h1 class="question-mark clickable" id="patient-important-info-tooltip" tooltipplacement="bottom"></h1>
        <!--template bindings={}-->
        
        <!--template bindings={}-->
    </div>
</div>
<div class="row">
    <jhi-patient-sidenav><div class="col-md-3 col-sm-12 hidden-sm hidden-xs side-nav-bar">
    <ul class="custom-nav">
        <li class="parent-nav selected-nav" id="allPatientsAlertsTab">
                <span class="nav-label">ALL PATIENTS</span>
            <div class="arrow-left"></div>
        </li>
        <!--template bindings={}--><li class="child-nav" id="patients-with-alerts-tab">
            <img alt="alert indicator" src="../bundles/frontend/img/patientswithalerts.svg" />
            <img alt="alert indicator" src="../bundles/frontend/img/patientswithalerts_white.svg" hidden="" />
                <span class="nav-label">PATIENTS WITH ALERTS</span>
            <div class="arrow-left"></div>
        </li>
        <li class="child-nav" id="pending-disconnect-tab">
            <img alt="disconnected indicator" src="../bundles/frontend/img/disconnected.svg" />
            <img alt="disconnected indicator" src="../bundles/frontend/img/disconnected_white.svg" hidden="" />
                <span class="nav-label">PENDING DISCONNECT</span>
            <div class="arrow-left"></div>
        </li>
        <li class="parent-nav" id="connection-requests-tab">
                <span class="nav-label">CONNECTION REQUESTS</span>
            <div class="arrow-left"></div>
        </li>
    </ul>
</div>
<div class="col-sm-12 visible-sm side-nav-bar">
    <ul class="nav nav-pills">
        <li class="parent-nav selected-nav">
            <a>
                <span class="nav-label">ALL PATIENTS</span>
            </a>
        </li>
        <!--template bindings={}--><li class="child-nav">
            <a>
                <img alt="alert indicator" src="../bundles/frontend/img/patientswithalerts.svg" />
                <img alt="alert indicator" src="../bundles/frontend/img/patientswithalerts_white.svg" hidden="" />
                <span class="nav-label">PATIENTS WITH ALERTS</span>
            </a>
        </li>
        <li class="child-nav">
            <a>
                <img alt="disconnected indicator" src="../bundles/frontend/img/disconnected.svg" />
                <img alt="disconnected indicator" src="../bundles/frontend/img/disconnected_white.svg" hidden="" />
                <span class="nav-label">PENDING DISCONNECT</span>
            </a>
        </li>
        <li class="parent-nav">
            <a>
                <span class="nav-label">CONNECTION REQUESTS</span>
            </a>
        </li>
    </ul>
</div>
<div class="col-xs-12 visible-xs dropdown side-nav-bar side-nav-xs">
    <button aria-expanded="true" aria-haspopup="true" class="btn btn-default btn-lg dropdown-toggle parent-nav" data-toggle="dropdown" id="dropdownMenu1" type="button">
            <span class="nav-label">ALL PATIENTS</span>
        <span aria-hidden="true" class="caret"></span>
    </button>
    <ul aria-labelledby="dropdownMenu1" class="dropdown-menu nav">
        <li class="parent-nav selected-nav">
            <a>
                <span class="nav-label">ALL PATIENTS</span>
            </a>
        </li>
        <!--template bindings={}--><li class="child-nav">
            <a>
                <img alt="alert indicator" src="../bundles/frontend/img/patientswithalerts.svg" />
                <img alt="alert indicator" src="../bundles/frontend/img/patientswithalerts_white.svg" hidden="" />
                <span class="nav-label">PATIENTS WITH ALERTS</span>
            </a>
        </li>
        <li class="child-nav">
            <a>
                <img alt="disconnected indicator" src="../bundles/frontend/img/disconnected.svg" />
                <img alt="disconnected indicator" src="../bundles/frontend/img/disconnected_white.svg" hidden="" />
                <span class="nav-label">PENDING DISCONNECT</span>
            </a>
        </li>
        <li class="parent-nav">
            <a>
                <span class="nav-label">CONNECTION REQUESTS</span>
            </a>
        </li>
    </ul>
</div></jhi-patient-sidenav>
    <div class="col-md-9 col-sm-12">
        <div class="sorting-wrapper">
            <span class="grey bold">791 TOTAL PATIENTS</span>
            <span class="sort-info bold uppercase">
                Sort By:
                <span class="grey bold">NAME</span>
                <img alt="downarrow" src="../bundles/frontend/img/cal_arrow_left.svg" />
            </span>
            <!--template bindings={}-->
        </div>
        <!--template bindings={}--><jhi-patient-list>
<!--template bindings={}--><table class="patient-table table">
    <thead class="table-title">
    <tr>
        <th class="header"></th>
        <th class="right-border header" colspan="1"><p>
            PATIENT
        </p></th>
        <th class="center header">
            <p>
                Medication <br /> <span>adherence</span>
            </p>
        </th>
        <th class="center header">
            <p>
                Appointment <br /> <span>attendance</span>
            </p>
        </th>
        <!--template bindings={}-->
        <th class="left-border header daily-adherence"><p>
            DAILY MEDICATION <br /> adherence
        </p></th>
        <th class="header"></th>
    </tr>
    </thead>
    <tbody class="one">
    <!--template bindings={}--><tr class="clickable">
        <td class="body"></td>
        
        
        
        
        <td class="right-border body">
            <p class="name">AA dos, Review dos</p>
            <!--template bindings={}--><p>
                Connected</p>
            <!--template bindings={}--><p class="grey">LAST ACTIVE an hour ago </p>
            <!--template bindings={}-->
        </td>
        <td class="center body">
            <!--template bindings={}--><p>8%</p>
            <!--template bindings={}-->
        </td>
        <td class="center body">
            <!--template bindings={}--><p>
                8/35</p>
            <!--template bindings={}-->
        </td>
        <!--template bindings={}-->
        <td class="left-border body center daily-adherence">
            <jhi-weekdays><div class="weekdays-wrapper">
    <div class="weekdays">
            
            <!--template bindings={}--><div class="no-adherence">
                F
            </div><div class="no-adherence">
                S
            </div><div class="no-adherence">
                S
            </div><div class="no-adherence">
                M
            </div><div class="no-adherence">
                T
            </div><div class="no-adherence">
                W
            </div><div class="no-adherence">
                T
            </div>
    </div>
    <div class="weekdays">
            
            <!--template bindings={}--><div class="no-adherence">
                F
            </div><div class="no-adherence">
                S
            </div><div class="no-adherence">
                S
            </div><div class="no-adherence">
                M
            </div><div class="no-adherence">
                T
            </div><div class="some-adherence">
                W
            </div><div class="some-adherence">
                T
            </div>
    </div>
</div></jhi-weekdays>
        </td>
        <!--template bindings={}--><td class="body">
            <!--template bindings={}-->
        </td>
        <td class="body"></td>
    </tr><tr class="clickable">
        <td class="body"></td>
        
        
        
        
        <td class="right-border body">
            <p class="name">AA Review Uno, AA Review Uno</p>
            <!--template bindings={}--><p>
                Connected</p>
            <!--template bindings={}--><p class="grey">LAST ACTIVE a month ago </p>
            <!--template bindings={}-->
        </td>
        <td class="center body">
            <!--template bindings={}--><p>0%</p>
            <!--template bindings={}-->
        </td>
        <td class="center body">
            <!--template bindings={}--><p>
                0/58</p>
            <!--template bindings={}-->
        </td>
        <!--template bindings={}-->
        <td class="left-border body center daily-adherence">
            <jhi-weekdays><div class="weekdays-wrapper">
    <div class="weekdays">
            
            <!--template bindings={}--><div class="no-adherence">
                F
            </div><div class="no-adherence">
                S
            </div><div class="no-adherence">
                S
            </div><div class="no-adherence">
                M
            </div><div class="no-adherence">
                T
            </div><div class="no-adherence">
                W
            </div><div class="no-adherence">
                T
            </div>
    </div>
    <div class="weekdays">
            
            <!--template bindings={}--><div class="no-adherence">
                F
            </div><div class="no-adherence">
                S
            </div><div class="no-adherence">
                S
            </div><div class="no-adherence">
                M
            </div><div class="no-adherence">
                T
            </div><div class="no-adherence">
                W
            </div><div class="no-adherence">
                T
            </div>
    </div>
</div></jhi-weekdays>
        </td>
        <!--template bindings={}--><td class="body">
            <!--template bindings={}--><img alt="alert" src="../bundles/frontend/img/alert-1.svg" />
        </td>
        <td class="body"></td>
    </tr><tr class="clickable">
        <td class="body"></td>
        
        
        
        
        <td class="right-border body">
            <p class="name">AA Tres, Review Tres</p>
            <!--template bindings={}--><p>
                Connected</p>
            <!--template bindings={}--><p class="grey">LAST ACTIVE 6 days ago </p>
            <!--template bindings={}-->
        </td>
        <td class="center body">
            <!--template bindings={}--><p>0%</p>
            <!--template bindings={}-->
        </td>
        <td class="center body">
            <!--template bindings={}--><p>
                0/0</p>
            <!--template bindings={}-->
        </td>
        <!--template bindings={}-->
        <td class="left-border body center daily-adherence">
            <jhi-weekdays><div class="weekdays-wrapper">
    <div class="weekdays">
            
            <!--template bindings={}--><div class="no-data">
                F
            </div><div class="no-data">
                S
            </div><div class="no-data">
                S
            </div><div class="no-data">
                M
            </div><div class="no-data">
                T
            </div><div class="no-data">
                W
            </div><div class="no-data">
                T
            </div>
    </div>
    <div class="weekdays">
            
            <!--template bindings={}--><div class="no-data">
                F
            </div><div class="no-data">
                S
            </div><div class="no-data">
                S
            </div><div class="no-data">
                M
            </div><div class="no-data">
                T
            </div><div class="no-data">
                W
            </div><div class="no-data">
                T
            </div>
    </div>
</div></jhi-weekdays>
        </td>
        <!--template bindings={}--><td class="body">
            <!--template bindings={}-->
        </td>
        <td class="body"></td>
    </tr><tr class="clickable">
        <td class="body"></td>
        
        
        
        
        <td class="right-border body">
            <p class="name">Account , Delete </p>
            <!--template bindings={}-->
            <!--template bindings={}--><p class="grey">LAST ACTIVE 7 days ago </p>
            <!--template bindings={}--><span>
            <p class="red">
                Disconnect Requested
            </p>
            <!--template bindings={}-->
            </span>
        </td>
        <td class="center body">
            <!--template bindings={}--><p>0%</p>
            <!--template bindings={}-->
        </td>
        <td class="center body">
            <!--template bindings={}--><p>
                0/2</p>
            <!--template bindings={}-->
        </td>
        <!--template bindings={}-->
        <td class="left-border body center daily-adherence">
            <jhi-weekdays><div class="weekdays-wrapper">
    <div class="weekdays">
            
            <!--template bindings={}--><div class="no-data">
                F
            </div><div class="no-data">
                S
            </div><div class="no-data">
                S
            </div><div class="no-data">
                M
            </div><div class="no-data">
                T
            </div><div class="no-data">
                W
            </div><div class="no-adherence">
                T
            </div>
    </div>
    <div class="weekdays">
            
            <!--template bindings={}--><div class="no-data">
                F
            </div><div class="no-data">
                S
            </div><div class="no-data">
                S
            </div><div class="no-data">
                M
            </div><div class="no-data">
                T
            </div><div class="no-data">
                W
            </div><div class="no-data">
                T
            </div>
    </div>
</div></jhi-weekdays>
        </td>
        <!--template bindings={}--><td class="body">
            <!--template bindings={}-->
        </td>
        <td class="body"></td>
    </tr><tr class="clickable">
        <td class="body"></td>
        
        
        
        
        <td class="right-border body">
            <p class="name">Amaya-Barajas, Veronica</p>
            <!--template bindings={}-->
            <!--template bindings={}--><p class="grey">LAST ACTIVE 3 days ago </p>
            <!--template bindings={}--><span>
            <p class="red">
                Disconnect Requested
            </p>
            <!--template bindings={}-->
            </span>
        </td>
        <td class="center body">
            <!--template bindings={}--><p>65%</p>
            <!--template bindings={}-->
        </td>
        <td class="center body">
            <!--template bindings={}--><p>
                1/2</p>
            <!--template bindings={}-->
        </td>
        <!--template bindings={}-->
        <td class="left-border body center daily-adherence">
            <jhi-weekdays><div class="weekdays-wrapper">
    <div class="weekdays">
            
            <!--template bindings={}--><div class="no-adherence">
                F
            </div><div class="no-adherence">
                S
            </div><div class="full-adherence">
                S
            </div><div class="full-adherence">
                M
            </div><div class="full-adherence">
                T
            </div><div class="some-adherence">
                W
            </div><div class="full-adherence">
                T
            </div>
    </div>
    <div class="weekdays">
            
            <!--template bindings={}--><div class="no-adherence">
                F
            </div><div class="some-adherence">
                S
            </div><div class="no-data">
                S
            </div><div class="no-data">
                M
            </div><div class="no-data">
                T
            </div><div class="no-data">
                W
            </div><div class="no-data">
                T
            </div>
    </div>
</div></jhi-weekdays>
        </td>
        <!--template bindings={}--><td class="body">
            <!--template bindings={}-->
        </td>
        <td class="body"></td>
    </tr><tr class="clickable">
        <td class="body"></td>
        
        
        
        
        <td class="right-border body">
            <p class="name">AReview , AGraph</p>
            <!--template bindings={}--><p>
                Connected</p>
            <!--template bindings={}--><p class="grey">LAST ACTIVE 3 hours ago </p>
            <!--template bindings={}-->
        </td>
        <td class="center body">
            <!--template bindings={}--><p>5%</p>
            <!--template bindings={}-->
        </td>
        <td class="center body">
            <!--template bindings={}--><p>
                0/0</p>
            <!--template bindings={}-->
        </td>
        <!--template bindings={}-->
        <td class="left-border body center daily-adherence">
            <jhi-weekdays><div class="weekdays-wrapper">
    <div class="weekdays">
            
            <!--template bindings={}--><div class="no-adherence">
                F
            </div><div class="no-adherence">
                S
            </div><div class="no-adherence">
                S
            </div><div class="no-adherence">
                M
            </div><div class="no-adherence">
                T
            </div><div class="no-adherence">
                W
            </div><div class="no-adherence">
                T
            </div>
    </div>
    <div class="weekdays">
            
            <!--template bindings={}--><div class="no-adherence">
                F
            </div><div class="no-adherence">
                S
            </div><div class="no-data">
                S
            </div><div class="no-data">
                M
            </div><div class="no-data">
                T
            </div><div class="no-data">
                W
            </div><div class="no-data">
                T
            </div>
    </div>
</div></jhi-weekdays>
        </td>
        <!--template bindings={}--><td class="body">
            <!--template bindings={}--><img alt="alert" src="../bundles/frontend/img/alert-1.svg" />
        </td>
        <td class="body"></td>
    </tr><tr class="clickable">
        <td class="body"></td>
        
        
        
        
        <td class="right-border body">
            <p class="name">B, Saurin</p>
            <!--template bindings={}--><p>
                Connected</p>
            <!--template bindings={}--><p class="grey">LAST ACTIVE 20 days ago </p>
            <!--template bindings={}-->
        </td>
        <td class="center body">
            <!--template bindings={}--><p>0%</p>
            <!--template bindings={}-->
        </td>
        <td class="center body">
            <!--template bindings={}--><p>
                0/0</p>
            <!--template bindings={}-->
        </td>
        <!--template bindings={}-->
        <td class="left-border body center daily-adherence">
            <jhi-weekdays><div class="weekdays-wrapper">
    <div class="weekdays">
            
            <!--template bindings={}--><div class="no-data">
                F
            </div><div class="no-data">
                S
            </div><div class="no-data">
                S
            </div><div class="no-data">
                M
            </div><div class="no-data">
                T
            </div><div class="no-data">
                W
            </div><div class="no-data">
                T
            </div>
    </div>
    <div class="weekdays">
            
            <!--template bindings={}--><div class="no-data">
                F
            </div><div class="no-data">
                S
            </div><div class="no-data">
                S
            </div><div class="no-data">
                M
            </div><div class="no-data">
                T
            </div><div class="no-data">
                W
            </div><div class="no-data">
                T
            </div>
    </div>
</div></jhi-weekdays>
        </td>
        <!--template bindings={}--><td class="body">
            <!--template bindings={}-->
        </td>
        <td class="body"></td>
    </tr><tr class="clickable">
        <td class="body"></td>
        
        
        
        
        <td class="right-border body">
            <p class="name">Barajas-Amaya, Verito</p>
            <!--template bindings={}--><p>
                Connected</p>
            <!--template bindings={}--><p class="grey">LAST ACTIVE 20 days ago </p>
            <!--template bindings={}-->
        </td>
        <td class="center body">
            <!--template bindings={}--><p>10%</p>
            <!--template bindings={}-->
        </td>
        <td class="center body">
            <!--template bindings={}--><p>
                2/3</p>
            <!--template bindings={}-->
        </td>
        <!--template bindings={}-->
        <td class="left-border body center daily-adherence">
            <jhi-weekdays><div class="weekdays-wrapper">
    <div class="weekdays">
            
            <!--template bindings={}--><div class="no-adherence">
                F
            </div><div class="no-adherence">
                S
            </div><div class="no-adherence">
                S
            </div><div class="no-adherence">
                M
            </div><div class="no-adherence">
                T
            </div><div class="no-adherence">
                W
            </div><div class="no-adherence">
                T
            </div>
    </div>
    <div class="weekdays">
            
            <!--template bindings={}--><div class="no-adherence">
                F
            </div><div class="no-adherence">
                S
            </div><div class="no-data">
                S
            </div><div class="no-data">
                M
            </div><div class="no-data">
                T
            </div><div class="no-data">
                W
            </div><div class="no-data">
                T
            </div>
    </div>
</div></jhi-weekdays>
        </td>
        <!--template bindings={}--><td class="body">
            <!--template bindings={}--><img alt="alert" src="../bundles/frontend/img/alert-1.svg" />
        </td>
        <td class="body"></td>
    </tr><tr class="clickable">
        <td class="body"></td>
        
        
        
        
        <td class="right-border body">
            <p class="name">Bobena, Tina</p>
            <!--template bindings={}--><p>
                Connected</p>
            <!--template bindings={}--><p class="grey">LAST ACTIVE 7 days ago </p>
            <!--template bindings={}-->
        </td>
        <td class="center body">
            <!--template bindings={}--><p>25%</p>
            <!--template bindings={}-->
        </td>
        <td class="center body">
            <!--template bindings={}--><p>
                12/44</p>
            <!--template bindings={}-->
        </td>
        <!--template bindings={}-->
        <td class="left-border body center daily-adherence">
            <jhi-weekdays><div class="weekdays-wrapper">
    <div class="weekdays">
            
            <!--template bindings={}--><div class="no-adherence">
                F
            </div><div class="no-adherence">
                S
            </div><div class="no-adherence">
                S
            </div><div class="no-adherence">
                M
            </div><div class="no-adherence">
                T
            </div><div class="no-adherence">
                W
            </div><div class="some-adherence">
                T
            </div>
    </div>
    <div class="weekdays">
            
            <!--template bindings={}--><div class="no-adherence">
                F
            </div><div class="no-adherence">
                S
            </div><div class="no-data">
                S
            </div><div class="no-data">
                M
            </div><div class="no-data">
                T
            </div><div class="no-data">
                W
            </div><div class="no-data">
                T
            </div>
    </div>
</div></jhi-weekdays>
        </td>
        <!--template bindings={}--><td class="body">
            <!--template bindings={}--><img alt="alert" src="../bundles/frontend/img/alert-1.svg" />
        </td>
        <td class="body"></td>
    </tr><tr class="clickable">
        <td class="body"></td>
        
        
        
        
        <td class="right-border body">
            <p class="name">Cap, Review</p>
            <!--template bindings={}--><p>
                Connected</p>
            <!--template bindings={}--><p class="grey">LAST ACTIVE 5 days ago </p>
            <!--template bindings={}-->
        </td>
        <td class="center body">
            <!--template bindings={}--><p>28%</p>
            <!--template bindings={}-->
        </td>
        <td class="center body">
            <!--template bindings={}--><p>
                0/0</p>
            <!--template bindings={}-->
        </td>
        <!--template bindings={}-->
        <td class="left-border body center daily-adherence">
            <jhi-weekdays><div class="weekdays-wrapper">
    <div class="weekdays">
            
            <!--template bindings={}--><div class="no-data">
                F
            </div><div class="no-data">
                S
            </div><div class="no-data">
                S
            </div><div class="no-data">
                M
            </div><div class="no-data">
                T
            </div><div class="no-data">
                W
            </div><div class="full-adherence">
                T
            </div>
    </div>
    <div class="weekdays">
            
            <!--template bindings={}--><div class="some-adherence">
                F
            </div><div class="some-adherence">
                S
            </div><div class="no-data">
                S
            </div><div class="no-data">
                M
            </div><div class="no-data">
                T
            </div><div class="no-data">
                W
            </div><div class="no-data">
                T
            </div>
    </div>
</div></jhi-weekdays>
        </td>
        <!--template bindings={}--><td class="body">
            <!--template bindings={}--><img alt="alert" src="../bundles/frontend/img/alert-1.svg" />
        </td>
        <td class="body"></td>
    </tr>
    </tbody>
</table>


<!--template bindings={}-->

<!--template bindings={}--><div class="pagination-wrapper">
    <div class="page-info">
        <span>
            <!--template bindings={}--><span>1 -</span>
            10 OF 791
        </span>
    </div>
    <div class="pagination-controls-wrapper">
        <button class="page-button-left disabled">
            <img alt="backward" src="/bundles/frontend/img/cal_arrow_left.svg" />
        </button>
        <button class="page-button-right">
            <img alt="forward" src="/bundles/frontend/img/cal_arrow_right.svg" />
        </button>
    </div>
</div>

<jhi-connection-request-modal>
</jhi-connection-request-modal>
</jhi-patient-list>
        <!--template bindings={}-->
    </div>
</div>
<!--template bindings={}--><footer class="adherence-legend">
    <!--template bindings={}--><img alt="alert" src="/bundles/frontend/img/alert-1.svg" />
    <span class="uppercase grey bold">
        Missed all doses for last 3 days
    </span>
    <div class="legend-icon progress-none-two-week"></div>
    <span class="uppercase grey bold">
        No Data
    </span>
    <div class="legend-icon progress-error"></div>
    <span class="uppercase grey bold">
        Missed All
    </span>
    <div class="legend-icon progress-warning"></div>
    <span class="uppercase grey bold">
        Missed Some
    </span>
    <div class="legend-icon progress-success"></div>
    <span class="uppercase grey bold">
        Took All
    </span>
</footer>
<!--template bindings={}--><div>
    <!--template bindings={}--><jhi-disclaimer><footer>
    <p class="footer disclaimer">The patient information on this site is derived from the patient self-reported information from users of the Care4Today® Connect Application, which is intended to be used as a helpful medication, appointment, and activity reminder tool. It can also include condition related educational content. It is not intended to be relied upon as a primary method for scheduling when a patient takes their medication or what medication to take nor is the Application intended to, and does not, identify any drug-drug interaction. Any adherence percentage, even a very high one, may not be relied upon as an indicator that the patient is taking medications when and as prescribed. Patient self-reported activities are not intended to take the place of the patient reporting any changes in their health status to a qualified healthcare professional. For further information, refer to the Important HCP Portal Information and Terms of Use.
</p>
</footer></jhi-disclaimer>
</div></jhi-patient></jhi-patient-app>
      </div>
    </div>
  </div>
  </div>

      <footer class="legal-notice">
    <p class="link-list">
        <a class="legal-link" href="/docs/portal-legal.html#appInfo" target="_blank">Important
            HCP Portal Information</a> •
        <a class="legal-link" href="/docs/portal-legal.html#terms" target="_blank">Terms of Use</a> •
        <a class="legal-link" href="/docs/portal-legal.html#privacy" target="_blank">Privacy Policy</a> •
        <a class="legal-link" href="/docs/portal-legal.html#support" target="_blank">Support</a>
    </p>
    <p>
        © Janssen Diagnostics, LLC. 2016. All Rights Reserved. This site is published by Janssen Diagnostics, LLC,
        which is solely responsible for its contents. Please read our Important HCP Portal Information, Privacy Policy
        and Terms of Use. This site is intended for use by residents of the United States. All trademarks used herein
        are registered trademarks of their respective owners. This page was last modified on: October 12, 2016.
    </p>
</footer>
  
  <script>
      drugDbNamesUrl = 'https://drugdb.jhiplatform.services/api/v1/us/drug_names.json';
      drugDbDrugsUrl = 'https://drugdb.jhiplatform.services/api/v1/us/drugs.json';
  </script>

    
  
  <script src="/js/patient.en_US.bundle.js"></script>

<!-- Google Tag Manager -->
<noscript>&lt;iframe src="//www.googletagmanager.com/ns.html?id=GTM-TXQ92X"
                  height="0" width="0" style="display:none;visibility:hidden"&gt;&lt;/iframe&gt;</noscript>
<script>
    (function(w,d,s,l,i){w[l]=w[l]||[];w[l].push({'gtm.start':
            new Date().getTime(),event:'gtm.js'});var f=d.getElementsByTagName(s)[0],
            j=d.createElement(s),dl=l!='dataLayer'?'&amp;l='+l:'';j.async=true;j.src=
            '//www.googletagmanager.com/gtm.js?id='+i+dl;f.parentNode.insertBefore(j,f);
    })(window,document,'script','dataLayer','GTM-TXQ92X');
</script>
<!-- End Google Tag Manager -->

<modal class="patient-form modal fade" role="dialog" tabindex="-1" data-keyboard="false" data-backdrop="static">
        <div class="modal-dialog modal-sm">
            <div class="modal-content">
                
    <modal-header>
        <div class="modal-header">
            <!--template bindings={}--><button aria-label="Close" class="close" data-dismiss="modal" type="button">
                <span aria-hidden="true">?</span>
            </button>
            
        </div>
    </modal-header>
    <modal-body class="connection-request">
        <div class="modal-body">
            
        <!--template bindings={}-->
        
        <!--template bindings={}-->
        
        <!--template bindings={}--><div id="decline-patient-connection-form">
            <h1 class="uppercase">
                decline patient
            </h1>
            <p>
                If you decline this patient, they will not be part of your organization and you will not be able to see any of their data from the application. Are you sure you want to decline
                <strong> </strong>?
            </p>
            <div class="button-group">
                <div>
                    <button class="pill long" id="decline-patient-connection-button" type="button">
                        Yes, decline
                    </button>
                </div>
                <div class="connection-request-lower-button">
                    <button class="pill long inverse" id="cancel-patient-connection-button" type="button">
                        Cancel
                    </button>
                </div>
            </div>
        </div>
    
        </div>
    </modal-body>

            </div>
        </div>
    </modal></body></html>
[INFO ] 2017-02-23 02:26:32.032 [main] LoginPage - Logging in with k2095084@mvrht.com / test1234
[INFO ] 2017-02-23 02:26:43.386 [main] MainPage - Hovering the mouse over important information tooltip
[INFO ] 2017-02-23 02:26:44.429 [main] Utils - Taken screenshot screenshot5929888846562016015.png
[INFO ] 2017-02-23 02:26:44.638 [main] MainPage - Searching for text Notexistingtext3w33rer
[ERROR] 2017-02-23 02:26:57.602 [main] Page - <!DOCTYPE html><html xmlns="http://www.w3.org/1999/xhtml"><head>
    <title>Care 4 Today | Patient List</title>
    <meta name="viewport" content="width=device-width, initial-scale=1.0" />

                        <link type="text/css" rel="stylesheet" media="all" href="/css/68b6af8.css" />
            
            <script type="text/javascript" async="" src="https://www.google-analytics.com/analytics.js"></script><script async="" src="//www.googletagmanager.com/gtm.js?id=GTM-TXQ92X"></script><script src="/js/969f596.js"></script>
        <script src="/js/vendor.bundle.js"></script>
    <script src="/js/commons.chunk.bundle.js"></script>
<base href="/" /></head>
<body>
  <div class="main-content">
      <div class="app-body">
    <nav class="navbar navbar-default">
  <div class="container">
    <div class="navbar-header">
      <button type="button" class="navbar-toggle collapsed" data-toggle="collapse" data-target="#navbar-collapse-1">
        <span class="sr-only">Toggle navigation</span>
        <span class="icon-bar"></span>
        <span class="icon-bar"></span>
        <span class="icon-bar"></span>
      </button>
      <a class="navbar-brand" href="/patient/page">
        <img height="30" src="/bundles/frontend/img/navbar/jnj_c4t_logo_color_rgb.png" alt="logo" />
      </a>
    </div>

    <!-- Collect the nav links, forms, and other content for toggling -->
    <div class="collapse navbar-collapse" id="navbar-collapse-1">
      <ul class="nav navbar-nav">
        <li class="active">
          <a href="/patient/page">
            Patients
          </a>
          <div class="arrow-up"></div>        </li>
                  <li class="">
            <a href="/hcp/">Admin</a>
                      </li>
                      </ul>
      <jhi-nav-app><jhi-search><div class="navbar-right navbar-tools">
    <!--template bindings={}-->
    <input autocomplete="off" class="global-search ng-untouched ng-pristine ng-valid" id="global-search-input" name="global-search" type="text" placeholder="Search..." />
    <jhi-profile-dropdown><a class="user-profile">
    <div class="dropdown">
        <img alt="update profile" class="clickable" src="/bundles/frontend/img/navbar/update_profile.svg" />
        <!--template bindings={}--><img alt="toggle" src="/bundles/frontend/img/navbar/triangle_collapsed.svg" />
        <!--template bindings={}-->
        <div class="dropdown-content">
            <p id="profile-user-name-dropdown">autotest user</p>
            <!--template bindings={}--><a id="profile-my-profile-dropdown">
                My profile
            </a>
            <!--template bindings={}-->
            <hr />
            <a id="profile-log-out-dropdown">
                Log Out
            </a>
        </div>
    </div>
</a></jhi-profile-dropdown>
</div></jhi-search></jhi-nav-app>
    </div><!-- /.navbar-collapse -->
  </div><!-- /.container-fluid -->
</nav>
  <script src="/js/nav.en_US.bundle.js"></script>
    <div class="container">
      <div class="main-content">
        <jhi-patient-app><router-outlet></router-outlet><jhi-patient><div>
    <div class="col-xs-12 heading">
        <h1>
            PATIENTS
        </h1>
        <h1 class="question-mark clickable" id="patient-important-info-tooltip" tooltipplacement="bottom"></h1>
        <!--template bindings={}-->
        
        <!--template bindings={}-->
    </div>
</div>
<div class="row">
    <jhi-patient-sidenav><div class="col-md-3 col-sm-12 hidden-sm hidden-xs side-nav-bar">
    <ul class="custom-nav">
        <li class="parent-nav selected-nav" id="allPatientsAlertsTab">
                <span class="nav-label">ALL PATIENTS</span>
            <div class="arrow-left"></div>
        </li>
        <!--template bindings={}--><li class="child-nav" id="patients-with-alerts-tab">
            <img alt="alert indicator" src="../bundles/frontend/img/patientswithalerts.svg" />
            <img alt="alert indicator" src="../bundles/frontend/img/patientswithalerts_white.svg" hidden="" />
                <span class="nav-label">PATIENTS WITH ALERTS</span>
            <div class="arrow-left"></div>
        </li>
        <li class="child-nav" id="pending-disconnect-tab">
            <img alt="disconnected indicator" src="../bundles/frontend/img/disconnected.svg" />
            <img alt="disconnected indicator" src="../bundles/frontend/img/disconnected_white.svg" hidden="" />
                <span class="nav-label">PENDING DISCONNECT</span>
            <div class="arrow-left"></div>
        </li>
        <li class="parent-nav" id="connection-requests-tab">
                <span class="nav-label">CONNECTION REQUESTS</span>
            <div class="arrow-left"></div>
        </li>
    </ul>
</div>
<div class="col-sm-12 visible-sm side-nav-bar">
    <ul class="nav nav-pills">
        <li class="parent-nav selected-nav">
            <a>
                <span class="nav-label">ALL PATIENTS</span>
            </a>
        </li>
        <!--template bindings={}--><li class="child-nav">
            <a>
                <img alt="alert indicator" src="../bundles/frontend/img/patientswithalerts.svg" />
                <img alt="alert indicator" src="../bundles/frontend/img/patientswithalerts_white.svg" hidden="" />
                <span class="nav-label">PATIENTS WITH ALERTS</span>
            </a>
        </li>
        <li class="child-nav">
            <a>
                <img alt="disconnected indicator" src="../bundles/frontend/img/disconnected.svg" />
                <img alt="disconnected indicator" src="../bundles/frontend/img/disconnected_white.svg" hidden="" />
                <span class="nav-label">PENDING DISCONNECT</span>
            </a>
        </li>
        <li class="parent-nav">
            <a>
                <span class="nav-label">CONNECTION REQUESTS</span>
            </a>
        </li>
    </ul>
</div>
<div class="col-xs-12 visible-xs dropdown side-nav-bar side-nav-xs">
    <button aria-expanded="true" aria-haspopup="true" class="btn btn-default btn-lg dropdown-toggle parent-nav" data-toggle="dropdown" id="dropdownMenu1" type="button">
            <span class="nav-label">ALL PATIENTS</span>
        <span aria-hidden="true" class="caret"></span>
    </button>
    <ul aria-labelledby="dropdownMenu1" class="dropdown-menu nav">
        <li class="parent-nav selected-nav">
            <a>
                <span class="nav-label">ALL PATIENTS</span>
            </a>
        </li>
        <!--template bindings={}--><li class="child-nav">
            <a>
                <img alt="alert indicator" src="../bundles/frontend/img/patientswithalerts.svg" />
                <img alt="alert indicator" src="../bundles/frontend/img/patientswithalerts_white.svg" hidden="" />
                <span class="nav-label">PATIENTS WITH ALERTS</span>
            </a>
        </li>
        <li class="child-nav">
            <a>
                <img alt="disconnected indicator" src="../bundles/frontend/img/disconnected.svg" />
                <img alt="disconnected indicator" src="../bundles/frontend/img/disconnected_white.svg" hidden="" />
                <span class="nav-label">PENDING DISCONNECT</span>
            </a>
        </li>
        <li class="parent-nav">
            <a>
                <span class="nav-label">CONNECTION REQUESTS</span>
            </a>
        </li>
    </ul>
</div></jhi-patient-sidenav>
    <div class="col-md-9 col-sm-12">
        <div class="sorting-wrapper">
            <span class="grey bold">791 TOTAL PATIENTS</span>
            <span class="sort-info bold uppercase">
                Sort By:
                <span class="grey bold">NAME</span>
                <img alt="downarrow" src="../bundles/frontend/img/cal_arrow_left.svg" />
            </span>
            <!--template bindings={}-->
        </div>
        <!--template bindings={}--><jhi-patient-list>
<!--template bindings={}--><table class="patient-table table">
    <thead class="table-title">
    <tr>
        <th class="header"></th>
        <th class="right-border header" colspan="1"><p>
            PATIENT
        </p></th>
        <th class="center header">
            <p>
                Medication <br /> <span>adherence</span>
            </p>
        </th>
        <th class="center header">
            <p>
                Appointment <br /> <span>attendance</span>
            </p>
        </th>
        <!--template bindings={}-->
        <th class="left-border header daily-adherence"><p>
            DAILY MEDICATION <br /> adherence
        </p></th>
        <th class="header"></th>
    </tr>
    </thead>
    <tbody class="one">
    <!--template bindings={}--><tr class="clickable">
        <td class="body"></td>
        
        
        
        
        <td class="right-border body">
            <p class="name">AA dos, Review dos</p>
            <!--template bindings={}--><p>
                Connected</p>
            <!--template bindings={}--><p class="grey">LAST ACTIVE 2 hours ago </p>
            <!--template bindings={}-->
        </td>
        <td class="center body">
            <!--template bindings={}--><p>8%</p>
            <!--template bindings={}-->
        </td>
        <td class="center body">
            <!--template bindings={}--><p>
                8/35</p>
            <!--template bindings={}-->
        </td>
        <!--template bindings={}-->
        <td class="left-border body center daily-adherence">
            <jhi-weekdays><div class="weekdays-wrapper">
    <div class="weekdays">
            
            <!--template bindings={}--><div class="no-adherence">
                F
            </div><div class="no-adherence">
                S
            </div><div class="no-adherence">
                S
            </div><div class="no-adherence">
                M
            </div><div class="no-adherence">
                T
            </div><div class="no-adherence">
                W
            </div><div class="no-adherence">
                T
            </div>
    </div>
    <div class="weekdays">
            
            <!--template bindings={}--><div class="no-adherence">
                F
            </div><div class="no-adherence">
                S
            </div><div class="no-adherence">
                S
            </div><div class="no-adherence">
                M
            </div><div class="no-adherence">
                T
            </div><div class="some-adherence">
                W
            </div><div class="some-adherence">
                T
            </div>
    </div>
</div></jhi-weekdays>
        </td>
        <!--template bindings={}--><td class="body">
            <!--template bindings={}-->
        </td>
        <td class="body"></td>
    </tr><tr class="clickable">
        <td class="body"></td>
        
        
        
        
        <td class="right-border body">
            <p class="name">AA Review Uno, AA Review Uno</p>
            <!--template bindings={}--><p>
                Connected</p>
            <!--template bindings={}--><p class="grey">LAST ACTIVE a month ago </p>
            <!--template bindings={}-->
        </td>
        <td class="center body">
            <!--template bindings={}--><p>0%</p>
            <!--template bindings={}-->
        </td>
        <td class="center body">
            <!--template bindings={}--><p>
                0/58</p>
            <!--template bindings={}-->
        </td>
        <!--template bindings={}-->
        <td class="left-border body center daily-adherence">
            <jhi-weekdays><div class="weekdays-wrapper">
    <div class="weekdays">
            
            <!--template bindings={}--><div class="no-adherence">
                F
            </div><div class="no-adherence">
                S
            </div><div class="no-adherence">
                S
            </div><div class="no-adherence">
                M
            </div><div class="no-adherence">
                T
            </div><div class="no-adherence">
                W
            </div><div class="no-adherence">
                T
            </div>
    </div>
    <div class="weekdays">
            
            <!--template bindings={}--><div class="no-adherence">
                F
            </div><div class="no-adherence">
                S
            </div><div class="no-adherence">
                S
            </div><div class="no-adherence">
                M
            </div><div class="no-adherence">
                T
            </div><div class="no-adherence">
                W
            </div><div class="no-adherence">
                T
            </div>
    </div>
</div></jhi-weekdays>
        </td>
        <!--template bindings={}--><td class="body">
            <!--template bindings={}--><img alt="alert" src="../bundles/frontend/img/alert-1.svg" />
        </td>
        <td class="body"></td>
    </tr><tr class="clickable">
        <td class="body"></td>
        
        
        
        
        <td class="right-border body">
            <p class="name">AA Tres, Review Tres</p>
            <!--template bindings={}--><p>
                Connected</p>
            <!--template bindings={}--><p class="grey">LAST ACTIVE 6 days ago </p>
            <!--template bindings={}-->
        </td>
        <td class="center body">
            <!--template bindings={}--><p>0%</p>
            <!--template bindings={}-->
        </td>
        <td class="center body">
            <!--template bindings={}--><p>
                0/0</p>
            <!--template bindings={}-->
        </td>
        <!--template bindings={}-->
        <td class="left-border body center daily-adherence">
            <jhi-weekdays><div class="weekdays-wrapper">
    <div class="weekdays">
            
            <!--template bindings={}--><div class="no-data">
                F
            </div><div class="no-data">
                S
            </div><div class="no-data">
                S
            </div><div class="no-data">
                M
            </div><div class="no-data">
                T
            </div><div class="no-data">
                W
            </div><div class="no-data">
                T
            </div>
    </div>
    <div class="weekdays">
            
            <!--template bindings={}--><div class="no-data">
                F
            </div><div class="no-data">
                S
            </div><div class="no-data">
                S
            </div><div class="no-data">
                M
            </div><div class="no-data">
                T
            </div><div class="no-data">
                W
            </div><div class="no-data">
                T
            </div>
    </div>
</div></jhi-weekdays>
        </td>
        <!--template bindings={}--><td class="body">
            <!--template bindings={}-->
        </td>
        <td class="body"></td>
    </tr><tr class="clickable">
        <td class="body"></td>
        
        
        
        
        <td class="right-border body">
            <p class="name">Account , Delete </p>
            <!--template bindings={}-->
            <!--template bindings={}--><p class="grey">LAST ACTIVE 7 days ago </p>
            <!--template bindings={}--><span>
            <p class="red">
                Disconnect Requested
            </p>
            <!--template bindings={}-->
            </span>
        </td>
        <td class="center body">
            <!--template bindings={}--><p>0%</p>
            <!--template bindings={}-->
        </td>
        <td class="center body">
            <!--template bindings={}--><p>
                0/2</p>
            <!--template bindings={}-->
        </td>
        <!--template bindings={}-->
        <td class="left-border body center daily-adherence">
            <jhi-weekdays><div class="weekdays-wrapper">
    <div class="weekdays">
            
            <!--template bindings={}--><div class="no-data">
                F
            </div><div class="no-data">
                S
            </div><div class="no-data">
                S
            </div><div class="no-data">
                M
            </div><div class="no-data">
                T
            </div><div class="no-data">
                W
            </div><div class="no-adherence">
                T
            </div>
    </div>
    <div class="weekdays">
            
            <!--template bindings={}--><div class="no-data">
                F
            </div><div class="no-data">
                S
            </div><div class="no-data">
                S
            </div><div class="no-data">
                M
            </div><div class="no-data">
                T
            </div><div class="no-data">
                W
            </div><div class="no-data">
                T
            </div>
    </div>
</div></jhi-weekdays>
        </td>
        <!--template bindings={}--><td class="body">
            <!--template bindings={}-->
        </td>
        <td class="body"></td>
    </tr><tr class="clickable">
        <td class="body"></td>
        
        
        
        
        <td class="right-border body">
            <p class="name">Amaya-Barajas, Veronica</p>
            <!--template bindings={}-->
            <!--template bindings={}--><p class="grey">LAST ACTIVE 3 days ago </p>
            <!--template bindings={}--><span>
            <p class="red">
                Disconnect Requested
            </p>
            <!--template bindings={}-->
            </span>
        </td>
        <td class="center body">
            <!--template bindings={}--><p>65%</p>
            <!--template bindings={}-->
        </td>
        <td class="center body">
            <!--template bindings={}--><p>
                1/2</p>
            <!--template bindings={}-->
        </td>
        <!--template bindings={}-->
        <td class="left-border body center daily-adherence">
            <jhi-weekdays><div class="weekdays-wrapper">
    <div class="weekdays">
            
            <!--template bindings={}--><div class="no-adherence">
                F
            </div><div class="no-adherence">
                S
            </div><div class="full-adherence">
                S
            </div><div class="full-adherence">
                M
            </div><div class="full-adherence">
                T
            </div><div class="some-adherence">
                W
            </div><div class="full-adherence">
                T
            </div>
    </div>
    <div class="weekdays">
            
            <!--template bindings={}--><div class="no-adherence">
                F
            </div><div class="some-adherence">
                S
            </div><div class="no-data">
                S
            </div><div class="no-data">
                M
            </div><div class="no-data">
                T
            </div><div class="no-data">
                W
            </div><div class="no-data">
                T
            </div>
    </div>
</div></jhi-weekdays>
        </td>
        <!--template bindings={}--><td class="body">
            <!--template bindings={}-->
        </td>
        <td class="body"></td>
    </tr><tr class="clickable">
        <td class="body"></td>
        
        
        
        
        <td class="right-border body">
            <p class="name">AReview , AGraph</p>
            <!--template bindings={}--><p>
                Connected</p>
            <!--template bindings={}--><p class="grey">LAST ACTIVE 3 hours ago </p>
            <!--template bindings={}-->
        </td>
        <td class="center body">
            <!--template bindings={}--><p>5%</p>
            <!--template bindings={}-->
        </td>
        <td class="center body">
            <!--template bindings={}--><p>
                0/0</p>
            <!--template bindings={}-->
        </td>
        <!--template bindings={}-->
        <td class="left-border body center daily-adherence">
            <jhi-weekdays><div class="weekdays-wrapper">
    <div class="weekdays">
            
            <!--template bindings={}--><div class="no-adherence">
                F
            </div><div class="no-adherence">
                S
            </div><div class="no-adherence">
                S
            </div><div class="no-adherence">
                M
            </div><div class="no-adherence">
                T
            </div><div class="no-adherence">
                W
            </div><div class="no-adherence">
                T
            </div>
    </div>
    <div class="weekdays">
            
            <!--template bindings={}--><div class="no-adherence">
                F
            </div><div class="no-adherence">
                S
            </div><div class="no-data">
                S
            </div><div class="no-data">
                M
            </div><div class="no-data">
                T
            </div><div class="no-data">
                W
            </div><div class="no-data">
                T
            </div>
    </div>
</div></jhi-weekdays>
        </td>
        <!--template bindings={}--><td class="body">
            <!--template bindings={}--><img alt="alert" src="../bundles/frontend/img/alert-1.svg" />
        </td>
        <td class="body"></td>
    </tr><tr class="clickable">
        <td class="body"></td>
        
        
        
        
        <td class="right-border body">
            <p class="name">B, Saurin</p>
            <!--template bindings={}--><p>
                Connected</p>
            <!--template bindings={}--><p class="grey">LAST ACTIVE 20 days ago </p>
            <!--template bindings={}-->
        </td>
        <td class="center body">
            <!--template bindings={}--><p>0%</p>
            <!--template bindings={}-->
        </td>
        <td class="center body">
            <!--template bindings={}--><p>
                0/0</p>
            <!--template bindings={}-->
        </td>
        <!--template bindings={}-->
        <td class="left-border body center daily-adherence">
            <jhi-weekdays><div class="weekdays-wrapper">
    <div class="weekdays">
            
            <!--template bindings={}--><div class="no-data">
                F
            </div><div class="no-data">
                S
            </div><div class="no-data">
                S
            </div><div class="no-data">
                M
            </div><div class="no-data">
                T
            </div><div class="no-data">
                W
            </div><div class="no-data">
                T
            </div>
    </div>
    <div class="weekdays">
            
            <!--template bindings={}--><div class="no-data">
                F
            </div><div class="no-data">
                S
            </div><div class="no-data">
                S
            </div><div class="no-data">
                M
            </div><div class="no-data">
                T
            </div><div class="no-data">
                W
            </div><div class="no-data">
                T
            </div>
    </div>
</div></jhi-weekdays>
        </td>
        <!--template bindings={}--><td class="body">
            <!--template bindings={}-->
        </td>
        <td class="body"></td>
    </tr><tr class="clickable">
        <td class="body"></td>
        
        
        
        
        <td class="right-border body">
            <p class="name">Barajas-Amaya, Verito</p>
            <!--template bindings={}--><p>
                Connected</p>
            <!--template bindings={}--><p class="grey">LAST ACTIVE 20 days ago </p>
            <!--template bindings={}-->
        </td>
        <td class="center body">
            <!--template bindings={}--><p>10%</p>
            <!--template bindings={}-->
        </td>
        <td class="center body">
            <!--template bindings={}--><p>
                2/3</p>
            <!--template bindings={}-->
        </td>
        <!--template bindings={}-->
        <td class="left-border body center daily-adherence">
            <jhi-weekdays><div class="weekdays-wrapper">
    <div class="weekdays">
            
            <!--template bindings={}--><div class="no-adherence">
                F
            </div><div class="no-adherence">
                S
            </div><div class="no-adherence">
                S
            </div><div class="no-adherence">
                M
            </div><div class="no-adherence">
                T
            </div><div class="no-adherence">
                W
            </div><div class="no-adherence">
                T
            </div>
    </div>
    <div class="weekdays">
            
            <!--template bindings={}--><div class="no-adherence">
                F
            </div><div class="no-adherence">
                S
            </div><div class="no-data">
                S
            </div><div class="no-data">
                M
            </div><div class="no-data">
                T
            </div><div class="no-data">
                W
            </div><div class="no-data">
                T
            </div>
    </div>
</div></jhi-weekdays>
        </td>
        <!--template bindings={}--><td class="body">
            <!--template bindings={}--><img alt="alert" src="../bundles/frontend/img/alert-1.svg" />
        </td>
        <td class="body"></td>
    </tr><tr class="clickable">
        <td class="body"></td>
        
        
        
        
        <td class="right-border body">
            <p class="name">Bobena, Tina</p>
            <!--template bindings={}--><p>
                Connected</p>
            <!--template bindings={}--><p class="grey">LAST ACTIVE 7 days ago </p>
            <!--template bindings={}-->
        </td>
        <td class="center body">
            <!--template bindings={}--><p>25%</p>
            <!--template bindings={}-->
        </td>
        <td class="center body">
            <!--template bindings={}--><p>
                12/44</p>
            <!--template bindings={}-->
        </td>
        <!--template bindings={}-->
        <td class="left-border body center daily-adherence">
            <jhi-weekdays><div class="weekdays-wrapper">
    <div class="weekdays">
            
            <!--template bindings={}--><div class="no-adherence">
                F
            </div><div class="no-adherence">
                S
            </div><div class="no-adherence">
                S
            </div><div class="no-adherence">
                M
            </div><div class="no-adherence">
                T
            </div><div class="no-adherence">
                W
            </div><div class="some-adherence">
                T
            </div>
    </div>
    <div class="weekdays">
            
            <!--template bindings={}--><div class="no-adherence">
                F
            </div><div class="no-adherence">
                S
            </div><div class="no-data">
                S
            </div><div class="no-data">
                M
            </div><div class="no-data">
                T
            </div><div class="no-data">
                W
            </div><div class="no-data">
                T
            </div>
    </div>
</div></jhi-weekdays>
        </td>
        <!--template bindings={}--><td class="body">
            <!--template bindings={}--><img alt="alert" src="../bundles/frontend/img/alert-1.svg" />
        </td>
        <td class="body"></td>
    </tr><tr class="clickable">
        <td class="body"></td>
        
        
        
        
        <td class="right-border body">
            <p class="name">Cap, Review</p>
            <!--template bindings={}--><p>
                Connected</p>
            <!--template bindings={}--><p class="grey">LAST ACTIVE 5 days ago </p>
            <!--template bindings={}-->
        </td>
        <td class="center body">
            <!--template bindings={}--><p>28%</p>
            <!--template bindings={}-->
        </td>
        <td class="center body">
            <!--template bindings={}--><p>
                0/0</p>
            <!--template bindings={}-->
        </td>
        <!--template bindings={}-->
        <td class="left-border body center daily-adherence">
            <jhi-weekdays><div class="weekdays-wrapper">
    <div class="weekdays">
            
            <!--template bindings={}--><div class="no-data">
                F
            </div><div class="no-data">
                S
            </div><div class="no-data">
                S
            </div><div class="no-data">
                M
            </div><div class="no-data">
                T
            </div><div class="no-data">
                W
            </div><div class="full-adherence">
                T
            </div>
    </div>
    <div class="weekdays">
            
            <!--template bindings={}--><div class="some-adherence">
                F
            </div><div class="some-adherence">
                S
            </div><div class="no-data">
                S
            </div><div class="no-data">
                M
            </div><div class="no-data">
                T
            </div><div class="no-data">
                W
            </div><div class="no-data">
                T
            </div>
    </div>
</div></jhi-weekdays>
        </td>
        <!--template bindings={}--><td class="body">
            <!--template bindings={}--><img alt="alert" src="../bundles/frontend/img/alert-1.svg" />
        </td>
        <td class="body"></td>
    </tr>
    </tbody>
</table>


<!--template bindings={}-->

<!--template bindings={}--><div class="pagination-wrapper">
    <div class="page-info">
        <span>
            <!--template bindings={}--><span>1 -</span>
            10 OF 791
        </span>
    </div>
    <div class="pagination-controls-wrapper">
        <button class="page-button-left disabled">
            <img alt="backward" src="/bundles/frontend/img/cal_arrow_left.svg" />
        </button>
        <button class="page-button-right">
            <img alt="forward" src="/bundles/frontend/img/cal_arrow_right.svg" />
        </button>
    </div>
</div>

<jhi-connection-request-modal>
</jhi-connection-request-modal>
</jhi-patient-list>
        <!--template bindings={}-->
    </div>
</div>
<!--template bindings={}--><footer class="adherence-legend">
    <!--template bindings={}--><img alt="alert" src="/bundles/frontend/img/alert-1.svg" />
    <span class="uppercase grey bold">
        Missed all doses for last 3 days
    </span>
    <div class="legend-icon progress-none-two-week"></div>
    <span class="uppercase grey bold">
        No Data
    </span>
    <div class="legend-icon progress-error"></div>
    <span class="uppercase grey bold">
        Missed All
    </span>
    <div class="legend-icon progress-warning"></div>
    <span class="uppercase grey bold">
        Missed Some
    </span>
    <div class="legend-icon progress-success"></div>
    <span class="uppercase grey bold">
        Took All
    </span>
</footer>
<!--template bindings={}--><div>
    <!--template bindings={}--><jhi-disclaimer><footer>
    <p class="footer disclaimer">The patient information on this site is derived from the patient self-reported information from users of the Care4Today® Connect Application, which is intended to be used as a helpful medication, appointment, and activity reminder tool. It can also include condition related educational content. It is not intended to be relied upon as a primary method for scheduling when a patient takes their medication or what medication to take nor is the Application intended to, and does not, identify any drug-drug interaction. Any adherence percentage, even a very high one, may not be relied upon as an indicator that the patient is taking medications when and as prescribed. Patient self-reported activities are not intended to take the place of the patient reporting any changes in their health status to a qualified healthcare professional. For further information, refer to the Important HCP Portal Information and Terms of Use.
</p>
</footer></jhi-disclaimer>
</div></jhi-patient></jhi-patient-app>
      </div>
    </div>
  </div>
  </div>

      <footer class="legal-notice">
    <p class="link-list">
        <a class="legal-link" href="/docs/portal-legal.html#appInfo" target="_blank">Important
            HCP Portal Information</a> •
        <a class="legal-link" href="/docs/portal-legal.html#terms" target="_blank">Terms of Use</a> •
        <a class="legal-link" href="/docs/portal-legal.html#privacy" target="_blank">Privacy Policy</a> •
        <a class="legal-link" href="/docs/portal-legal.html#support" target="_blank">Support</a>
    </p>
    <p>
        © Janssen Diagnostics, LLC. 2016. All Rights Reserved. This site is published by Janssen Diagnostics, LLC,
        which is solely responsible for its contents. Please read our Important HCP Portal Information, Privacy Policy
        and Terms of Use. This site is intended for use by residents of the United States. All trademarks used herein
        are registered trademarks of their respective owners. This page was last modified on: October 12, 2016.
    </p>
</footer>
  
  <script>
      drugDbNamesUrl = 'https://drugdb.jhiplatform.services/api/v1/us/drug_names.json';
      drugDbDrugsUrl = 'https://drugdb.jhiplatform.services/api/v1/us/drugs.json';
  </script>

    
  
  <script src="/js/patient.en_US.bundle.js"></script>

<!-- Google Tag Manager -->
<noscript>&lt;iframe src="//www.googletagmanager.com/ns.html?id=GTM-TXQ92X"
                  height="0" width="0" style="display:none;visibility:hidden"&gt;&lt;/iframe&gt;</noscript>
<script>
    (function(w,d,s,l,i){w[l]=w[l]||[];w[l].push({'gtm.start':
            new Date().getTime(),event:'gtm.js'});var f=d.getElementsByTagName(s)[0],
            j=d.createElement(s),dl=l!='dataLayer'?'&amp;l='+l:'';j.async=true;j.src=
            '//www.googletagmanager.com/gtm.js?id='+i+dl;f.parentNode.insertBefore(j,f);
    })(window,document,'script','dataLayer','GTM-TXQ92X');
</script>
<!-- End Google Tag Manager -->

<modal class="patient-form modal fade" role="dialog" tabindex="-1" data-keyboard="false" data-backdrop="static">
        <div class="modal-dialog modal-sm">
            <div class="modal-content">
                
    <modal-header>
        <div class="modal-header">
            <!--template bindings={}--><button aria-label="Close" class="close" data-dismiss="modal" type="button">
                <span aria-hidden="true">?</span>
            </button>
            
        </div>
    </modal-header>
    <modal-body class="connection-request">
        <div class="modal-body">
            
        <!--template bindings={}-->
        
        <!--template bindings={}-->
        
        <!--template bindings={}--><div id="decline-patient-connection-form">
            <h1 class="uppercase">
                decline patient
            </h1>
            <p>
                If you decline this patient, they will not be part of your organization and you will not be able to see any of their data from the application. Are you sure you want to decline
                <strong> </strong>?
            </p>
            <div class="button-group">
                <div>
                    <button class="pill long" id="decline-patient-connection-button" type="button">
                        Yes, decline
                    </button>
                </div>
                <div class="connection-request-lower-button">
                    <button class="pill long inverse" id="cancel-patient-connection-button" type="button">
                        Cancel
                    </button>
                </div>
            </div>
        </div>
    
        </div>
    </modal-body>

            </div>
        </div>
    </modal></body></html>
[INFO ] 2017-02-23 02:29:00.682 [main] LoginPage - Logging in with k2095084@mvrht.com / test1234
[INFO ] 2017-02-23 02:29:15.695 [main] MainPage - Hovering the mouse over important information tooltip
[INFO ] 2017-02-23 02:29:20.898 [main] Utils - Taken screenshot screenshot2127891861685695146.png
[INFO ] 2017-02-23 02:29:21.344 [main] MainPage - Searching for text Notexistingtext3w33rer
[ERROR] 2017-02-23 02:29:35.270 [main] Page - <!DOCTYPE html><html xmlns="http://www.w3.org/1999/xhtml"><head>
    <title>Care 4 Today | Patient List</title>
    <meta name="viewport" content="width=device-width, initial-scale=1.0" />

                        <link type="text/css" rel="stylesheet" media="all" href="/css/68b6af8.css" />
            
            <script type="text/javascript" async="" src="https://www.google-analytics.com/analytics.js"></script><script async="" src="//www.googletagmanager.com/gtm.js?id=GTM-TXQ92X"></script><script src="/js/969f596.js"></script>
        <script src="/js/vendor.bundle.js"></script>
    <script src="/js/commons.chunk.bundle.js"></script>
<base href="/" /></head>
<body>
  <div class="main-content">
      <div class="app-body">
    <nav class="navbar navbar-default">
  <div class="container">
    <div class="navbar-header">
      <button type="button" class="navbar-toggle collapsed" data-toggle="collapse" data-target="#navbar-collapse-1">
        <span class="sr-only">Toggle navigation</span>
        <span class="icon-bar"></span>
        <span class="icon-bar"></span>
        <span class="icon-bar"></span>
      </button>
      <a class="navbar-brand" href="/patient/page">
        <img height="30" src="/bundles/frontend/img/navbar/jnj_c4t_logo_color_rgb.png" alt="logo" />
      </a>
    </div>

    <!-- Collect the nav links, forms, and other content for toggling -->
    <div class="collapse navbar-collapse" id="navbar-collapse-1">
      <ul class="nav navbar-nav">
        <li class="active">
          <a href="/patient/page">
            Patients
          </a>
          <div class="arrow-up"></div>        </li>
                  <li class="">
            <a href="/hcp/">Admin</a>
                      </li>
                      </ul>
      <jhi-nav-app><jhi-search><div class="navbar-right navbar-tools">
    <!--template bindings={}-->
    <input autocomplete="off" class="global-search ng-untouched ng-pristine ng-valid" id="global-search-input" name="global-search" type="text" placeholder="Search..." />
    <jhi-profile-dropdown><a class="user-profile">
    <div class="dropdown">
        <img alt="update profile" class="clickable" src="/bundles/frontend/img/navbar/update_profile.svg" />
        <!--template bindings={}--><img alt="toggle" src="/bundles/frontend/img/navbar/triangle_collapsed.svg" />
        <!--template bindings={}-->
        <div class="dropdown-content">
            <p id="profile-user-name-dropdown">autotest user</p>
            <!--template bindings={}--><a id="profile-my-profile-dropdown">
                My profile
            </a>
            <!--template bindings={}-->
            <hr />
            <a id="profile-log-out-dropdown">
                Log Out
            </a>
        </div>
    </div>
</a></jhi-profile-dropdown>
</div></jhi-search></jhi-nav-app>
    </div><!-- /.navbar-collapse -->
  </div><!-- /.container-fluid -->
</nav>
  <script src="/js/nav.en_US.bundle.js"></script>
    <div class="container">
      <div class="main-content">
        <jhi-patient-app><router-outlet></router-outlet><jhi-patient><div>
    <div class="col-xs-12 heading">
        <h1>
            PATIENTS
        </h1>
        <h1 class="question-mark clickable" id="patient-important-info-tooltip" tooltipplacement="bottom"></h1><tooltip-container><div class="tooltip bottom tooltip-bottom in fade" role="tooltip" style="top: 41px; left: -66.3594px; display: block; background-color: rgba(0, 0, 0, 0);">
      <div class="tooltip-arrow"></div>
      <!--template bindings={}--><div class="tooltip-inner"><h4>Important Information</h4>The adherence percentage is calculated by the number of doses that have been indicated as taken, divided by the number of doses scheduled over the last 30 days. It should not be relied upon as an indicator that medication is being taken as prescribed. <br /><br /> Appointment attendance is defined by attended appointments divided by the total number of appointments over the last 30 days. <br /><br /> <h5>Medication Adherence Legend</h5><ul><li>Missed All (Red)</li> <li>Missed Some (Yellow)</li> <li>Took All (Green)</li></ul>
</div>
      <!--template bindings={}-->
      <!--template bindings={}-->
    </div></tooltip-container>
        <!--template bindings={}-->
        
        <!--template bindings={}-->
    </div>
</div>
<div class="row">
    <jhi-patient-sidenav><div class="col-md-3 col-sm-12 hidden-sm hidden-xs side-nav-bar">
    <ul class="custom-nav">
        <li class="parent-nav selected-nav" id="allPatientsAlertsTab">
                <span class="nav-label">ALL PATIENTS</span>
            <div class="arrow-left"></div>
        </li>
        <!--template bindings={}--><li class="child-nav" id="patients-with-alerts-tab">
            <img alt="alert indicator" src="../bundles/frontend/img/patientswithalerts.svg" />
            <img alt="alert indicator" src="../bundles/frontend/img/patientswithalerts_white.svg" hidden="" />
                <span class="nav-label">PATIENTS WITH ALERTS</span>
            <div class="arrow-left"></div>
        </li>
        <li class="child-nav" id="pending-disconnect-tab">
            <img alt="disconnected indicator" src="../bundles/frontend/img/disconnected.svg" />
            <img alt="disconnected indicator" src="../bundles/frontend/img/disconnected_white.svg" hidden="" />
                <span class="nav-label">PENDING DISCONNECT</span>
            <div class="arrow-left"></div>
        </li>
        <li class="parent-nav" id="connection-requests-tab">
                <span class="nav-label">CONNECTION REQUESTS</span>
            <div class="arrow-left"></div>
        </li>
    </ul>
</div>
<div class="col-sm-12 visible-sm side-nav-bar">
    <ul class="nav nav-pills">
        <li class="parent-nav selected-nav">
            <a>
                <span class="nav-label">ALL PATIENTS</span>
            </a>
        </li>
        <!--template bindings={}--><li class="child-nav">
            <a>
                <img alt="alert indicator" src="../bundles/frontend/img/patientswithalerts.svg" />
                <img alt="alert indicator" src="../bundles/frontend/img/patientswithalerts_white.svg" hidden="" />
                <span class="nav-label">PATIENTS WITH ALERTS</span>
            </a>
        </li>
        <li class="child-nav">
            <a>
                <img alt="disconnected indicator" src="../bundles/frontend/img/disconnected.svg" />
                <img alt="disconnected indicator" src="../bundles/frontend/img/disconnected_white.svg" hidden="" />
                <span class="nav-label">PENDING DISCONNECT</span>
            </a>
        </li>
        <li class="parent-nav">
            <a>
                <span class="nav-label">CONNECTION REQUESTS</span>
            </a>
        </li>
    </ul>
</div>
<div class="col-xs-12 visible-xs dropdown side-nav-bar side-nav-xs">
    <button aria-expanded="true" aria-haspopup="true" class="btn btn-default btn-lg dropdown-toggle parent-nav" data-toggle="dropdown" id="dropdownMenu1" type="button">
            <span class="nav-label">ALL PATIENTS</span>
        <span aria-hidden="true" class="caret"></span>
    </button>
    <ul aria-labelledby="dropdownMenu1" class="dropdown-menu nav">
        <li class="parent-nav selected-nav">
            <a>
                <span class="nav-label">ALL PATIENTS</span>
            </a>
        </li>
        <!--template bindings={}--><li class="child-nav">
            <a>
                <img alt="alert indicator" src="../bundles/frontend/img/patientswithalerts.svg" />
                <img alt="alert indicator" src="../bundles/frontend/img/patientswithalerts_white.svg" hidden="" />
                <span class="nav-label">PATIENTS WITH ALERTS</span>
            </a>
        </li>
        <li class="child-nav">
            <a>
                <img alt="disconnected indicator" src="../bundles/frontend/img/disconnected.svg" />
                <img alt="disconnected indicator" src="../bundles/frontend/img/disconnected_white.svg" hidden="" />
                <span class="nav-label">PENDING DISCONNECT</span>
            </a>
        </li>
        <li class="parent-nav">
            <a>
                <span class="nav-label">CONNECTION REQUESTS</span>
            </a>
        </li>
    </ul>
</div></jhi-patient-sidenav>
    <div class="col-md-9 col-sm-12">
        <div class="sorting-wrapper">
            <span class="grey bold">791 TOTAL PATIENTS</span>
            <span class="sort-info bold uppercase">
                Sort By:
                <span class="grey bold">NAME</span>
                <img alt="downarrow" src="../bundles/frontend/img/cal_arrow_left.svg" />
            </span>
            <!--template bindings={}-->
        </div>
        <!--template bindings={}--><jhi-patient-list>
<!--template bindings={}--><table class="patient-table table">
    <thead class="table-title">
    <tr>
        <th class="header"></th>
        <th class="right-border header" colspan="1"><p>
            PATIENT
        </p></th>
        <th class="center header">
            <p>
                Medication <br /> <span>adherence</span>
            </p>
        </th>
        <th class="center header">
            <p>
                Appointment <br /> <span>attendance</span>
            </p>
        </th>
        <!--template bindings={}-->
        <th class="left-border header daily-adherence"><p>
            DAILY MEDICATION <br /> adherence
        </p></th>
        <th class="header"></th>
    </tr>
    </thead>
    <tbody class="one">
    <!--template bindings={}--><tr class="clickable">
        <td class="body"></td>
        
        
        
        
        <td class="right-border body">
            <p class="name">AA dos, Review dos</p>
            <!--template bindings={}--><p>
                Connected</p>
            <!--template bindings={}--><p class="grey">LAST ACTIVE 2 hours ago </p>
            <!--template bindings={}-->
        </td>
        <td class="center body">
            <!--template bindings={}--><p>8%</p>
            <!--template bindings={}-->
        </td>
        <td class="center body">
            <!--template bindings={}--><p>
                8/35</p>
            <!--template bindings={}-->
        </td>
        <!--template bindings={}-->
        <td class="left-border body center daily-adherence">
            <jhi-weekdays><div class="weekdays-wrapper">
    <div class="weekdays">
            
            <!--template bindings={}--><div class="no-adherence">
                F
            </div><div class="no-adherence">
                S
            </div><div class="no-adherence">
                S
            </div><div class="no-adherence">
                M
            </div><div class="no-adherence">
                T
            </div><div class="no-adherence">
                W
            </div><div class="no-adherence">
                T
            </div>
    </div>
    <div class="weekdays">
            
            <!--template bindings={}--><div class="no-adherence">
                F
            </div><div class="no-adherence">
                S
            </div><div class="no-adherence">
                S
            </div><div class="no-adherence">
                M
            </div><div class="no-adherence">
                T
            </div><div class="some-adherence">
                W
            </div><div class="some-adherence">
                T
            </div>
    </div>
</div></jhi-weekdays>
        </td>
        <!--template bindings={}--><td class="body">
            <!--template bindings={}-->
        </td>
        <td class="body"></td>
    </tr><tr class="clickable">
        <td class="body"></td>
        
        
        
        
        <td class="right-border body">
            <p class="name">AA Review Uno, AA Review Uno</p>
            <!--template bindings={}--><p>
                Connected</p>
            <!--template bindings={}--><p class="grey">LAST ACTIVE a month ago </p>
            <!--template bindings={}-->
        </td>
        <td class="center body">
            <!--template bindings={}--><p>0%</p>
            <!--template bindings={}-->
        </td>
        <td class="center body">
            <!--template bindings={}--><p>
                0/58</p>
            <!--template bindings={}-->
        </td>
        <!--template bindings={}-->
        <td class="left-border body center daily-adherence">
            <jhi-weekdays><div class="weekdays-wrapper">
    <div class="weekdays">
            
            <!--template bindings={}--><div class="no-adherence">
                F
            </div><div class="no-adherence">
                S
            </div><div class="no-adherence">
                S
            </div><div class="no-adherence">
                M
            </div><div class="no-adherence">
                T
            </div><div class="no-adherence">
                W
            </div><div class="no-adherence">
                T
            </div>
    </div>
    <div class="weekdays">
            
            <!--template bindings={}--><div class="no-adherence">
                F
            </div><div class="no-adherence">
                S
            </div><div class="no-adherence">
                S
            </div><div class="no-adherence">
                M
            </div><div class="no-adherence">
                T
            </div><div class="no-adherence">
                W
            </div><div class="no-adherence">
                T
            </div>
    </div>
</div></jhi-weekdays>
        </td>
        <!--template bindings={}--><td class="body">
            <!--template bindings={}--><img alt="alert" src="../bundles/frontend/img/alert-1.svg" />
        </td>
        <td class="body"></td>
    </tr><tr class="clickable">
        <td class="body"></td>
        
        
        
        
        <td class="right-border body">
            <p class="name">AA Tres, Review Tres</p>
            <!--template bindings={}--><p>
                Connected</p>
            <!--template bindings={}--><p class="grey">LAST ACTIVE 6 days ago </p>
            <!--template bindings={}-->
        </td>
        <td class="center body">
            <!--template bindings={}--><p>0%</p>
            <!--template bindings={}-->
        </td>
        <td class="center body">
            <!--template bindings={}--><p>
                0/0</p>
            <!--template bindings={}-->
        </td>
        <!--template bindings={}-->
        <td class="left-border body center daily-adherence">
            <jhi-weekdays><div class="weekdays-wrapper">
    <div class="weekdays">
            
            <!--template bindings={}--><div class="no-data">
                F
            </div><div class="no-data">
                S
            </div><div class="no-data">
                S
            </div><div class="no-data">
                M
            </div><div class="no-data">
                T
            </div><div class="no-data">
                W
            </div><div class="no-data">
                T
            </div>
    </div>
    <div class="weekdays">
            
            <!--template bindings={}--><div class="no-data">
                F
            </div><div class="no-data">
                S
            </div><div class="no-data">
                S
            </div><div class="no-data">
                M
            </div><div class="no-data">
                T
            </div><div class="no-data">
                W
            </div><div class="no-data">
                T
            </div>
    </div>
</div></jhi-weekdays>
        </td>
        <!--template bindings={}--><td class="body">
            <!--template bindings={}-->
        </td>
        <td class="body"></td>
    </tr><tr class="clickable">
        <td class="body"></td>
        
        
        
        
        <td class="right-border body">
            <p class="name">Account , Delete </p>
            <!--template bindings={}-->
            <!--template bindings={}--><p class="grey">LAST ACTIVE 7 days ago </p>
            <!--template bindings={}--><span>
            <p class="red">
                Disconnect Requested
            </p>
            <!--template bindings={}-->
            </span>
        </td>
        <td class="center body">
            <!--template bindings={}--><p>0%</p>
            <!--template bindings={}-->
        </td>
        <td class="center body">
            <!--template bindings={}--><p>
                0/2</p>
            <!--template bindings={}-->
        </td>
        <!--template bindings={}-->
        <td class="left-border body center daily-adherence">
            <jhi-weekdays><div class="weekdays-wrapper">
    <div class="weekdays">
            
            <!--template bindings={}--><div class="no-data">
                F
            </div><div class="no-data">
                S
            </div><div class="no-data">
                S
            </div><div class="no-data">
                M
            </div><div class="no-data">
                T
            </div><div class="no-data">
                W
            </div><div class="no-adherence">
                T
            </div>
    </div>
    <div class="weekdays">
            
            <!--template bindings={}--><div class="no-data">
                F
            </div><div class="no-data">
                S
            </div><div class="no-data">
                S
            </div><div class="no-data">
                M
            </div><div class="no-data">
                T
            </div><div class="no-data">
                W
            </div><div class="no-data">
                T
            </div>
    </div>
</div></jhi-weekdays>
        </td>
        <!--template bindings={}--><td class="body">
            <!--template bindings={}-->
        </td>
        <td class="body"></td>
    </tr><tr class="clickable">
        <td class="body"></td>
        
        
        
        
        <td class="right-border body">
            <p class="name">Amaya-Barajas, Veronica</p>
            <!--template bindings={}-->
            <!--template bindings={}--><p class="grey">LAST ACTIVE 3 days ago </p>
            <!--template bindings={}--><span>
            <p class="red">
                Disconnect Requested
            </p>
            <!--template bindings={}-->
            </span>
        </td>
        <td class="center body">
            <!--template bindings={}--><p>65%</p>
            <!--template bindings={}-->
        </td>
        <td class="center body">
            <!--template bindings={}--><p>
                1/2</p>
            <!--template bindings={}-->
        </td>
        <!--template bindings={}-->
        <td class="left-border body center daily-adherence">
            <jhi-weekdays><div class="weekdays-wrapper">
    <div class="weekdays">
            
            <!--template bindings={}--><div class="no-adherence">
                F
            </div><div class="no-adherence">
                S
            </div><div class="full-adherence">
                S
            </div><div class="full-adherence">
                M
            </div><div class="full-adherence">
                T
            </div><div class="some-adherence">
                W
            </div><div class="full-adherence">
                T
            </div>
    </div>
    <div class="weekdays">
            
            <!--template bindings={}--><div class="no-adherence">
                F
            </div><div class="some-adherence">
                S
            </div><div class="no-data">
                S
            </div><div class="no-data">
                M
            </div><div class="no-data">
                T
            </div><div class="no-data">
                W
            </div><div class="no-data">
                T
            </div>
    </div>
</div></jhi-weekdays>
        </td>
        <!--template bindings={}--><td class="body">
            <!--template bindings={}-->
        </td>
        <td class="body"></td>
    </tr><tr class="clickable">
        <td class="body"></td>
        
        
        
        
        <td class="right-border body">
            <p class="name">AReview , AGraph</p>
            <!--template bindings={}--><p>
                Connected</p>
            <!--template bindings={}--><p class="grey">LAST ACTIVE 3 hours ago </p>
            <!--template bindings={}-->
        </td>
        <td class="center body">
            <!--template bindings={}--><p>5%</p>
            <!--template bindings={}-->
        </td>
        <td class="center body">
            <!--template bindings={}--><p>
                0/0</p>
            <!--template bindings={}-->
        </td>
        <!--template bindings={}-->
        <td class="left-border body center daily-adherence">
            <jhi-weekdays><div class="weekdays-wrapper">
    <div class="weekdays">
            
            <!--template bindings={}--><div class="no-adherence">
                F
            </div><div class="no-adherence">
                S
            </div><div class="no-adherence">
                S
            </div><div class="no-adherence">
                M
            </div><div class="no-adherence">
                T
            </div><div class="no-adherence">
                W
            </div><div class="no-adherence">
                T
            </div>
    </div>
    <div class="weekdays">
            
            <!--template bindings={}--><div class="no-adherence">
                F
            </div><div class="no-adherence">
                S
            </div><div class="no-data">
                S
            </div><div class="no-data">
                M
            </div><div class="no-data">
                T
            </div><div class="no-data">
                W
            </div><div class="no-data">
                T
            </div>
    </div>
</div></jhi-weekdays>
        </td>
        <!--template bindings={}--><td class="body">
            <!--template bindings={}--><img alt="alert" src="../bundles/frontend/img/alert-1.svg" />
        </td>
        <td class="body"></td>
    </tr><tr class="clickable">
        <td class="body"></td>
        
        
        
        
        <td class="right-border body">
            <p class="name">B, Saurin</p>
            <!--template bindings={}--><p>
                Connected</p>
            <!--template bindings={}--><p class="grey">LAST ACTIVE 20 days ago </p>
            <!--template bindings={}-->
        </td>
        <td class="center body">
            <!--template bindings={}--><p>0%</p>
            <!--template bindings={}-->
        </td>
        <td class="center body">
            <!--template bindings={}--><p>
                0/0</p>
            <!--template bindings={}-->
        </td>
        <!--template bindings={}-->
        <td class="left-border body center daily-adherence">
            <jhi-weekdays><div class="weekdays-wrapper">
    <div class="weekdays">
            
            <!--template bindings={}--><div class="no-data">
                F
            </div><div class="no-data">
                S
            </div><div class="no-data">
                S
            </div><div class="no-data">
                M
            </div><div class="no-data">
                T
            </div><div class="no-data">
                W
            </div><div class="no-data">
                T
            </div>
    </div>
    <div class="weekdays">
            
            <!--template bindings={}--><div class="no-data">
                F
            </div><div class="no-data">
                S
            </div><div class="no-data">
                S
            </div><div class="no-data">
                M
            </div><div class="no-data">
                T
            </div><div class="no-data">
                W
            </div><div class="no-data">
                T
            </div>
    </div>
</div></jhi-weekdays>
        </td>
        <!--template bindings={}--><td class="body">
            <!--template bindings={}-->
        </td>
        <td class="body"></td>
    </tr><tr class="clickable">
        <td class="body"></td>
        
        
        
        
        <td class="right-border body">
            <p class="name">Barajas-Amaya, Verito</p>
            <!--template bindings={}--><p>
                Connected</p>
            <!--template bindings={}--><p class="grey">LAST ACTIVE 20 days ago </p>
            <!--template bindings={}-->
        </td>
        <td class="center body">
            <!--template bindings={}--><p>10%</p>
            <!--template bindings={}-->
        </td>
        <td class="center body">
            <!--template bindings={}--><p>
                2/3</p>
            <!--template bindings={}-->
        </td>
        <!--template bindings={}-->
        <td class="left-border body center daily-adherence">
            <jhi-weekdays><div class="weekdays-wrapper">
    <div class="weekdays">
            
            <!--template bindings={}--><div class="no-adherence">
                F
            </div><div class="no-adherence">
                S
            </div><div class="no-adherence">
                S
            </div><div class="no-adherence">
                M
            </div><div class="no-adherence">
                T
            </div><div class="no-adherence">
                W
            </div><div class="no-adherence">
                T
            </div>
    </div>
    <div class="weekdays">
            
            <!--template bindings={}--><div class="no-adherence">
                F
            </div><div class="no-adherence">
                S
            </div><div class="no-data">
                S
            </div><div class="no-data">
                M
            </div><div class="no-data">
                T
            </div><div class="no-data">
                W
            </div><div class="no-data">
                T
            </div>
    </div>
</div></jhi-weekdays>
        </td>
        <!--template bindings={}--><td class="body">
            <!--template bindings={}--><img alt="alert" src="../bundles/frontend/img/alert-1.svg" />
        </td>
        <td class="body"></td>
    </tr><tr class="clickable">
        <td class="body"></td>
        
        
        
        
        <td class="right-border body">
            <p class="name">Bobena, Tina</p>
            <!--template bindings={}--><p>
                Connected</p>
            <!--template bindings={}--><p class="grey">LAST ACTIVE 7 days ago </p>
            <!--template bindings={}-->
        </td>
        <td class="center body">
            <!--template bindings={}--><p>25%</p>
            <!--template bindings={}-->
        </td>
        <td class="center body">
            <!--template bindings={}--><p>
                12/44</p>
            <!--template bindings={}-->
        </td>
        <!--template bindings={}-->
        <td class="left-border body center daily-adherence">
            <jhi-weekdays><div class="weekdays-wrapper">
    <div class="weekdays">
            
            <!--template bindings={}--><div class="no-adherence">
                F
            </div><div class="no-adherence">
                S
            </div><div class="no-adherence">
                S
            </div><div class="no-adherence">
                M
            </div><div class="no-adherence">
                T
            </div><div class="no-adherence">
                W
            </div><div class="some-adherence">
                T
            </div>
    </div>
    <div class="weekdays">
            
            <!--template bindings={}--><div class="no-adherence">
                F
            </div><div class="no-adherence">
                S
            </div><div class="no-data">
                S
            </div><div class="no-data">
                M
            </div><div class="no-data">
                T
            </div><div class="no-data">
                W
            </div><div class="no-data">
                T
            </div>
    </div>
</div></jhi-weekdays>
        </td>
        <!--template bindings={}--><td class="body">
            <!--template bindings={}--><img alt="alert" src="../bundles/frontend/img/alert-1.svg" />
        </td>
        <td class="body"></td>
    </tr><tr class="clickable">
        <td class="body"></td>
        
        
        
        
        <td class="right-border body">
            <p class="name">Cap, Review</p>
            <!--template bindings={}--><p>
                Connected</p>
            <!--template bindings={}--><p class="grey">LAST ACTIVE 5 days ago </p>
            <!--template bindings={}-->
        </td>
        <td class="center body">
            <!--template bindings={}--><p>28%</p>
            <!--template bindings={}-->
        </td>
        <td class="center body">
            <!--template bindings={}--><p>
                0/0</p>
            <!--template bindings={}-->
        </td>
        <!--template bindings={}-->
        <td class="left-border body center daily-adherence">
            <jhi-weekdays><div class="weekdays-wrapper">
    <div class="weekdays">
            
            <!--template bindings={}--><div class="no-data">
                F
            </div><div class="no-data">
                S
            </div><div class="no-data">
                S
            </div><div class="no-data">
                M
            </div><div class="no-data">
                T
            </div><div class="no-data">
                W
            </div><div class="full-adherence">
                T
            </div>
    </div>
    <div class="weekdays">
            
            <!--template bindings={}--><div class="some-adherence">
                F
            </div><div class="some-adherence">
                S
            </div><div class="no-data">
                S
            </div><div class="no-data">
                M
            </div><div class="no-data">
                T
            </div><div class="no-data">
                W
            </div><div class="no-data">
                T
            </div>
    </div>
</div></jhi-weekdays>
        </td>
        <!--template bindings={}--><td class="body">
            <!--template bindings={}--><img alt="alert" src="../bundles/frontend/img/alert-1.svg" />
        </td>
        <td class="body"></td>
    </tr>
    </tbody>
</table>


<!--template bindings={}-->

<!--template bindings={}--><div class="pagination-wrapper">
    <div class="page-info">
        <span>
            <!--template bindings={}--><span>1 -</span>
            10 OF 791
        </span>
    </div>
    <div class="pagination-controls-wrapper">
        <button class="page-button-left disabled">
            <img alt="backward" src="/bundles/frontend/img/cal_arrow_left.svg" />
        </button>
        <button class="page-button-right">
            <img alt="forward" src="/bundles/frontend/img/cal_arrow_right.svg" />
        </button>
    </div>
</div>

<jhi-connection-request-modal>
</jhi-connection-request-modal>
</jhi-patient-list>
        <!--template bindings={}-->
    </div>
</div>
<!--template bindings={}--><footer class="adherence-legend">
    <!--template bindings={}--><img alt="alert" src="/bundles/frontend/img/alert-1.svg" />
    <span class="uppercase grey bold">
        Missed all doses for last 3 days
    </span>
    <div class="legend-icon progress-none-two-week"></div>
    <span class="uppercase grey bold">
        No Data
    </span>
    <div class="legend-icon progress-error"></div>
    <span class="uppercase grey bold">
        Missed All
    </span>
    <div class="legend-icon progress-warning"></div>
    <span class="uppercase grey bold">
        Missed Some
    </span>
    <div class="legend-icon progress-success"></div>
    <span class="uppercase grey bold">
        Took All
    </span>
</footer>
<!--template bindings={}--><div>
    <!--template bindings={}--><jhi-disclaimer><footer>
    <p class="footer disclaimer">The patient information on this site is derived from the patient self-reported information from users of the Care4Today® Connect Application, which is intended to be used as a helpful medication, appointment, and activity reminder tool. It can also include condition related educational content. It is not intended to be relied upon as a primary method for scheduling when a patient takes their medication or what medication to take nor is the Application intended to, and does not, identify any drug-drug interaction. Any adherence percentage, even a very high one, may not be relied upon as an indicator that the patient is taking medications when and as prescribed. Patient self-reported activities are not intended to take the place of the patient reporting any changes in their health status to a qualified healthcare professional. For further information, refer to the Important HCP Portal Information and Terms of Use.
</p>
</footer></jhi-disclaimer>
</div></jhi-patient></jhi-patient-app>
      </div>
    </div>
  </div>
  </div>

      <footer class="legal-notice">
    <p class="link-list">
        <a class="legal-link" href="/docs/portal-legal.html#appInfo" target="_blank">Important
            HCP Portal Information</a> •
        <a class="legal-link" href="/docs/portal-legal.html#terms" target="_blank">Terms of Use</a> •
        <a class="legal-link" href="/docs/portal-legal.html#privacy" target="_blank">Privacy Policy</a> •
        <a class="legal-link" href="/docs/portal-legal.html#support" target="_blank">Support</a>
    </p>
    <p>
        © Janssen Diagnostics, LLC. 2016. All Rights Reserved. This site is published by Janssen Diagnostics, LLC,
        which is solely responsible for its contents. Please read our Important HCP Portal Information, Privacy Policy
        and Terms of Use. This site is intended for use by residents of the United States. All trademarks used herein
        are registered trademarks of their respective owners. This page was last modified on: October 12, 2016.
    </p>
</footer>
  
  <script>
      drugDbNamesUrl = 'https://drugdb.jhiplatform.services/api/v1/us/drug_names.json';
      drugDbDrugsUrl = 'https://drugdb.jhiplatform.services/api/v1/us/drugs.json';
  </script>

    
  
  <script src="/js/patient.en_US.bundle.js"></script>

<!-- Google Tag Manager -->
<noscript>&lt;iframe src="//www.googletagmanager.com/ns.html?id=GTM-TXQ92X"
                  height="0" width="0" style="display:none;visibility:hidden"&gt;&lt;/iframe&gt;</noscript>
<script>
    (function(w,d,s,l,i){w[l]=w[l]||[];w[l].push({'gtm.start':
            new Date().getTime(),event:'gtm.js'});var f=d.getElementsByTagName(s)[0],
            j=d.createElement(s),dl=l!='dataLayer'?'&amp;l='+l:'';j.async=true;j.src=
            '//www.googletagmanager.com/gtm.js?id='+i+dl;f.parentNode.insertBefore(j,f);
    })(window,document,'script','dataLayer','GTM-TXQ92X');
</script>
<!-- End Google Tag Manager -->

<modal class="patient-form modal fade" role="dialog" tabindex="-1" data-keyboard="false" data-backdrop="static">
        <div class="modal-dialog modal-sm">
            <div class="modal-content">
                
    <modal-header>
        <div class="modal-header">
            <!--template bindings={}--><button aria-label="Close" class="close" data-dismiss="modal" type="button">
                <span aria-hidden="true">?</span>
            </button>
            
        </div>
    </modal-header>
    <modal-body class="connection-request">
        <div class="modal-body">
            
        <!--template bindings={}-->
        
        <!--template bindings={}-->
        
        <!--template bindings={}--><div id="decline-patient-connection-form">
            <h1 class="uppercase">
                decline patient
            </h1>
            <p>
                If you decline this patient, they will not be part of your organization and you will not be able to see any of their data from the application. Are you sure you want to decline
                <strong> </strong>?
            </p>
            <div class="button-group">
                <div>
                    <button class="pill long" id="decline-patient-connection-button" type="button">
                        Yes, decline
                    </button>
                </div>
                <div class="connection-request-lower-button">
                    <button class="pill long inverse" id="cancel-patient-connection-button" type="button">
                        Cancel
                    </button>
                </div>
            </div>
        </div>
    
        </div>
    </modal-body>

            </div>
        </div>
    </modal></body></html>
[INFO ] 2017-02-23 02:32:27.722 [main] LoginPage - Logging in with k2095084@mvrht.com / test1234
[INFO ] 2017-02-23 02:32:37.441 [main] MainPage - Hovering the mouse over important information tooltip
[INFO ] 2017-02-23 02:33:25.551 [main] LoginPage - Logging in with k2095084@mvrht.com / test1234
[INFO ] 2017-02-23 02:33:35.971 [main] MainPage - Hovering the mouse over important information tooltip
[INFO ] 2017-02-23 02:33:37.044 [main] Utils - Taken screenshot screenshot2408975355800956341.png
[INFO ] 2017-02-23 02:33:37.276 [main] MainPage - Searching for text Notexistingtext3w33rer
[INFO ] 2017-02-23 02:33:39.591 [main] Utils - Taken screenshot screenshot1833550060408617288.png
[INFO ] 2017-02-23 02:33:39.756 [main] MainPage - Navigating to admin page
[INFO ] 2017-02-23 02:33:48.756 [main] AdminPage - Opening new HCP Account form
[INFO ] 2017-02-23 02:33:49.930 [main] NewHCPAccountPage - Creating account with name test, lastName test, email ??????????@?????.delete, site , orgAdmin true, siteAdmin false
[ERROR] 2017-02-23 02:34:11.409 [main] Page - <!DOCTYPE html><html xmlns="http://www.w3.org/1999/xhtml"><head>
    <title>Care 4 Today | HCP</title>
    <meta name="viewport" content="width=device-width, initial-scale=1.0" />

                        <link type="text/css" rel="stylesheet" media="all" href="/css/68b6af8.css" />
            
            <script type="text/javascript" async="" src="https://www.google-analytics.com/analytics.js"></script><script async="" src="//www.googletagmanager.com/gtm.js?id=GTM-TXQ92X"></script><script src="/js/969f596.js"></script>
        <script src="/js/vendor.bundle.js"></script>
    <script src="/js/commons.chunk.bundle.js"></script>
<base href="/" /></head>
<body class="modal-open" style="padding-right: 17px;">
  <div class="main-content">
        <div class="app-body">
        <nav class="navbar navbar-default">
  <div class="container">
    <div class="navbar-header">
      <button type="button" class="navbar-toggle collapsed" data-toggle="collapse" data-target="#navbar-collapse-1">
        <span class="sr-only">Toggle navigation</span>
        <span class="icon-bar"></span>
        <span class="icon-bar"></span>
        <span class="icon-bar"></span>
      </button>
      <a class="navbar-brand" href="/patient/page">
        <img height="30" src="/bundles/frontend/img/navbar/jnj_c4t_logo_color_rgb.png" alt="logo" />
      </a>
    </div>

    <!-- Collect the nav links, forms, and other content for toggling -->
    <div class="collapse navbar-collapse" id="navbar-collapse-1">
      <ul class="nav navbar-nav">
        <li class="">
          <a href="/patient/page">
            Patients
          </a>
                  </li>
                  <li class="active">
            <a href="/hcp/">Admin</a>
                          <div class="arrow-up"></div>          </li>
                      </ul>
      <jhi-nav-app><jhi-search><div class="navbar-right navbar-tools">
    <!--template bindings={}-->
    <input autocomplete="off" class="global-search ng-untouched ng-pristine ng-valid" id="global-search-input" name="global-search" type="text" placeholder="Search..." />
    <jhi-profile-dropdown><a class="user-profile">
    <div class="dropdown">
        <img alt="update profile" class="clickable" src="/bundles/frontend/img/navbar/update_profile.svg" />
        <!--template bindings={}--><img alt="toggle" src="/bundles/frontend/img/navbar/triangle_collapsed.svg" />
        <!--template bindings={}-->
        <div class="dropdown-content">
            <p id="profile-user-name-dropdown">autotest user</p>
            <!--template bindings={}--><a id="profile-my-profile-dropdown">
                My profile
            </a>
            <!--template bindings={}-->
            <hr />
            <a id="profile-log-out-dropdown">
                Log Out
            </a>
        </div>
    </div>
</a></jhi-profile-dropdown>
</div></jhi-search></jhi-nav-app>
    </div><!-- /.navbar-collapse -->
  </div><!-- /.container-fluid -->
</nav>
  <script src="/js/nav.en_US.bundle.js"></script>
        <div class="container">
            <div class="main-content">
                <jhi-hcp-app><router-outlet></router-outlet><jhi-hcp><div class="heading tabs">
    <h1 id="users-title-heading-tab" class="selected">
        Users
    </h1>
    <!--template bindings={}--><div id="sites-title-heading-tab">
        <h1>
            Sites
        </h1>
    </div>
    <div class="margin-left-auto">
        <!--template bindings={}--><div>
            <!--template bindings={}--><button id="new-user-button">
                <img alt="add hcp" src="/bundles/frontend/img/add_admin.svg" />
                <span>
                    New User
                </span>
            </button>
        </div>
        <!--template bindings={}--><div>
            <!--template bindings={}-->
        </div>
    </div>
</div>
<p class="size-of-list"><!--template bindings={}--><span>36 Total Users</span>
    <!--template bindings={}--></p>
<div class="overflow-x-auto" id="hcp-list">
    <!--template bindings={}--><table class="user-table table">
        <thead>
        <!--template bindings={}--><tr class="user-table-row">
            <th class="content-width-users">
                User
            </th>
            <th class="content-width-users">
                Site(s)
            </th>
            <th class="content-width-users">
                Role(s)
            </th>
            <th class="content-width-button"></th>
        </tr>
        <!--template bindings={}-->
        </thead>
        <!--template bindings={}--><tbody>
        <!--template bindings={}--><tr class="user-table-row">
            <td>
                <div class="flex">
                    <div class="uppercase center-vertically">
                        <div>
                            <span class="bold">AllPlans, Admin</span>
                        </div>
                        <div class="padding">
                            <span class="grey">admin-allplans@example.com</span>
                        </div>
                        <div class="padding">
                            <span class="active">Active</span>
                            <!--template bindings={}-->
                        </div>
                    </div>
                </div>
            </td>
            <td>
                <!--template bindings={}--><div>
                    <!--template bindings={}--><span>QA All Plans Site 1</span>
                </div><div>
                    <!--template bindings={}--><span>JHI review new one</span>
                </div><div>
                    <!--template bindings={}--><span>Test</span>
                </div><div>
                    <!--template bindings={}--><span>Test site name512</span>
                </div><div>
                    <!--template bindings={}--><span>Test site name6</span>
                </div><div>
                    <!--template bindings={}--><span>Test site name55</span>
                </div><div>
                    <!--template bindings={}--><span>Test site name511000000000000000</span>
                </div><div>
                    <!--template bindings={}--><span>Test site name6ppppppppppppppp</span>
                </div><div>
                    <!--template bindings={}--><span>Test site name51300ppppppppppppppp</span>
                </div><div>
                    <!--template bindings={}--><span>Test site name500</span>
                </div><div>
                    <!--template bindings={}--><span>Test site name500</span>
                </div><div>
                    <!--template bindings={}--><span>Test site name50000000</span>
                </div><div>
                    <!--template bindings={}--><span>New_qwe1</span>
                </div><div>
                    <!--template bindings={}--><span>${siteName}</span>
                </div><div>
                    <!--template bindings={}--><span>zjxqslhwmq</span>
                </div><div>
                    <!--template bindings={}--><span>spvbbmabim</span>
                </div><div>
                    <!--template bindings={}--><span>Test site name5ppppppppppppppp</span>
                </div><div>
                    <!--template bindings={}--><span>goctovnxhh</span>
                </div><div>
                    <!--template bindings={}--><span>cnefnpjrnz</span>
                </div><div>
                    <!--template bindings={}--><span>uginbmzqvp</span>
                </div><div>
                    <!--template bindings={}--><span>Test site name5pppppppppppppppp</span>
                </div><div>
                    <!--template bindings={}--><span>jzrmiwdhng</span>
                </div><div>
                    <!--template bindings={}--><span>kqulskuizh</span>
                </div><div>
                    <!--template bindings={}--><span>dhkczooalj</span>
                </div><div>
                    <!--template bindings={}--><span>muwbtzlfay</span>
                </div><div>
                    <!--template bindings={}--><span>wqgsskilvx</span>
                </div><div>
                    <!--template bindings={}--><span>baoxbzpxip</span>
                </div><div>
                    <!--template bindings={}--><span>sjxxlxmynm</span>
                </div><div>
                    <!--template bindings={}--><span>powevhjtzc</span>
                </div><div>
                    <!--template bindings={}--><span>vqjgpkkmgj</span>
                </div><div>
                    <!--template bindings={}--><span>eyozrdfcnw</span>
                </div><div>
                    <!--template bindings={}--><span>odzdgepsjh</span>
                </div><div>
                    <!--template bindings={}--><span>krzhjyelfl</span>
                </div><div>
                    <!--template bindings={}--><span>yqczpvmrwe</span>
                </div><div>
                    <!--template bindings={}--><span>frlhomwebnppppppppppppppppp</span>
                </div><div>
                    <!--template bindings={}--><span>ialcuxaqjk</span>
                </div><div>
                    <!--template bindings={}--><span>xvntuqfgdl</span>
                </div><div>
                    <!--template bindings={}--><span>hqpqphwxzv</span>
                </div><div>
                    <!--template bindings={}--><span>gezmxdxuej</span>
                </div><div>
                    <!--template bindings={}--><span>dftmlnmtmf</span>
                </div><div>
                    <!--template bindings={}--><span>cbdmrepcmg</span>
                </div><div>
                    <!--template bindings={}--><span>upoxilpvse</span>
                </div><div>
                    <!--template bindings={}--><span>binixmmpnf</span>
                </div><div>
                    <!--template bindings={}--><span>nqetdltnlw</span>
                </div><div>
                    <!--template bindings={}--><span>xnyfhtkpyd</span>
                </div><div>
                    <!--template bindings={}--><span>buzrynyswk</span>
                </div><div>
                    <!--template bindings={}--><span>REview test</span>
                </div><div>
                    <!--template bindings={}--><span>fyifzwodqhppppppppppppppppp</span>
                </div><div>
                    <!--template bindings={}--><span>hxoufyfaxg</span>
                </div><div>
                    <!--template bindings={}--><span>pzyvvdisjd</span>
                </div><div>
                    <!--template bindings={}--><span>uwhwkyfrqp</span>
                </div><div>
                    <!--template bindings={}--><span>owsvazlsiq</span>
                </div><div>
                    <!--template bindings={}--><span>svqksvbfqu</span>
                </div><div>
                    <!--template bindings={}--><span>czggpwyaan</span>
                </div><div>
                    <!--template bindings={}--><span>mlwaqrstyi</span>
                </div><div>
                    <!--template bindings={}--><span>new site </span>
                </div><div>
                    <!--template bindings={}--><span>vjpfdqlycb</span>
                </div><div>
                    <!--template bindings={}--><span>pnezzqonsxxxxxx</span>
                </div><div>
                    <!--template bindings={}--><span>uryyxlbfuk</span>
                </div><div>
                    <!--template bindings={}--><span>vowvnlruad</span>
                </div><div>
                    <!--template bindings={}--><span>mcmnqsyghm</span>
                </div><div>
                    <!--template bindings={}--><span>vmxpslznwj</span>
                </div><div>
                    <!--template bindings={}--><span>algmkbwuyc</span>
                </div><div>
                    <!--template bindings={}--><span>srndlxbopv</span>
                </div><div>
                    <!--template bindings={}--><span>kswstwcuis</span>
                </div><div>
                    <!--template bindings={}--><span>sfndrujcdjpppppppppppppppppp</span>
                </div><div>
                    <!--template bindings={}--><span>hmndjdiimh</span>
                </div><div>
                    <!--template bindings={}--><span>Edited vncqvfhreu</span>
                </div><div>
                    <!--template bindings={}--><span>Edited dfxypujuop</span>
                </div><div>
                    <!--template bindings={}--><span>eenoyyavsj</span>
                </div><div>
                    <!--template bindings={}--><span>rfiqmkjkac</span>
                </div><div>
                    <!--template bindings={}--><span>rvknzynxxx</span>
                </div><div>
                    <!--template bindings={}--><span>mufnigqxpf</span>
                </div><div>
                    <!--template bindings={}--><span>spkgzqqqjh</span>
                </div><div>
                    <!--template bindings={}--><span>rotlyfymxp</span>
                </div>
            </td>
            <td>
                <!--template bindings={}--><span>Organization Admin<!--template bindings={}--><span>, </span></span><span>HCP<!--template bindings={}--></span>
            </td>
            <td>
                <img alt="edit hcp" class="clickable center-vertically" src="/bundles/frontend/img/hcp-list/pencil_sans_circle.svg" />
            </td>
        </tr><tr class="user-table-row">
            <td>
                <div class="flex">
                    <div class="uppercase center-vertically">
                        <div>
                            <span class="bold">user, autotest</span>
                        </div>
                        <div class="padding">
                            <span class="grey">k2013303@mvrht.com</span>
                        </div>
                        <div class="padding">
                            <span class="active">Active</span>
                            <!--template bindings={}-->
                        </div>
                    </div>
                </div>
            </td>
            <td>
                <!--template bindings={}--><div>
                    <!--template bindings={}--><span>QA All Plans Site 1</span>
                </div><div>
                    <!--template bindings={}--><span>JHI review new one</span>
                </div><div>
                    <!--template bindings={}--><span>Test</span>
                </div><div>
                    <!--template bindings={}--><span>Test site name512</span>
                </div><div>
                    <!--template bindings={}--><span>Test site name6</span>
                </div><div>
                    <!--template bindings={}--><span>Test site name55</span>
                </div><div>
                    <!--template bindings={}--><span>Test site name511000000000000000</span>
                </div><div>
                    <!--template bindings={}--><span>Test site name6ppppppppppppppp</span>
                </div><div>
                    <!--template bindings={}--><span>Test site name51300ppppppppppppppp</span>
                </div><div>
                    <!--template bindings={}--><span>Test site name500</span>
                </div><div>
                    <!--template bindings={}--><span>Test site name500</span>
                </div><div>
                    <!--template bindings={}--><span>Test site name50000000</span>
                </div><div>
                    <!--template bindings={}--><span>New_qwe1</span>
                </div><div>
                    <!--template bindings={}--><span>${siteName}</span>
                </div><div>
                    <!--template bindings={}--><span>zjxqslhwmq</span>
                </div><div>
                    <!--template bindings={}--><span>spvbbmabim</span>
                </div><div>
                    <!--template bindings={}--><span>Test site name5ppppppppppppppp</span>
                </div><div>
                    <!--template bindings={}--><span>goctovnxhh</span>
                </div><div>
                    <!--template bindings={}--><span>cnefnpjrnz</span>
                </div><div>
                    <!--template bindings={}--><span>uginbmzqvp</span>
                </div><div>
                    <!--template bindings={}--><span>Test site name5pppppppppppppppp</span>
                </div><div>
                    <!--template bindings={}--><span>jzrmiwdhng</span>
                </div><div>
                    <!--template bindings={}--><span>kqulskuizh</span>
                </div><div>
                    <!--template bindings={}--><span>dhkczooalj</span>
                </div><div>
                    <!--template bindings={}--><span>muwbtzlfay</span>
                </div><div>
                    <!--template bindings={}--><span>wqgsskilvx</span>
                </div><div>
                    <!--template bindings={}--><span>baoxbzpxip</span>
                </div><div>
                    <!--template bindings={}--><span>sjxxlxmynm</span>
                </div><div>
                    <!--template bindings={}--><span>powevhjtzc</span>
                </div><div>
                    <!--template bindings={}--><span>vqjgpkkmgj</span>
                </div><div>
                    <!--template bindings={}--><span>eyozrdfcnw</span>
                </div><div>
                    <!--template bindings={}--><span>odzdgepsjh</span>
                </div><div>
                    <!--template bindings={}--><span>krzhjyelfl</span>
                </div><div>
                    <!--template bindings={}--><span>yqczpvmrwe</span>
                </div><div>
                    <!--template bindings={}--><span>frlhomwebnppppppppppppppppp</span>
                </div><div>
                    <!--template bindings={}--><span>ialcuxaqjk</span>
                </div><div>
                    <!--template bindings={}--><span>xvntuqfgdl</span>
                </div><div>
                    <!--template bindings={}--><span>hqpqphwxzv</span>
                </div><div>
                    <!--template bindings={}--><span>gezmxdxuej</span>
                </div><div>
                    <!--template bindings={}--><span>dftmlnmtmf</span>
                </div><div>
                    <!--template bindings={}--><span>cbdmrepcmg</span>
                </div><div>
                    <!--template bindings={}--><span>upoxilpvse</span>
                </div><div>
                    <!--template bindings={}--><span>binixmmpnf</span>
                </div><div>
                    <!--template bindings={}--><span>nqetdltnlw</span>
                </div><div>
                    <!--template bindings={}--><span>xnyfhtkpyd</span>
                </div><div>
                    <!--template bindings={}--><span>buzrynyswk</span>
                </div><div>
                    <!--template bindings={}--><span>REview test</span>
                </div><div>
                    <!--template bindings={}--><span>fyifzwodqhppppppppppppppppp</span>
                </div><div>
                    <!--template bindings={}--><span>hxoufyfaxg</span>
                </div><div>
                    <!--template bindings={}--><span>pzyvvdisjd</span>
                </div><div>
                    <!--template bindings={}--><span>uwhwkyfrqp</span>
                </div><div>
                    <!--template bindings={}--><span>owsvazlsiq</span>
                </div><div>
                    <!--template bindings={}--><span>svqksvbfqu</span>
                </div><div>
                    <!--template bindings={}--><span>czggpwyaan</span>
                </div><div>
                    <!--template bindings={}--><span>mlwaqrstyi</span>
                </div><div>
                    <!--template bindings={}--><span>new site </span>
                </div><div>
                    <!--template bindings={}--><span>vjpfdqlycb</span>
                </div><div>
                    <!--template bindings={}--><span>pnezzqonsxxxxxx</span>
                </div><div>
                    <!--template bindings={}--><span>uryyxlbfuk</span>
                </div><div>
                    <!--template bindings={}--><span>vowvnlruad</span>
                </div><div>
                    <!--template bindings={}--><span>mcmnqsyghm</span>
                </div><div>
                    <!--template bindings={}--><span>vmxpslznwj</span>
                </div><div>
                    <!--template bindings={}--><span>algmkbwuyc</span>
                </div><div>
                    <!--template bindings={}--><span>srndlxbopv</span>
                </div><div>
                    <!--template bindings={}--><span>kswstwcuis</span>
                </div><div>
                    <!--template bindings={}--><span>sfndrujcdjpppppppppppppppppp</span>
                </div><div>
                    <!--template bindings={}--><span>hmndjdiimh</span>
                </div><div>
                    <!--template bindings={}--><span>Edited vncqvfhreu</span>
                </div><div>
                    <!--template bindings={}--><span>Edited dfxypujuop</span>
                </div><div>
                    <!--template bindings={}--><span>eenoyyavsj</span>
                </div><div>
                    <!--template bindings={}--><span>rfiqmkjkac</span>
                </div><div>
                    <!--template bindings={}--><span>rvknzynxxx</span>
                </div><div>
                    <!--template bindings={}--><span>mufnigqxpf</span>
                </div><div>
                    <!--template bindings={}--><span>spkgzqqqjh</span>
                </div><div>
                    <!--template bindings={}--><span>rotlyfymxp</span>
                </div><div>
                    <!--template bindings={}--><span>bboxrnpaas</span>
                </div><div>
                    <!--template bindings={}--><span>sppovuandd</span>
                </div><div>
                    <!--template bindings={}--><span>fvcmyzydtm</span>
                </div><div>
                    <!--template bindings={}--><span>yluwcujudn</span>
                </div><div>
                    <!--template bindings={}--><span>vggnonlupk</span>
                </div><div>
                    <!--template bindings={}--><span>rburvjxecg</span>
                </div><div>
                    <!--template bindings={}--><span>ziekxhfomg</span>
                </div>
            </td>
            <td>
                <!--template bindings={}--><span>Organization Admin<!--template bindings={}--><span>, </span></span><span>HCP<!--template bindings={}--></span>
            </td>
            <td>
                <img alt="edit hcp" class="clickable center-vertically" src="/bundles/frontend/img/hcp-list/pencil_sans_circle.svg" />
            </td>
        </tr><tr class="user-table-row">
            <td>
                <div class="flex">
                    <div class="uppercase center-vertically">
                        <div>
                            <span class="bold">Test, Catherine</span>
                        </div>
                        <div class="padding">
                            <span class="grey">cpresto1@its.jnj.com</span>
                        </div>
                        <div class="padding">
                            <span class="active">Active</span>
                            <!--template bindings={}-->
                        </div>
                    </div>
                </div>
            </td>
            <td>
                <!--template bindings={}--><div>
                    <!--template bindings={}--><span>QA All Plans Site 1</span>
                </div><div>
                    <!--template bindings={}--><span>JHI review new one</span>
                </div><div>
                    <!--template bindings={}--><span>Test</span>
                </div><div>
                    <!--template bindings={}--><span>Test site name512</span>
                </div><div>
                    <!--template bindings={}--><span>Test site name6</span>
                </div><div>
                    <!--template bindings={}--><span>Test site name6</span>
                </div><div>
                    <!--template bindings={}--><span>Test site name6</span>
                </div><div>
                    <!--template bindings={}--><span>Test site name6</span>
                </div><div>
                    <!--template bindings={}--><span>Test site name55</span>
                </div><div>
                    <!--template bindings={}--><span>Test site name511000000000000000</span>
                </div><div>
                    <!--template bindings={}--><span>Test site name6</span>
                </div><div>
                    <!--template bindings={}--><span>Test site name6ppppppppppppppp</span>
                </div><div>
                    <!--template bindings={}--><span>Test site name51300ppppppppppppppp</span>
                </div><div>
                    <!--template bindings={}--><span>Test site name500</span>
                </div><div>
                    <!--template bindings={}--><span>Test site name500</span>
                </div><div>
                    <!--template bindings={}--><span>Test site name50000000</span>
                </div><div>
                    <!--template bindings={}--><span>New_qwe1</span>
                </div><div>
                    <!--template bindings={}--><span>${siteName}</span>
                </div><div>
                    <!--template bindings={}--><span>zjxqslhwmq</span>
                </div><div>
                    <!--template bindings={}--><span>spvbbmabim</span>
                </div><div>
                    <!--template bindings={}--><span>Test site name5ppppppppppppppp</span>
                </div><div>
                    <!--template bindings={}--><span>goctovnxhh</span>
                </div><div>
                    <!--template bindings={}--><span>cnefnpjrnz</span>
                </div><div>
                    <!--template bindings={}--><span>uginbmzqvp</span>
                </div><div>
                    <!--template bindings={}--><span>Test site name5pppppppppppppppp</span>
                </div><div>
                    <!--template bindings={}--><span>jzrmiwdhng</span>
                </div><div>
                    <!--template bindings={}--><span>kqulskuizh</span>
                </div><div>
                    <!--template bindings={}--><span>dhkczooalj</span>
                </div><div>
                    <!--template bindings={}--><span>muwbtzlfay</span>
                </div><div>
                    <!--template bindings={}--><span>wqgsskilvx</span>
                </div><div>
                    <!--template bindings={}--><span>baoxbzpxip</span>
                </div><div>
                    <!--template bindings={}--><span>sjxxlxmynm</span>
                </div><div>
                    <!--template bindings={}--><span>powevhjtzc</span>
                </div><div>
                    <!--template bindings={}--><span>vqjgpkkmgj</span>
                </div><div>
                    <!--template bindings={}--><span>eyozrdfcnw</span>
                </div><div>
                    <!--template bindings={}--><span>odzdgepsjh</span>
                </div><div>
                    <!--template bindings={}--><span>krzhjyelfl</span>
                </div><div>
                    <!--template bindings={}--><span>yqczpvmrwe</span>
                </div><div>
                    <!--template bindings={}--><span>frlhomwebnppppppppppppppppp</span>
                </div><div>
                    <!--template bindings={}--><span>ialcuxaqjk</span>
                </div><div>
                    <!--template bindings={}--><span>xvntuqfgdl</span>
                </div><div>
                    <!--template bindings={}--><span>hqpqphwxzv</span>
                </div><div>
                    <!--template bindings={}--><span>gezmxdxuej</span>
                </div><div>
                    <!--template bindings={}--><span>dftmlnmtmf</span>
                </div><div>
                    <!--template bindings={}--><span>cbdmrepcmg</span>
                </div><div>
                    <!--template bindings={}--><span>upoxilpvse</span>
                </div><div>
                    <!--template bindings={}--><span>binixmmpnf</span>
                </div><div>
                    <!--template bindings={}--><span>nqetdltnlw</span>
                </div><div>
                    <!--template bindings={}--><span>xnyfhtkpyd</span>
                </div><div>
                    <!--template bindings={}--><span>buzrynyswk</span>
                </div><div>
                    <!--template bindings={}--><span>REview test</span>
                </div><div>
                    <!--template bindings={}--><span>fyifzwodqhppppppppppppppppp</span>
                </div><div>
                    <!--template bindings={}--><span>hxoufyfaxg</span>
                </div><div>
                    <!--template bindings={}--><span>pzyvvdisjd</span>
                </div><div>
                    <!--template bindings={}--><span>uwhwkyfrqp</span>
                </div><div>
                    <!--template bindings={}--><span>owsvazlsiq</span>
                </div><div>
                    <!--template bindings={}--><span>svqksvbfqu</span>
                </div><div>
                    <!--template bindings={}--><span>czggpwyaan</span>
                </div><div>
                    <!--template bindings={}--><span>mlwaqrstyi</span>
                </div><div>
                    <!--template bindings={}--><span>new site </span>
                </div><div>
                    <!--template bindings={}--><span>vjpfdqlycb</span>
                </div><div>
                    <!--template bindings={}--><span>pnezzqonsxxxxxx</span>
                </div><div>
                    <!--template bindings={}--><span>uryyxlbfuk</span>
                </div><div>
                    <!--template bindings={}--><span>vowvnlruad</span>
                </div><div>
                    <!--template bindings={}--><span>mcmnqsyghm</span>
                </div><div>
                    <!--template bindings={}--><span>vmxpslznwj</span>
                </div><div>
                    <!--template bindings={}--><span>algmkbwuyc</span>
                </div><div>
                    <!--template bindings={}--><span>srndlxbopv</span>
                </div><div>
                    <!--template bindings={}--><span>kswstwcuis</span>
                </div><div>
                    <!--template bindings={}--><span>sfndrujcdjpppppppppppppppppp</span>
                </div><div>
                    <!--template bindings={}--><span>hmndjdiimh</span>
                </div><div>
                    <!--template bindings={}--><span>Edited vncqvfhreu</span>
                </div><div>
                    <!--template bindings={}--><span>Edited dfxypujuop</span>
                </div><div>
                    <!--template bindings={}--><span>eenoyyavsj</span>
                </div><div>
                    <!--template bindings={}--><span>rfiqmkjkac</span>
                </div><div>
                    <!--template bindings={}--><span>rvknzynxxx</span>
                </div><div>
                    <!--template bindings={}--><span>mufnigqxpf</span>
                </div><div>
                    <!--template bindings={}--><span>spkgzqqqjh</span>
                </div><div>
                    <!--template bindings={}--><span>rotlyfymxp</span>
                </div><div>
                    <!--template bindings={}--><span>bboxrnpaas</span>
                </div><div>
                    <!--template bindings={}--><span>sppovuandd</span>
                </div><div>
                    <!--template bindings={}--><span>fvcmyzydtm</span>
                </div><div>
                    <!--template bindings={}--><span>yluwcujudn</span>
                </div><div>
                    <!--template bindings={}--><span>vggnonlupk</span>
                </div><div>
                    <!--template bindings={}--><span>rburvjxecg</span>
                </div><div>
                    <!--template bindings={}--><span>ziekxhfomg</span>
                </div><div>
                    <!--template bindings={}--><span>fhgjhkl</span>
                </div>
            </td>
            <td>
                <!--template bindings={}--><span>Organization Admin<!--template bindings={}--><span>, </span></span><span>HCP<!--template bindings={}--></span>
            </td>
            <td>
                <img alt="edit hcp" class="clickable center-vertically" src="/bundles/frontend/img/hcp-list/pencil_sans_circle.svg" />
            </td>
        </tr><tr class="user-table-row">
            <td>
                <div class="flex">
                    <div class="uppercase center-vertically">
                        <div>
                            <span class="bold">Review, JHI</span>
                        </div>
                        <div class="padding">
                            <span class="grey">kattytestapp+jhireview@gmail.com</span>
                        </div>
                        <div class="padding">
                            <span class="active">Active</span>
                            <!--template bindings={}-->
                        </div>
                    </div>
                </div>
            </td>
            <td>
                <!--template bindings={}--><div>
                    <!--template bindings={}--><span>QA All Plans Site 1</span>
                </div><div>
                    <!--template bindings={}--><span>JHI review new one</span>
                </div><div>
                    <!--template bindings={}--><span>Test</span>
                </div><div>
                    <!--template bindings={}--><span>Test site name512</span>
                </div><div>
                    <!--template bindings={}--><span>Test site name6</span>
                </div><div>
                    <!--template bindings={}--><span>Test site name6</span>
                </div><div>
                    <!--template bindings={}--><span>Test site name6</span>
                </div><div>
                    <!--template bindings={}--><span>Test site name6</span>
                </div><div>
                    <!--template bindings={}--><span>Test site name55</span>
                </div><div>
                    <!--template bindings={}--><span>Test site name511000000000000000</span>
                </div><div>
                    <!--template bindings={}--><span>Test site name6</span>
                </div><div>
                    <!--template bindings={}--><span>Test site name6ppppppppppppppp</span>
                </div><div>
                    <!--template bindings={}--><span>Test site name51300ppppppppppppppp</span>
                </div><div>
                    <!--template bindings={}--><span>Test site name500</span>
                </div><div>
                    <!--template bindings={}--><span>Test site name500</span>
                </div><div>
                    <!--template bindings={}--><span>Test site name50000000</span>
                </div><div>
                    <!--template bindings={}--><span>New_qwe1</span>
                </div><div>
                    <!--template bindings={}--><span>${siteName}</span>
                </div><div>
                    <!--template bindings={}--><span>zjxqslhwmq</span>
                </div><div>
                    <!--template bindings={}--><span>spvbbmabim</span>
                </div><div>
                    <!--template bindings={}--><span>Test site name5ppppppppppppppp</span>
                </div><div>
                    <!--template bindings={}--><span>goctovnxhh</span>
                </div><div>
                    <!--template bindings={}--><span>cnefnpjrnz</span>
                </div><div>
                    <!--template bindings={}--><span>uginbmzqvp</span>
                </div><div>
                    <!--template bindings={}--><span>Test site name5pppppppppppppppp</span>
                </div><div>
                    <!--template bindings={}--><span>jzrmiwdhng</span>
                </div><div>
                    <!--template bindings={}--><span>kqulskuizh</span>
                </div><div>
                    <!--template bindings={}--><span>dhkczooalj</span>
                </div><div>
                    <!--template bindings={}--><span>muwbtzlfay</span>
                </div><div>
                    <!--template bindings={}--><span>wqgsskilvx</span>
                </div><div>
                    <!--template bindings={}--><span>baoxbzpxip</span>
                </div><div>
                    <!--template bindings={}--><span>sjxxlxmynm</span>
                </div><div>
                    <!--template bindings={}--><span>powevhjtzc</span>
                </div><div>
                    <!--template bindings={}--><span>vqjgpkkmgj</span>
                </div><div>
                    <!--template bindings={}--><span>eyozrdfcnw</span>
                </div><div>
                    <!--template bindings={}--><span>odzdgepsjh</span>
                </div><div>
                    <!--template bindings={}--><span>krzhjyelfl</span>
                </div><div>
                    <!--template bindings={}--><span>yqczpvmrwe</span>
                </div><div>
                    <!--template bindings={}--><span>frlhomwebnppppppppppppppppp</span>
                </div><div>
                    <!--template bindings={}--><span>ialcuxaqjk</span>
                </div><div>
                    <!--template bindings={}--><span>xvntuqfgdl</span>
                </div><div>
                    <!--template bindings={}--><span>hqpqphwxzv</span>
                </div><div>
                    <!--template bindings={}--><span>gezmxdxuej</span>
                </div><div>
                    <!--template bindings={}--><span>dftmlnmtmf</span>
                </div><div>
                    <!--template bindings={}--><span>cbdmrepcmg</span>
                </div><div>
                    <!--template bindings={}--><span>upoxilpvse</span>
                </div><div>
                    <!--template bindings={}--><span>binixmmpnf</span>
                </div><div>
                    <!--template bindings={}--><span>nqetdltnlw</span>
                </div><div>
                    <!--template bindings={}--><span>xnyfhtkpyd</span>
                </div><div>
                    <!--template bindings={}--><span>buzrynyswk</span>
                </div><div>
                    <!--template bindings={}--><span>REview test</span>
                </div><div>
                    <!--template bindings={}--><span>fyifzwodqhppppppppppppppppp</span>
                </div><div>
                    <!--template bindings={}--><span>hxoufyfaxg</span>
                </div><div>
                    <!--template bindings={}--><span>pzyvvdisjd</span>
                </div><div>
                    <!--template bindings={}--><span>uwhwkyfrqp</span>
                </div><div>
                    <!--template bindings={}--><span>owsvazlsiq</span>
                </div><div>
                    <!--template bindings={}--><span>svqksvbfqu</span>
                </div><div>
                    <!--template bindings={}--><span>czggpwyaan</span>
                </div><div>
                    <!--template bindings={}--><span>mlwaqrstyi</span>
                </div><div>
                    <!--template bindings={}--><span>new site </span>
                </div><div>
                    <!--template bindings={}--><span>vjpfdqlycb</span>
                </div><div>
                    <!--template bindings={}--><span>pnezzqonsxxxxxx</span>
                </div><div>
                    <!--template bindings={}--><span>uryyxlbfuk</span>
                </div><div>
                    <!--template bindings={}--><span>vowvnlruad</span>
                </div><div>
                    <!--template bindings={}--><span>mcmnqsyghm</span>
                </div><div>
                    <!--template bindings={}--><span>vmxpslznwj</span>
                </div><div>
                    <!--template bindings={}--><span>algmkbwuyc</span>
                </div><div>
                    <!--template bindings={}--><span>srndlxbopv</span>
                </div><div>
                    <!--template bindings={}--><span>kswstwcuis</span>
                </div><div>
                    <!--template bindings={}--><span>sfndrujcdjpppppppppppppppppp</span>
                </div><div>
                    <!--template bindings={}--><span>hmndjdiimh</span>
                </div><div>
                    <!--template bindings={}--><span>Edited vncqvfhreu</span>
                </div><div>
                    <!--template bindings={}--><span>Edited dfxypujuop</span>
                </div><div>
                    <!--template bindings={}--><span>eenoyyavsj</span>
                </div><div>
                    <!--template bindings={}--><span>rfiqmkjkac</span>
                </div><div>
                    <!--template bindings={}--><span>rvknzynxxx</span>
                </div><div>
                    <!--template bindings={}--><span>mufnigqxpf</span>
                </div><div>
                    <!--template bindings={}--><span>spkgzqqqjh</span>
                </div><div>
                    <!--template bindings={}--><span>rotlyfymxp</span>
                </div><div>
                    <!--template bindings={}--><span>bboxrnpaas</span>
                </div><div>
                    <!--template bindings={}--><span>sppovuandd</span>
                </div><div>
                    <!--template bindings={}--><span>fvcmyzydtm</span>
                </div><div>
                    <!--template bindings={}--><span>yluwcujudn</span>
                </div><div>
                    <!--template bindings={}--><span>vggnonlupk</span>
                </div><div>
                    <!--template bindings={}--><span>rburvjxecg</span>
                </div><div>
                    <!--template bindings={}--><span>ziekxhfomg</span>
                </div><div>
                    <!--template bindings={}--><span>fhgjhkl</span>
                </div>
            </td>
            <td>
                <!--template bindings={}--><span>Organization Admin<!--template bindings={}--><span>, </span></span><span>HCP<!--template bindings={}--></span>
            </td>
            <td>
                <img alt="edit hcp" class="clickable center-vertically" src="/bundles/frontend/img/hcp-list/pencil_sans_circle.svg" />
            </td>
        </tr><tr class="user-table-row">
            <td>
                <div class="flex">
                    <div class="uppercase center-vertically">
                        <div>
                            <span class="bold">Hiray, Pratibha</span>
                        </div>
                        <div class="padding">
                            <span class="grey">pratibha.hiray@us.sogeti.com</span>
                        </div>
                        <div class="padding">
                            <span class="active">Active</span>
                            <!--template bindings={}-->
                        </div>
                    </div>
                </div>
            </td>
            <td>
                <!--template bindings={}--><div>
                    <!--template bindings={}--><span>QA All Plans Site 1</span>
                </div><div>
                    <!--template bindings={}--><span>JHI review new one</span>
                </div><div>
                    <!--template bindings={}--><span>Test</span>
                </div><div>
                    <!--template bindings={}--><span>Test site name512</span>
                </div><div>
                    <!--template bindings={}--><span>Test site name6</span>
                </div><div>
                    <!--template bindings={}--><span>Test site name6</span>
                </div><div>
                    <!--template bindings={}--><span>Test site name6</span>
                </div><div>
                    <!--template bindings={}--><span>Test site name6</span>
                </div><div>
                    <!--template bindings={}--><span>Test site name55</span>
                </div><div>
                    <!--template bindings={}--><span>Test site name511000000000000000</span>
                </div><div>
                    <!--template bindings={}--><span>Test site name6</span>
                </div><div>
                    <!--template bindings={}--><span>Test site name6ppppppppppppppp</span>
                </div><div>
                    <!--template bindings={}--><span>Test site name51300ppppppppppppppp</span>
                </div><div>
                    <!--template bindings={}--><span>Test site name500</span>
                </div><div>
                    <!--template bindings={}--><span>Test site name500</span>
                </div><div>
                    <!--template bindings={}--><span>Test site name50000000</span>
                </div><div>
                    <!--template bindings={}--><span>New_qwe1</span>
                </div><div>
                    <!--template bindings={}--><span>${siteName}</span>
                </div><div>
                    <!--template bindings={}--><span>zjxqslhwmq</span>
                </div><div>
                    <!--template bindings={}--><span>spvbbmabim</span>
                </div><div>
                    <!--template bindings={}--><span>Test site name5ppppppppppppppp</span>
                </div><div>
                    <!--template bindings={}--><span>goctovnxhh</span>
                </div><div>
                    <!--template bindings={}--><span>cnefnpjrnz</span>
                </div><div>
                    <!--template bindings={}--><span>uginbmzqvp</span>
                </div><div>
                    <!--template bindings={}--><span>Test site name5pppppppppppppppp</span>
                </div><div>
                    <!--template bindings={}--><span>jzrmiwdhng</span>
                </div><div>
                    <!--template bindings={}--><span>kqulskuizh</span>
                </div><div>
                    <!--template bindings={}--><span>dhkczooalj</span>
                </div><div>
                    <!--template bindings={}--><span>muwbtzlfay</span>
                </div><div>
                    <!--template bindings={}--><span>wqgsskilvx</span>
                </div><div>
                    <!--template bindings={}--><span>baoxbzpxip</span>
                </div><div>
                    <!--template bindings={}--><span>sjxxlxmynm</span>
                </div><div>
                    <!--template bindings={}--><span>powevhjtzc</span>
                </div><div>
                    <!--template bindings={}--><span>vqjgpkkmgj</span>
                </div><div>
                    <!--template bindings={}--><span>eyozrdfcnw</span>
                </div><div>
                    <!--template bindings={}--><span>odzdgepsjh</span>
                </div><div>
                    <!--template bindings={}--><span>krzhjyelfl</span>
                </div><div>
                    <!--template bindings={}--><span>yqczpvmrwe</span>
                </div><div>
                    <!--template bindings={}--><span>frlhomwebnppppppppppppppppp</span>
                </div><div>
                    <!--template bindings={}--><span>ialcuxaqjk</span>
                </div><div>
                    <!--template bindings={}--><span>xvntuqfgdl</span>
                </div><div>
                    <!--template bindings={}--><span>hqpqphwxzv</span>
                </div><div>
                    <!--template bindings={}--><span>gezmxdxuej</span>
                </div><div>
                    <!--template bindings={}--><span>dftmlnmtmf</span>
                </div><div>
                    <!--template bindings={}--><span>cbdmrepcmg</span>
                </div><div>
                    <!--template bindings={}--><span>upoxilpvse</span>
                </div><div>
                    <!--template bindings={}--><span>binixmmpnf</span>
                </div><div>
                    <!--template bindings={}--><span>nqetdltnlw</span>
                </div><div>
                    <!--template bindings={}--><span>xnyfhtkpyd</span>
                </div><div>
                    <!--template bindings={}--><span>buzrynyswk</span>
                </div><div>
                    <!--template bindings={}--><span>REview test</span>
                </div><div>
                    <!--template bindings={}--><span>fyifzwodqhppppppppppppppppp</span>
                </div><div>
                    <!--template bindings={}--><span>hxoufyfaxg</span>
                </div><div>
                    <!--template bindings={}--><span>pzyvvdisjd</span>
                </div><div>
                    <!--template bindings={}--><span>uwhwkyfrqp</span>
                </div><div>
                    <!--template bindings={}--><span>owsvazlsiq</span>
                </div><div>
                    <!--template bindings={}--><span>svqksvbfqu</span>
                </div><div>
                    <!--template bindings={}--><span>czggpwyaan</span>
                </div><div>
                    <!--template bindings={}--><span>mlwaqrstyi</span>
                </div><div>
                    <!--template bindings={}--><span>new site </span>
                </div><div>
                    <!--template bindings={}--><span>vjpfdqlycb</span>
                </div><div>
                    <!--template bindings={}--><span>pnezzqonsxxxxxx</span>
                </div><div>
                    <!--template bindings={}--><span>uryyxlbfuk</span>
                </div><div>
                    <!--template bindings={}--><span>vowvnlruad</span>
                </div><div>
                    <!--template bindings={}--><span>mcmnqsyghm</span>
                </div><div>
                    <!--template bindings={}--><span>vmxpslznwj</span>
                </div><div>
                    <!--template bindings={}--><span>algmkbwuyc</span>
                </div><div>
                    <!--template bindings={}--><span>srndlxbopv</span>
                </div><div>
                    <!--template bindings={}--><span>kswstwcuis</span>
                </div><div>
                    <!--template bindings={}--><span>sfndrujcdjpppppppppppppppppp</span>
                </div><div>
                    <!--template bindings={}--><span>hmndjdiimh</span>
                </div><div>
                    <!--template bindings={}--><span>Edited vncqvfhreu</span>
                </div><div>
                    <!--template bindings={}--><span>Edited dfxypujuop</span>
                </div><div>
                    <!--template bindings={}--><span>eenoyyavsj</span>
                </div><div>
                    <!--template bindings={}--><span>rfiqmkjkac</span>
                </div><div>
                    <!--template bindings={}--><span>rvknzynxxx</span>
                </div><div>
                    <!--template bindings={}--><span>mufnigqxpf</span>
                </div><div>
                    <!--template bindings={}--><span>spkgzqqqjh</span>
                </div><div>
                    <!--template bindings={}--><span>rotlyfymxp</span>
                </div><div>
                    <!--template bindings={}--><span>bboxrnpaas</span>
                </div><div>
                    <!--template bindings={}--><span>sppovuandd</span>
                </div><div>
                    <!--template bindings={}--><span>fvcmyzydtm</span>
                </div><div>
                    <!--template bindings={}--><span>yluwcujudn</span>
                </div><div>
                    <!--template bindings={}--><span>vggnonlupk</span>
                </div><div>
                    <!--template bindings={}--><span>rburvjxecg</span>
                </div><div>
                    <!--template bindings={}--><span>ziekxhfomg</span>
                </div><div>
                    <!--template bindings={}--><span>fhgjhkl</span>
                </div>
            </td>
            <td>
                <!--template bindings={}--><span>Organization Admin<!--template bindings={}--><span>, </span></span><span>Site Admin<!--template bindings={}--><span>, </span></span><span>HCP<!--template bindings={}--></span>
            </td>
            <td>
                <img alt="edit hcp" class="clickable center-vertically" src="/bundles/frontend/img/hcp-list/pencil_sans_circle.svg" />
            </td>
        </tr><tr class="user-table-row">
            <td>
                <div class="flex">
                    <div class="uppercase center-vertically">
                        <div>
                            <span class="bold">Merchant, Rozina</span>
                        </div>
                        <div class="padding">
                            <span class="grey">rozina_merchant@yahoo.com</span>
                        </div>
                        <div class="padding">
                            <span class="active">Active</span>
                            <!--template bindings={}-->
                        </div>
                    </div>
                </div>
            </td>
            <td>
                <!--template bindings={}--><div>
                    <!--template bindings={}--><span>QA All Plans Site 1</span>
                </div><div>
                    <!--template bindings={}--><span>JHI review new one</span>
                </div><div>
                    <!--template bindings={}--><span>Test</span>
                </div><div>
                    <!--template bindings={}--><span>Test site name512</span>
                </div><div>
                    <!--template bindings={}--><span>Test site name6</span>
                </div><div>
                    <!--template bindings={}--><span>Test site name6</span>
                </div><div>
                    <!--template bindings={}--><span>Test site name6</span>
                </div><div>
                    <!--template bindings={}--><span>Test site name6</span>
                </div><div>
                    <!--template bindings={}--><span>Test site name55</span>
                </div><div>
                    <!--template bindings={}--><span>Test site name511000000000000000</span>
                </div><div>
                    <!--template bindings={}--><span>Test site name6</span>
                </div><div>
                    <!--template bindings={}--><span>Test site name6ppppppppppppppp</span>
                </div><div>
                    <!--template bindings={}--><span>Test site name51300ppppppppppppppp</span>
                </div><div>
                    <!--template bindings={}--><span>Test site name500</span>
                </div><div>
                    <!--template bindings={}--><span>Test site name500</span>
                </div><div>
                    <!--template bindings={}--><span>Test site name50000000</span>
                </div><div>
                    <!--template bindings={}--><span>New_qwe1</span>
                </div><div>
                    <!--template bindings={}--><span>${siteName}</span>
                </div><div>
                    <!--template bindings={}--><span>zjxqslhwmq</span>
                </div><div>
                    <!--template bindings={}--><span>spvbbmabim</span>
                </div><div>
                    <!--template bindings={}--><span>Test site name5ppppppppppppppp</span>
                </div><div>
                    <!--template bindings={}--><span>goctovnxhh</span>
                </div><div>
                    <!--template bindings={}--><span>cnefnpjrnz</span>
                </div><div>
                    <!--template bindings={}--><span>uginbmzqvp</span>
                </div><div>
                    <!--template bindings={}--><span>Test site name5pppppppppppppppp</span>
                </div><div>
                    <!--template bindings={}--><span>jzrmiwdhng</span>
                </div><div>
                    <!--template bindings={}--><span>kqulskuizh</span>
                </div><div>
                    <!--template bindings={}--><span>dhkczooalj</span>
                </div><div>
                    <!--template bindings={}--><span>muwbtzlfay</span>
                </div><div>
                    <!--template bindings={}--><span>wqgsskilvx</span>
                </div><div>
                    <!--template bindings={}--><span>baoxbzpxip</span>
                </div><div>
                    <!--template bindings={}--><span>sjxxlxmynm</span>
                </div><div>
                    <!--template bindings={}--><span>powevhjtzc</span>
                </div><div>
                    <!--template bindings={}--><span>vqjgpkkmgj</span>
                </div><div>
                    <!--template bindings={}--><span>eyozrdfcnw</span>
                </div><div>
                    <!--template bindings={}--><span>odzdgepsjh</span>
                </div><div>
                    <!--template bindings={}--><span>krzhjyelfl</span>
                </div><div>
                    <!--template bindings={}--><span>yqczpvmrwe</span>
                </div><div>
                    <!--template bindings={}--><span>frlhomwebnppppppppppppppppp</span>
                </div><div>
                    <!--template bindings={}--><span>ialcuxaqjk</span>
                </div><div>
                    <!--template bindings={}--><span>xvntuqfgdl</span>
                </div><div>
                    <!--template bindings={}--><span>hqpqphwxzv</span>
                </div><div>
                    <!--template bindings={}--><span>gezmxdxuej</span>
                </div><div>
                    <!--template bindings={}--><span>dftmlnmtmf</span>
                </div><div>
                    <!--template bindings={}--><span>cbdmrepcmg</span>
                </div><div>
                    <!--template bindings={}--><span>upoxilpvse</span>
                </div><div>
                    <!--template bindings={}--><span>binixmmpnf</span>
                </div><div>
                    <!--template bindings={}--><span>nqetdltnlw</span>
                </div><div>
                    <!--template bindings={}--><span>xnyfhtkpyd</span>
                </div><div>
                    <!--template bindings={}--><span>buzrynyswk</span>
                </div><div>
                    <!--template bindings={}--><span>REview test</span>
                </div><div>
                    <!--template bindings={}--><span>fyifzwodqhppppppppppppppppp</span>
                </div><div>
                    <!--template bindings={}--><span>hxoufyfaxg</span>
                </div><div>
                    <!--template bindings={}--><span>pzyvvdisjd</span>
                </div><div>
                    <!--template bindings={}--><span>uwhwkyfrqp</span>
                </div><div>
                    <!--template bindings={}--><span>owsvazlsiq</span>
                </div><div>
                    <!--template bindings={}--><span>svqksvbfqu</span>
                </div><div>
                    <!--template bindings={}--><span>czggpwyaan</span>
                </div><div>
                    <!--template bindings={}--><span>mlwaqrstyi</span>
                </div><div>
                    <!--template bindings={}--><span>new site </span>
                </div><div>
                    <!--template bindings={}--><span>vjpfdqlycb</span>
                </div><div>
                    <!--template bindings={}--><span>pnezzqonsxxxxxx</span>
                </div><div>
                    <!--template bindings={}--><span>uryyxlbfuk</span>
                </div><div>
                    <!--template bindings={}--><span>vowvnlruad</span>
                </div><div>
                    <!--template bindings={}--><span>mcmnqsyghm</span>
                </div><div>
                    <!--template bindings={}--><span>vmxpslznwj</span>
                </div><div>
                    <!--template bindings={}--><span>algmkbwuyc</span>
                </div><div>
                    <!--template bindings={}--><span>srndlxbopv</span>
                </div><div>
                    <!--template bindings={}--><span>kswstwcuis</span>
                </div><div>
                    <!--template bindings={}--><span>sfndrujcdjpppppppppppppppppp</span>
                </div><div>
                    <!--template bindings={}--><span>hmndjdiimh</span>
                </div><div>
                    <!--template bindings={}--><span>Edited vncqvfhreu</span>
                </div><div>
                    <!--template bindings={}--><span>Edited dfxypujuop</span>
                </div><div>
                    <!--template bindings={}--><span>eenoyyavsj</span>
                </div><div>
                    <!--template bindings={}--><span>rfiqmkjkac</span>
                </div><div>
                    <!--template bindings={}--><span>rvknzynxxx</span>
                </div><div>
                    <!--template bindings={}--><span>mufnigqxpf</span>
                </div><div>
                    <!--template bindings={}--><span>spkgzqqqjh</span>
                </div><div>
                    <!--template bindings={}--><span>rotlyfymxp</span>
                </div><div>
                    <!--template bindings={}--><span>bboxrnpaas</span>
                </div><div>
                    <!--template bindings={}--><span>sppovuandd</span>
                </div><div>
                    <!--template bindings={}--><span>fvcmyzydtm</span>
                </div><div>
                    <!--template bindings={}--><span>yluwcujudn</span>
                </div>
            </td>
            <td>
                <!--template bindings={}--><span>Organization Admin<!--template bindings={}--><span>, </span></span><span>HCP<!--template bindings={}--></span>
            </td>
            <td>
                <img alt="edit hcp" class="clickable center-vertically" src="/bundles/frontend/img/hcp-list/pencil_sans_circle.svg" />
            </td>
        </tr><tr class="user-table-row">
            <td>
                <div class="flex">
                    <div class="uppercase center-vertically">
                        <div>
                            <span class="bold">Mehta, Jayesh</span>
                        </div>
                        <div class="padding">
                            <span class="grey">jayesh.mehta@us.sogeti.com</span>
                        </div>
                        <div class="padding">
                            <span class="active">Active</span>
                            <!--template bindings={}-->
                        </div>
                    </div>
                </div>
            </td>
            <td>
                <!--template bindings={}--><div>
                    <!--template bindings={}--><span>QA All Plans Site 1</span>
                </div><div>
                    <!--template bindings={}--><span>JHI review new one</span>
                </div><div>
                    <!--template bindings={}--><span>Test</span>
                </div><div>
                    <!--template bindings={}--><span>Test site name512</span>
                </div><div>
                    <!--template bindings={}--><span>Test site name6</span>
                </div><div>
                    <!--template bindings={}--><span>Test site name6</span>
                </div><div>
                    <!--template bindings={}--><span>Test site name6</span>
                </div><div>
                    <!--template bindings={}--><span>Test site name6</span>
                </div><div>
                    <!--template bindings={}--><span>Test site name55</span>
                </div><div>
                    <!--template bindings={}--><span>Test site name511000000000000000</span>
                </div><div>
                    <!--template bindings={}--><span>Test site name6</span>
                </div><div>
                    <!--template bindings={}--><span>Test site name6ppppppppppppppp</span>
                </div><div>
                    <!--template bindings={}--><span>Test site name51300ppppppppppppppp</span>
                </div><div>
                    <!--template bindings={}--><span>Test site name500</span>
                </div><div>
                    <!--template bindings={}--><span>Test site name500</span>
                </div><div>
                    <!--template bindings={}--><span>Test site name50000000</span>
                </div><div>
                    <!--template bindings={}--><span>New_qwe1</span>
                </div><div>
                    <!--template bindings={}--><span>${siteName}</span>
                </div><div>
                    <!--template bindings={}--><span>zjxqslhwmq</span>
                </div><div>
                    <!--template bindings={}--><span>spvbbmabim</span>
                </div><div>
                    <!--template bindings={}--><span>Test site name5ppppppppppppppp</span>
                </div><div>
                    <!--template bindings={}--><span>Test site name6</span>
                </div><div>
                    <!--template bindings={}--><span>goctovnxhh</span>
                </div><div>
                    <!--template bindings={}--><span>cnefnpjrnz</span>
                </div><div>
                    <!--template bindings={}--><span>uginbmzqvp</span>
                </div><div>
                    <!--template bindings={}--><span>Test site name5pppppppppppppppp</span>
                </div><div>
                    <!--template bindings={}--><span>Test site name6</span>
                </div><div>
                    <!--template bindings={}--><span>Test site name6</span>
                </div><div>
                    <!--template bindings={}--><span>jzrmiwdhng</span>
                </div><div>
                    <!--template bindings={}--><span>kqulskuizh</span>
                </div><div>
                    <!--template bindings={}--><span>dhkczooalj</span>
                </div><div>
                    <!--template bindings={}--><span>muwbtzlfay</span>
                </div><div>
                    <!--template bindings={}--><span>wqgsskilvx</span>
                </div><div>
                    <!--template bindings={}--><span>baoxbzpxip</span>
                </div><div>
                    <!--template bindings={}--><span>sjxxlxmynm</span>
                </div><div>
                    <!--template bindings={}--><span>powevhjtzc</span>
                </div><div>
                    <!--template bindings={}--><span>vqjgpkkmgj</span>
                </div><div>
                    <!--template bindings={}--><span>eyozrdfcnw</span>
                </div><div>
                    <!--template bindings={}--><span>odzdgepsjh</span>
                </div><div>
                    <!--template bindings={}--><span>krzhjyelfl</span>
                </div><div>
                    <!--template bindings={}--><span>yqczpvmrwe</span>
                </div><div>
                    <!--template bindings={}--><span>frlhomwebnppppppppppppppppp</span>
                </div><div>
                    <!--template bindings={}--><span>ialcuxaqjk</span>
                </div><div>
                    <!--template bindings={}--><span>xvntuqfgdl</span>
                </div><div>
                    <!--template bindings={}--><span>hqpqphwxzv</span>
                </div><div>
                    <!--template bindings={}--><span>gezmxdxuej</span>
                </div><div>
                    <!--template bindings={}--><span>dftmlnmtmf</span>
                </div><div>
                    <!--template bindings={}--><span>cbdmrepcmg</span>
                </div><div>
                    <!--template bindings={}--><span>upoxilpvse</span>
                </div><div>
                    <!--template bindings={}--><span>binixmmpnf</span>
                </div><div>
                    <!--template bindings={}--><span>nqetdltnlw</span>
                </div><div>
                    <!--template bindings={}--><span>xnyfhtkpyd</span>
                </div><div>
                    <!--template bindings={}--><span>buzrynyswk</span>
                </div><div>
                    <!--template bindings={}--><span>REview test</span>
                </div><div>
                    <!--template bindings={}--><span>fyifzwodqhppppppppppppppppp</span>
                </div><div>
                    <!--template bindings={}--><span>hxoufyfaxg</span>
                </div><div>
                    <!--template bindings={}--><span>pzyvvdisjd</span>
                </div><div>
                    <!--template bindings={}--><span>uwhwkyfrqp</span>
                </div><div>
                    <!--template bindings={}--><span>owsvazlsiq</span>
                </div><div>
                    <!--template bindings={}--><span>svqksvbfqu</span>
                </div><div>
                    <!--template bindings={}--><span>czggpwyaan</span>
                </div><div>
                    <!--template bindings={}--><span>mlwaqrstyi</span>
                </div><div>
                    <!--template bindings={}--><span>new site </span>
                </div><div>
                    <!--template bindings={}--><span>vjpfdqlycb</span>
                </div><div>
                    <!--template bindings={}--><span>pnezzqonsxxxxxx</span>
                </div><div>
                    <!--template bindings={}--><span>uryyxlbfuk</span>
                </div><div>
                    <!--template bindings={}--><span>vowvnlruad</span>
                </div><div>
                    <!--template bindings={}--><span>mcmnqsyghm</span>
                </div><div>
                    <!--template bindings={}--><span>vmxpslznwj</span>
                </div><div>
                    <!--template bindings={}--><span>algmkbwuyc</span>
                </div><div>
                    <!--template bindings={}--><span>srndlxbopv</span>
                </div><div>
                    <!--template bindings={}--><span>kswstwcuis</span>
                </div><div>
                    <!--template bindings={}--><span>sfndrujcdjpppppppppppppppppp</span>
                </div><div>
                    <!--template bindings={}--><span>hmndjdiimh</span>
                </div><div>
                    <!--template bindings={}--><span>Edited vncqvfhreu</span>
                </div><div>
                    <!--template bindings={}--><span>Edited dfxypujuop</span>
                </div><div>
                    <!--template bindings={}--><span>eenoyyavsj</span>
                </div><div>
                    <!--template bindings={}--><span>rfiqmkjkac</span>
                </div><div>
                    <!--template bindings={}--><span>rvknzynxxx</span>
                </div><div>
                    <!--template bindings={}--><span>mufnigqxpf</span>
                </div><div>
                    <!--template bindings={}--><span>spkgzqqqjh</span>
                </div><div>
                    <!--template bindings={}--><span>rotlyfymxp</span>
                </div><div>
                    <!--template bindings={}--><span>bboxrnpaas</span>
                </div><div>
                    <!--template bindings={}--><span>sppovuandd</span>
                </div><div>
                    <!--template bindings={}--><span>fvcmyzydtm</span>
                </div><div>
                    <!--template bindings={}--><span>yluwcujudn</span>
                </div><div>
                    <!--template bindings={}--><span>vggnonlupk</span>
                </div><div>
                    <!--template bindings={}--><span>rburvjxecg</span>
                </div><div>
                    <!--template bindings={}--><span>ziekxhfomg</span>
                </div><div>
                    <!--template bindings={}--><span>fhgjhkl</span>
                </div>
            </td>
            <td>
                <!--template bindings={}--><span>Organization Admin<!--template bindings={}--><span>, </span></span><span>HCP<!--template bindings={}--></span>
            </td>
            <td>
                <img alt="edit hcp" class="clickable center-vertically" src="/bundles/frontend/img/hcp-list/pencil_sans_circle.svg" />
            </td>
        </tr><tr class="user-table-row">
            <td>
                <div class="flex">
                    <div class="uppercase center-vertically">
                        <div>
                            <span class="bold">H, Prati</span>
                        </div>
                        <div class="padding">
                            <span class="grey">pratibhahiray@gmail.com</span>
                        </div>
                        <div class="padding">
                            <span class="pending">Pending</span>
                            <!--template bindings={}--><span><a class="clickable">
                                (RESEND INVITE)</a></span>
                        </div>
                    </div>
                </div>
            </td>
            <td>
                <!--template bindings={}--><div>
                    <!--template bindings={}--><span>QA All Plans Site 1</span>
                </div><div>
                    <!--template bindings={}--><span>JHI review new one</span>
                </div>
            </td>
            <td>
                <!--template bindings={}--><span>Organization Admin<!--template bindings={}--><span>, </span></span><span>HCP<!--template bindings={}--></span>
            </td>
            <td>
                <img alt="edit hcp" class="clickable center-vertically" src="/bundles/frontend/img/hcp-list/pencil_sans_circle.svg" />
            </td>
        </tr><tr class="user-table-row">
            <td>
                <div class="flex">
                    <div class="uppercase center-vertically">
                        <div>
                            <span class="bold">user, autotest</span>
                        </div>
                        <div class="padding">
                            <span class="grey">k2094817@mvrht.com</span>
                        </div>
                        <div class="padding">
                            <span class="active">Active</span>
                            <!--template bindings={}-->
                        </div>
                    </div>
                </div>
            </td>
            <td>
                <!--template bindings={}--><div>
                    <!--template bindings={}--><span>QA All Plans Site 1</span>
                </div><div>
                    <!--template bindings={}--><span>JHI review new one</span>
                </div><div>
                    <!--template bindings={}--><span>Test</span>
                </div><div>
                    <!--template bindings={}--><span>Test site name512</span>
                </div><div>
                    <!--template bindings={}--><span>Test site name6</span>
                </div><div>
                    <!--template bindings={}--><span>Test site name55</span>
                </div><div>
                    <!--template bindings={}--><span>Test site name511000000000000000</span>
                </div><div>
                    <!--template bindings={}--><span>Test site name6ppppppppppppppp</span>
                </div><div>
                    <!--template bindings={}--><span>Test site name51300ppppppppppppppp</span>
                </div><div>
                    <!--template bindings={}--><span>Test site name500</span>
                </div><div>
                    <!--template bindings={}--><span>Test site name500</span>
                </div><div>
                    <!--template bindings={}--><span>Test site name50000000</span>
                </div><div>
                    <!--template bindings={}--><span>New_qwe1</span>
                </div><div>
                    <!--template bindings={}--><span>${siteName}</span>
                </div><div>
                    <!--template bindings={}--><span>zjxqslhwmq</span>
                </div><div>
                    <!--template bindings={}--><span>spvbbmabim</span>
                </div><div>
                    <!--template bindings={}--><span>Test site name5ppppppppppppppp</span>
                </div><div>
                    <!--template bindings={}--><span>goctovnxhh</span>
                </div><div>
                    <!--template bindings={}--><span>cnefnpjrnz</span>
                </div><div>
                    <!--template bindings={}--><span>uginbmzqvp</span>
                </div><div>
                    <!--template bindings={}--><span>Test site name5pppppppppppppppp</span>
                </div><div>
                    <!--template bindings={}--><span>jzrmiwdhng</span>
                </div><div>
                    <!--template bindings={}--><span>kqulskuizh</span>
                </div><div>
                    <!--template bindings={}--><span>dhkczooalj</span>
                </div><div>
                    <!--template bindings={}--><span>muwbtzlfay</span>
                </div><div>
                    <!--template bindings={}--><span>wqgsskilvx</span>
                </div><div>
                    <!--template bindings={}--><span>baoxbzpxip</span>
                </div><div>
                    <!--template bindings={}--><span>sjxxlxmynm</span>
                </div><div>
                    <!--template bindings={}--><span>powevhjtzc</span>
                </div><div>
                    <!--template bindings={}--><span>vqjgpkkmgj</span>
                </div><div>
                    <!--template bindings={}--><span>eyozrdfcnw</span>
                </div><div>
                    <!--template bindings={}--><span>odzdgepsjh</span>
                </div><div>
                    <!--template bindings={}--><span>krzhjyelfl</span>
                </div><div>
                    <!--template bindings={}--><span>yqczpvmrwe</span>
                </div><div>
                    <!--template bindings={}--><span>frlhomwebnppppppppppppppppp</span>
                </div><div>
                    <!--template bindings={}--><span>ialcuxaqjk</span>
                </div><div>
                    <!--template bindings={}--><span>xvntuqfgdl</span>
                </div><div>
                    <!--template bindings={}--><span>hqpqphwxzv</span>
                </div><div>
                    <!--template bindings={}--><span>gezmxdxuej</span>
                </div><div>
                    <!--template bindings={}--><span>dftmlnmtmf</span>
                </div><div>
                    <!--template bindings={}--><span>cbdmrepcmg</span>
                </div><div>
                    <!--template bindings={}--><span>upoxilpvse</span>
                </div><div>
                    <!--template bindings={}--><span>binixmmpnf</span>
                </div><div>
                    <!--template bindings={}--><span>nqetdltnlw</span>
                </div><div>
                    <!--template bindings={}--><span>xnyfhtkpyd</span>
                </div><div>
                    <!--template bindings={}--><span>buzrynyswk</span>
                </div><div>
                    <!--template bindings={}--><span>REview test</span>
                </div><div>
                    <!--template bindings={}--><span>fyifzwodqhppppppppppppppppp</span>
                </div><div>
                    <!--template bindings={}--><span>hxoufyfaxg</span>
                </div><div>
                    <!--template bindings={}--><span>pzyvvdisjd</span>
                </div><div>
                    <!--template bindings={}--><span>uwhwkyfrqp</span>
                </div><div>
                    <!--template bindings={}--><span>owsvazlsiq</span>
                </div><div>
                    <!--template bindings={}--><span>svqksvbfqu</span>
                </div><div>
                    <!--template bindings={}--><span>czggpwyaan</span>
                </div><div>
                    <!--template bindings={}--><span>mlwaqrstyi</span>
                </div><div>
                    <!--template bindings={}--><span>new site </span>
                </div><div>
                    <!--template bindings={}--><span>vjpfdqlycb</span>
                </div><div>
                    <!--template bindings={}--><span>pnezzqonsxxxxxx</span>
                </div><div>
                    <!--template bindings={}--><span>uryyxlbfuk</span>
                </div><div>
                    <!--template bindings={}--><span>vowvnlruad</span>
                </div><div>
                    <!--template bindings={}--><span>mcmnqsyghm</span>
                </div><div>
                    <!--template bindings={}--><span>vmxpslznwj</span>
                </div><div>
                    <!--template bindings={}--><span>algmkbwuyc</span>
                </div><div>
                    <!--template bindings={}--><span>srndlxbopv</span>
                </div><div>
                    <!--template bindings={}--><span>kswstwcuis</span>
                </div><div>
                    <!--template bindings={}--><span>sfndrujcdjpppppppppppppppppp</span>
                </div><div>
                    <!--template bindings={}--><span>hmndjdiimh</span>
                </div><div>
                    <!--template bindings={}--><span>Edited vncqvfhreu</span>
                </div><div>
                    <!--template bindings={}--><span>Edited dfxypujuop</span>
                </div><div>
                    <!--template bindings={}--><span>eenoyyavsj</span>
                </div><div>
                    <!--template bindings={}--><span>rfiqmkjkac</span>
                </div><div>
                    <!--template bindings={}--><span>rvknzynxxx</span>
                </div><div>
                    <!--template bindings={}--><span>mufnigqxpf</span>
                </div><div>
                    <!--template bindings={}--><span>spkgzqqqjh</span>
                </div><div>
                    <!--template bindings={}--><span>rotlyfymxp</span>
                </div><div>
                    <!--template bindings={}--><span>bboxrnpaas</span>
                </div><div>
                    <!--template bindings={}--><span>sppovuandd</span>
                </div><div>
                    <!--template bindings={}--><span>fvcmyzydtm</span>
                </div><div>
                    <!--template bindings={}--><span>yluwcujudn</span>
                </div><div>
                    <!--template bindings={}--><span>vggnonlupk</span>
                </div><div>
                    <!--template bindings={}--><span>rburvjxecg</span>
                </div><div>
                    <!--template bindings={}--><span>ziekxhfomg</span>
                </div>
            </td>
            <td>
                <!--template bindings={}--><span>Organization Admin<!--template bindings={}--><span>, </span></span><span>HCP<!--template bindings={}--></span>
            </td>
            <td>
                <img alt="edit hcp" class="clickable center-vertically" src="/bundles/frontend/img/hcp-list/pencil_sans_circle.svg" />
            </td>
        </tr><tr class="user-table-row">
            <td>
                <div class="flex">
                    <div class="uppercase center-vertically">
                        <div>
                            <span class="bold">user, autotest</span>
                        </div>
                        <div class="padding">
                            <span class="grey">k2094936@mvrht.com</span>
                        </div>
                        <div class="padding">
                            <span class="active">Active</span>
                            <!--template bindings={}-->
                        </div>
                    </div>
                </div>
            </td>
            <td>
                <!--template bindings={}--><div>
                    <!--template bindings={}--><span>QA All Plans Site 1</span>
                </div><div>
                    <!--template bindings={}--><span>JHI review new one</span>
                </div><div>
                    <!--template bindings={}--><span>Test</span>
                </div><div>
                    <!--template bindings={}--><span>Test site name512</span>
                </div><div>
                    <!--template bindings={}--><span>Test site name6</span>
                </div><div>
                    <!--template bindings={}--><span>Test site name6</span>
                </div><div>
                    <!--template bindings={}--><span>Test site name55</span>
                </div><div>
                    <!--template bindings={}--><span>Test site name511000000000000000</span>
                </div><div>
                    <!--template bindings={}--><span>Test site name6ppppppppppppppp</span>
                </div><div>
                    <!--template bindings={}--><span>Test site name51300ppppppppppppppp</span>
                </div><div>
                    <!--template bindings={}--><span>Test site name500</span>
                </div><div>
                    <!--template bindings={}--><span>Test site name500</span>
                </div><div>
                    <!--template bindings={}--><span>Test site name50000000</span>
                </div><div>
                    <!--template bindings={}--><span>New_qwe1</span>
                </div><div>
                    <!--template bindings={}--><span>${siteName}</span>
                </div><div>
                    <!--template bindings={}--><span>zjxqslhwmq</span>
                </div><div>
                    <!--template bindings={}--><span>spvbbmabim</span>
                </div><div>
                    <!--template bindings={}--><span>Test site name5ppppppppppppppp</span>
                </div><div>
                    <!--template bindings={}--><span>goctovnxhh</span>
                </div><div>
                    <!--template bindings={}--><span>cnefnpjrnz</span>
                </div><div>
                    <!--template bindings={}--><span>uginbmzqvp</span>
                </div><div>
                    <!--template bindings={}--><span>Test site name5pppppppppppppppp</span>
                </div><div>
                    <!--template bindings={}--><span>jzrmiwdhng</span>
                </div><div>
                    <!--template bindings={}--><span>kqulskuizh</span>
                </div><div>
                    <!--template bindings={}--><span>dhkczooalj</span>
                </div><div>
                    <!--template bindings={}--><span>muwbtzlfay</span>
                </div><div>
                    <!--template bindings={}--><span>wqgsskilvx</span>
                </div><div>
                    <!--template bindings={}--><span>baoxbzpxip</span>
                </div><div>
                    <!--template bindings={}--><span>sjxxlxmynm</span>
                </div><div>
                    <!--template bindings={}--><span>powevhjtzc</span>
                </div><div>
                    <!--template bindings={}--><span>vqjgpkkmgj</span>
                </div><div>
                    <!--template bindings={}--><span>eyozrdfcnw</span>
                </div><div>
                    <!--template bindings={}--><span>odzdgepsjh</span>
                </div><div>
                    <!--template bindings={}--><span>krzhjyelfl</span>
                </div><div>
                    <!--template bindings={}--><span>yqczpvmrwe</span>
                </div><div>
                    <!--template bindings={}--><span>frlhomwebnppppppppppppppppp</span>
                </div><div>
                    <!--template bindings={}--><span>ialcuxaqjk</span>
                </div><div>
                    <!--template bindings={}--><span>xvntuqfgdl</span>
                </div><div>
                    <!--template bindings={}--><span>hqpqphwxzv</span>
                </div><div>
                    <!--template bindings={}--><span>gezmxdxuej</span>
                </div><div>
                    <!--template bindings={}--><span>dftmlnmtmf</span>
                </div><div>
                    <!--template bindings={}--><span>cbdmrepcmg</span>
                </div><div>
                    <!--template bindings={}--><span>upoxilpvse</span>
                </div><div>
                    <!--template bindings={}--><span>binixmmpnf</span>
                </div><div>
                    <!--template bindings={}--><span>nqetdltnlw</span>
                </div><div>
                    <!--template bindings={}--><span>xnyfhtkpyd</span>
                </div><div>
                    <!--template bindings={}--><span>buzrynyswk</span>
                </div><div>
                    <!--template bindings={}--><span>REview test</span>
                </div><div>
                    <!--template bindings={}--><span>fyifzwodqhppppppppppppppppp</span>
                </div><div>
                    <!--template bindings={}--><span>hxoufyfaxg</span>
                </div><div>
                    <!--template bindings={}--><span>pzyvvdisjd</span>
                </div><div>
                    <!--template bindings={}--><span>uwhwkyfrqp</span>
                </div><div>
                    <!--template bindings={}--><span>owsvazlsiq</span>
                </div><div>
                    <!--template bindings={}--><span>svqksvbfqu</span>
                </div><div>
                    <!--template bindings={}--><span>czggpwyaan</span>
                </div><div>
                    <!--template bindings={}--><span>mlwaqrstyi</span>
                </div><div>
                    <!--template bindings={}--><span>new site </span>
                </div><div>
                    <!--template bindings={}--><span>vjpfdqlycb</span>
                </div><div>
                    <!--template bindings={}--><span>pnezzqonsxxxxxx</span>
                </div><div>
                    <!--template bindings={}--><span>uryyxlbfuk</span>
                </div><div>
                    <!--template bindings={}--><span>vowvnlruad</span>
                </div><div>
                    <!--template bindings={}--><span>mcmnqsyghm</span>
                </div><div>
                    <!--template bindings={}--><span>vmxpslznwj</span>
                </div><div>
                    <!--template bindings={}--><span>algmkbwuyc</span>
                </div><div>
                    <!--template bindings={}--><span>srndlxbopv</span>
                </div><div>
                    <!--template bindings={}--><span>kswstwcuis</span>
                </div><div>
                    <!--template bindings={}--><span>sfndrujcdjpppppppppppppppppp</span>
                </div><div>
                    <!--template bindings={}--><span>hmndjdiimh</span>
                </div><div>
                    <!--template bindings={}--><span>Edited vncqvfhreu</span>
                </div><div>
                    <!--template bindings={}--><span>Edited dfxypujuop</span>
                </div><div>
                    <!--template bindings={}--><span>eenoyyavsj</span>
                </div><div>
                    <!--template bindings={}--><span>rfiqmkjkac</span>
                </div><div>
                    <!--template bindings={}--><span>rvknzynxxx</span>
                </div><div>
                    <!--template bindings={}--><span>mufnigqxpf</span>
                </div><div>
                    <!--template bindings={}--><span>spkgzqqqjh</span>
                </div><div>
                    <!--template bindings={}--><span>rotlyfymxp</span>
                </div><div>
                    <!--template bindings={}--><span>bboxrnpaas</span>
                </div><div>
                    <!--template bindings={}--><span>sppovuandd</span>
                </div><div>
                    <!--template bindings={}--><span>fvcmyzydtm</span>
                </div><div>
                    <!--template bindings={}--><span>yluwcujudn</span>
                </div><div>
                    <!--template bindings={}--><span>vggnonlupk</span>
                </div><div>
                    <!--template bindings={}--><span>rburvjxecg</span>
                </div><div>
                    <!--template bindings={}--><span>ziekxhfomg</span>
                </div>
            </td>
            <td>
                <!--template bindings={}--><span>Organization Admin<!--template bindings={}--><span>, </span></span><span>HCP<!--template bindings={}--></span>
            </td>
            <td>
                <img alt="edit hcp" class="clickable center-vertically" src="/bundles/frontend/img/hcp-list/pencil_sans_circle.svg" />
            </td>
        </tr><tr class="user-table-row">
            <td>
                <div class="flex">
                    <div class="uppercase center-vertically">
                        <div>
                            <span class="bold">user, autotest</span>
                        </div>
                        <div class="padding">
                            <span class="grey">k2095230@mvrht.com</span>
                        </div>
                        <div class="padding">
                            <span class="active">Active</span>
                            <!--template bindings={}-->
                        </div>
                    </div>
                </div>
            </td>
            <td>
                <!--template bindings={}--><div>
                    <!--template bindings={}--><span>QA All Plans Site 1</span>
                </div><div>
                    <!--template bindings={}--><span>JHI review new one</span>
                </div><div>
                    <!--template bindings={}--><span>Test</span>
                </div><div>
                    <!--template bindings={}--><span>Test site name512</span>
                </div><div>
                    <!--template bindings={}--><span>Test site name6</span>
                </div><div>
                    <!--template bindings={}--><span>Test site name6</span>
                </div><div>
                    <!--template bindings={}--><span>Test site name55</span>
                </div><div>
                    <!--template bindings={}--><span>Test site name511000000000000000</span>
                </div><div>
                    <!--template bindings={}--><span>Test site name6ppppppppppppppp</span>
                </div><div>
                    <!--template bindings={}--><span>Test site name51300ppppppppppppppp</span>
                </div><div>
                    <!--template bindings={}--><span>Test site name500</span>
                </div><div>
                    <!--template bindings={}--><span>Test site name500</span>
                </div><div>
                    <!--template bindings={}--><span>Test site name50000000</span>
                </div><div>
                    <!--template bindings={}--><span>New_qwe1</span>
                </div><div>
                    <!--template bindings={}--><span>${siteName}</span>
                </div><div>
                    <!--template bindings={}--><span>zjxqslhwmq</span>
                </div><div>
                    <!--template bindings={}--><span>spvbbmabim</span>
                </div><div>
                    <!--template bindings={}--><span>Test site name5ppppppppppppppp</span>
                </div><div>
                    <!--template bindings={}--><span>goctovnxhh</span>
                </div><div>
                    <!--template bindings={}--><span>cnefnpjrnz</span>
                </div><div>
                    <!--template bindings={}--><span>uginbmzqvp</span>
                </div><div>
                    <!--template bindings={}--><span>Test site name5pppppppppppppppp</span>
                </div><div>
                    <!--template bindings={}--><span>jzrmiwdhng</span>
                </div><div>
                    <!--template bindings={}--><span>kqulskuizh</span>
                </div><div>
                    <!--template bindings={}--><span>dhkczooalj</span>
                </div><div>
                    <!--template bindings={}--><span>muwbtzlfay</span>
                </div><div>
                    <!--template bindings={}--><span>wqgsskilvx</span>
                </div><div>
                    <!--template bindings={}--><span>baoxbzpxip</span>
                </div><div>
                    <!--template bindings={}--><span>sjxxlxmynm</span>
                </div><div>
                    <!--template bindings={}--><span>powevhjtzc</span>
                </div><div>
                    <!--template bindings={}--><span>vqjgpkkmgj</span>
                </div><div>
                    <!--template bindings={}--><span>eyozrdfcnw</span>
                </div><div>
                    <!--template bindings={}--><span>odzdgepsjh</span>
                </div><div>
                    <!--template bindings={}--><span>krzhjyelfl</span>
                </div><div>
                    <!--template bindings={}--><span>yqczpvmrwe</span>
                </div><div>
                    <!--template bindings={}--><span>frlhomwebnppppppppppppppppp</span>
                </div><div>
                    <!--template bindings={}--><span>ialcuxaqjk</span>
                </div><div>
                    <!--template bindings={}--><span>xvntuqfgdl</span>
                </div><div>
                    <!--template bindings={}--><span>hqpqphwxzv</span>
                </div><div>
                    <!--template bindings={}--><span>gezmxdxuej</span>
                </div><div>
                    <!--template bindings={}--><span>dftmlnmtmf</span>
                </div><div>
                    <!--template bindings={}--><span>cbdmrepcmg</span>
                </div><div>
                    <!--template bindings={}--><span>upoxilpvse</span>
                </div><div>
                    <!--template bindings={}--><span>binixmmpnf</span>
                </div><div>
                    <!--template bindings={}--><span>nqetdltnlw</span>
                </div><div>
                    <!--template bindings={}--><span>xnyfhtkpyd</span>
                </div><div>
                    <!--template bindings={}--><span>buzrynyswk</span>
                </div><div>
                    <!--template bindings={}--><span>REview test</span>
                </div><div>
                    <!--template bindings={}--><span>fyifzwodqhppppppppppppppppp</span>
                </div><div>
                    <!--template bindings={}--><span>hxoufyfaxg</span>
                </div><div>
                    <!--template bindings={}--><span>pzyvvdisjd</span>
                </div><div>
                    <!--template bindings={}--><span>uwhwkyfrqp</span>
                </div><div>
                    <!--template bindings={}--><span>owsvazlsiq</span>
                </div><div>
                    <!--template bindings={}--><span>svqksvbfqu</span>
                </div><div>
                    <!--template bindings={}--><span>czggpwyaan</span>
                </div><div>
                    <!--template bindings={}--><span>mlwaqrstyi</span>
                </div><div>
                    <!--template bindings={}--><span>new site </span>
                </div><div>
                    <!--template bindings={}--><span>vjpfdqlycb</span>
                </div><div>
                    <!--template bindings={}--><span>pnezzqonsxxxxxx</span>
                </div><div>
                    <!--template bindings={}--><span>uryyxlbfuk</span>
                </div><div>
                    <!--template bindings={}--><span>vowvnlruad</span>
                </div><div>
                    <!--template bindings={}--><span>mcmnqsyghm</span>
                </div><div>
                    <!--template bindings={}--><span>vmxpslznwj</span>
                </div><div>
                    <!--template bindings={}--><span>algmkbwuyc</span>
                </div><div>
                    <!--template bindings={}--><span>srndlxbopv</span>
                </div><div>
                    <!--template bindings={}--><span>kswstwcuis</span>
                </div><div>
                    <!--template bindings={}--><span>sfndrujcdjpppppppppppppppppp</span>
                </div><div>
                    <!--template bindings={}--><span>hmndjdiimh</span>
                </div><div>
                    <!--template bindings={}--><span>Edited vncqvfhreu</span>
                </div><div>
                    <!--template bindings={}--><span>Edited dfxypujuop</span>
                </div><div>
                    <!--template bindings={}--><span>eenoyyavsj</span>
                </div><div>
                    <!--template bindings={}--><span>rfiqmkjkac</span>
                </div><div>
                    <!--template bindings={}--><span>rvknzynxxx</span>
                </div><div>
                    <!--template bindings={}--><span>mufnigqxpf</span>
                </div><div>
                    <!--template bindings={}--><span>spkgzqqqjh</span>
                </div><div>
                    <!--template bindings={}--><span>rotlyfymxp</span>
                </div><div>
                    <!--template bindings={}--><span>bboxrnpaas</span>
                </div><div>
                    <!--template bindings={}--><span>sppovuandd</span>
                </div><div>
                    <!--template bindings={}--><span>fvcmyzydtm</span>
                </div><div>
                    <!--template bindings={}--><span>yluwcujudn</span>
                </div><div>
                    <!--template bindings={}--><span>vggnonlupk</span>
                </div><div>
                    <!--template bindings={}--><span>rburvjxecg</span>
                </div><div>
                    <!--template bindings={}--><span>ziekxhfomg</span>
                </div>
            </td>
            <td>
                <!--template bindings={}--><span>Organization Admin<!--template bindings={}--><span>, </span></span><span>Site Admin<!--template bindings={}--><span>, </span></span><span>HCP<!--template bindings={}--></span>
            </td>
            <td>
                <img alt="edit hcp" class="clickable center-vertically" src="/bundles/frontend/img/hcp-list/pencil_sans_circle.svg" />
            </td>
        </tr><tr class="user-table-row">
            <td>
                <div class="flex">
                    <div class="uppercase center-vertically">
                        <div>
                            <span class="bold">user, autotest</span>
                        </div>
                        <div class="padding">
                            <span class="grey">k2096186@mvrht.com</span>
                        </div>
                        <div class="padding">
                            <span class="active">Active</span>
                            <!--template bindings={}-->
                        </div>
                    </div>
                </div>
            </td>
            <td>
                <!--template bindings={}--><div>
                    <!--template bindings={}--><span>QA All Plans Site 1</span>
                </div><div>
                    <!--template bindings={}--><span>JHI review new one</span>
                </div><div>
                    <!--template bindings={}--><span>Test</span>
                </div><div>
                    <!--template bindings={}--><span>Test site name512</span>
                </div><div>
                    <!--template bindings={}--><span>Test site name6</span>
                </div><div>
                    <!--template bindings={}--><span>Test site name55</span>
                </div><div>
                    <!--template bindings={}--><span>Test site name511000000000000000</span>
                </div><div>
                    <!--template bindings={}--><span>Test site name6ppppppppppppppp</span>
                </div><div>
                    <!--template bindings={}--><span>Test site name51300ppppppppppppppp</span>
                </div><div>
                    <!--template bindings={}--><span>Test site name500</span>
                </div><div>
                    <!--template bindings={}--><span>Test site name500</span>
                </div><div>
                    <!--template bindings={}--><span>Test site name50000000</span>
                </div><div>
                    <!--template bindings={}--><span>New_qwe1</span>
                </div><div>
                    <!--template bindings={}--><span>${siteName}</span>
                </div><div>
                    <!--template bindings={}--><span>zjxqslhwmq</span>
                </div><div>
                    <!--template bindings={}--><span>spvbbmabim</span>
                </div><div>
                    <!--template bindings={}--><span>Test site name5ppppppppppppppp</span>
                </div><div>
                    <!--template bindings={}--><span>goctovnxhh</span>
                </div><div>
                    <!--template bindings={}--><span>cnefnpjrnz</span>
                </div><div>
                    <!--template bindings={}--><span>uginbmzqvp</span>
                </div><div>
                    <!--template bindings={}--><span>Test site name5pppppppppppppppp</span>
                </div><div>
                    <!--template bindings={}--><span>jzrmiwdhng</span>
                </div><div>
                    <!--template bindings={}--><span>kqulskuizh</span>
                </div><div>
                    <!--template bindings={}--><span>dhkczooalj</span>
                </div><div>
                    <!--template bindings={}--><span>muwbtzlfay</span>
                </div><div>
                    <!--template bindings={}--><span>wqgsskilvx</span>
                </div><div>
                    <!--template bindings={}--><span>baoxbzpxip</span>
                </div><div>
                    <!--template bindings={}--><span>sjxxlxmynm</span>
                </div><div>
                    <!--template bindings={}--><span>powevhjtzc</span>
                </div><div>
                    <!--template bindings={}--><span>vqjgpkkmgj</span>
                </div><div>
                    <!--template bindings={}--><span>eyozrdfcnw</span>
                </div><div>
                    <!--template bindings={}--><span>odzdgepsjh</span>
                </div><div>
                    <!--template bindings={}--><span>krzhjyelfl</span>
                </div><div>
                    <!--template bindings={}--><span>yqczpvmrwe</span>
                </div><div>
                    <!--template bindings={}--><span>frlhomwebnppppppppppppppppp</span>
                </div><div>
                    <!--template bindings={}--><span>ialcuxaqjk</span>
                </div><div>
                    <!--template bindings={}--><span>xvntuqfgdl</span>
                </div><div>
                    <!--template bindings={}--><span>hqpqphwxzv</span>
                </div><div>
                    <!--template bindings={}--><span>gezmxdxuej</span>
                </div><div>
                    <!--template bindings={}--><span>dftmlnmtmf</span>
                </div><div>
                    <!--template bindings={}--><span>cbdmrepcmg</span>
                </div><div>
                    <!--template bindings={}--><span>upoxilpvse</span>
                </div><div>
                    <!--template bindings={}--><span>binixmmpnf</span>
                </div><div>
                    <!--template bindings={}--><span>nqetdltnlw</span>
                </div><div>
                    <!--template bindings={}--><span>xnyfhtkpyd</span>
                </div><div>
                    <!--template bindings={}--><span>buzrynyswk</span>
                </div><div>
                    <!--template bindings={}--><span>REview test</span>
                </div><div>
                    <!--template bindings={}--><span>fyifzwodqhppppppppppppppppp</span>
                </div><div>
                    <!--template bindings={}--><span>hxoufyfaxg</span>
                </div><div>
                    <!--template bindings={}--><span>pzyvvdisjd</span>
                </div><div>
                    <!--template bindings={}--><span>uwhwkyfrqp</span>
                </div><div>
                    <!--template bindings={}--><span>owsvazlsiq</span>
                </div><div>
                    <!--template bindings={}--><span>svqksvbfqu</span>
                </div><div>
                    <!--template bindings={}--><span>czggpwyaan</span>
                </div><div>
                    <!--template bindings={}--><span>mlwaqrstyi</span>
                </div><div>
                    <!--template bindings={}--><span>new site </span>
                </div><div>
                    <!--template bindings={}--><span>vjpfdqlycb</span>
                </div><div>
                    <!--template bindings={}--><span>pnezzqonsxxxxxx</span>
                </div><div>
                    <!--template bindings={}--><span>uryyxlbfuk</span>
                </div><div>
                    <!--template bindings={}--><span>vowvnlruad</span>
                </div><div>
                    <!--template bindings={}--><span>mcmnqsyghm</span>
                </div><div>
                    <!--template bindings={}--><span>vmxpslznwj</span>
                </div><div>
                    <!--template bindings={}--><span>algmkbwuyc</span>
                </div><div>
                    <!--template bindings={}--><span>srndlxbopv</span>
                </div><div>
                    <!--template bindings={}--><span>kswstwcuis</span>
                </div><div>
                    <!--template bindings={}--><span>sfndrujcdjpppppppppppppppppp</span>
                </div><div>
                    <!--template bindings={}--><span>hmndjdiimh</span>
                </div><div>
                    <!--template bindings={}--><span>Edited vncqvfhreu</span>
                </div><div>
                    <!--template bindings={}--><span>Edited dfxypujuop</span>
                </div><div>
                    <!--template bindings={}--><span>eenoyyavsj</span>
                </div><div>
                    <!--template bindings={}--><span>rfiqmkjkac</span>
                </div><div>
                    <!--template bindings={}--><span>rvknzynxxx</span>
                </div><div>
                    <!--template bindings={}--><span>mufnigqxpf</span>
                </div><div>
                    <!--template bindings={}--><span>spkgzqqqjh</span>
                </div><div>
                    <!--template bindings={}--><span>rotlyfymxp</span>
                </div><div>
                    <!--template bindings={}--><span>bboxrnpaas</span>
                </div><div>
                    <!--template bindings={}--><span>sppovuandd</span>
                </div><div>
                    <!--template bindings={}--><span>fvcmyzydtm</span>
                </div><div>
                    <!--template bindings={}--><span>yluwcujudn</span>
                </div><div>
                    <!--template bindings={}--><span>vggnonlupk</span>
                </div><div>
                    <!--template bindings={}--><span>rburvjxecg</span>
                </div><div>
                    <!--template bindings={}--><span>ziekxhfomg</span>
                </div>
            </td>
            <td>
                <!--template bindings={}--><span>Organization Admin<!--template bindings={}--><span>, </span></span><span>HCP<!--template bindings={}--></span>
            </td>
            <td>
                <img alt="edit hcp" class="clickable center-vertically" src="/bundles/frontend/img/hcp-list/pencil_sans_circle.svg" />
            </td>
        </tr><tr class="user-table-row">
            <td>
                <div class="flex">
                    <div class="uppercase center-vertically">
                        <div>
                            <span class="bold">user, autotest</span>
                        </div>
                        <div class="padding">
                            <span class="grey">k2096357@mvrht.com</span>
                        </div>
                        <div class="padding">
                            <span class="active">Active</span>
                            <!--template bindings={}-->
                        </div>
                    </div>
                </div>
            </td>
            <td>
                <!--template bindings={}--><div>
                    <!--template bindings={}--><span>QA All Plans Site 1</span>
                </div><div>
                    <!--template bindings={}--><span>JHI review new one</span>
                </div><div>
                    <!--template bindings={}--><span>Test</span>
                </div><div>
                    <!--template bindings={}--><span>Test site name512</span>
                </div><div>
                    <!--template bindings={}--><span>Test site name6</span>
                </div><div>
                    <!--template bindings={}--><span>Test site name6</span>
                </div><div>
                    <!--template bindings={}--><span>Test site name6</span>
                </div><div>
                    <!--template bindings={}--><span>Test site name6</span>
                </div><div>
                    <!--template bindings={}--><span>Test site name55</span>
                </div><div>
                    <!--template bindings={}--><span>Test site name511000000000000000</span>
                </div><div>
                    <!--template bindings={}--><span>Test site name6ppppppppppppppp</span>
                </div><div>
                    <!--template bindings={}--><span>Test site name51300ppppppppppppppp</span>
                </div><div>
                    <!--template bindings={}--><span>Test site name500</span>
                </div><div>
                    <!--template bindings={}--><span>Test site name500</span>
                </div><div>
                    <!--template bindings={}--><span>Test site name50000000</span>
                </div><div>
                    <!--template bindings={}--><span>New_qwe1</span>
                </div><div>
                    <!--template bindings={}--><span>${siteName}</span>
                </div><div>
                    <!--template bindings={}--><span>zjxqslhwmq</span>
                </div><div>
                    <!--template bindings={}--><span>spvbbmabim</span>
                </div><div>
                    <!--template bindings={}--><span>Test site name5ppppppppppppppp</span>
                </div><div>
                    <!--template bindings={}--><span>goctovnxhh</span>
                </div><div>
                    <!--template bindings={}--><span>cnefnpjrnz</span>
                </div><div>
                    <!--template bindings={}--><span>uginbmzqvp</span>
                </div><div>
                    <!--template bindings={}--><span>Test site name5pppppppppppppppp</span>
                </div><div>
                    <!--template bindings={}--><span>jzrmiwdhng</span>
                </div><div>
                    <!--template bindings={}--><span>kqulskuizh</span>
                </div><div>
                    <!--template bindings={}--><span>dhkczooalj</span>
                </div><div>
                    <!--template bindings={}--><span>muwbtzlfay</span>
                </div><div>
                    <!--template bindings={}--><span>wqgsskilvx</span>
                </div><div>
                    <!--template bindings={}--><span>baoxbzpxip</span>
                </div><div>
                    <!--template bindings={}--><span>sjxxlxmynm</span>
                </div><div>
                    <!--template bindings={}--><span>powevhjtzc</span>
                </div><div>
                    <!--template bindings={}--><span>vqjgpkkmgj</span>
                </div><div>
                    <!--template bindings={}--><span>eyozrdfcnw</span>
                </div><div>
                    <!--template bindings={}--><span>odzdgepsjh</span>
                </div><div>
                    <!--template bindings={}--><span>krzhjyelfl</span>
                </div><div>
                    <!--template bindings={}--><span>yqczpvmrwe</span>
                </div><div>
                    <!--template bindings={}--><span>frlhomwebnppppppppppppppppp</span>
                </div><div>
                    <!--template bindings={}--><span>ialcuxaqjk</span>
                </div><div>
                    <!--template bindings={}--><span>xvntuqfgdl</span>
                </div><div>
                    <!--template bindings={}--><span>hqpqphwxzv</span>
                </div><div>
                    <!--template bindings={}--><span>gezmxdxuej</span>
                </div><div>
                    <!--template bindings={}--><span>dftmlnmtmf</span>
                </div><div>
                    <!--template bindings={}--><span>cbdmrepcmg</span>
                </div><div>
                    <!--template bindings={}--><span>upoxilpvse</span>
                </div><div>
                    <!--template bindings={}--><span>binixmmpnf</span>
                </div><div>
                    <!--template bindings={}--><span>nqetdltnlw</span>
                </div><div>
                    <!--template bindings={}--><span>xnyfhtkpyd</span>
                </div><div>
                    <!--template bindings={}--><span>buzrynyswk</span>
                </div><div>
                    <!--template bindings={}--><span>REview test</span>
                </div><div>
                    <!--template bindings={}--><span>fyifzwodqhppppppppppppppppp</span>
                </div><div>
                    <!--template bindings={}--><span>hxoufyfaxg</span>
                </div><div>
                    <!--template bindings={}--><span>pzyvvdisjd</span>
                </div><div>
                    <!--template bindings={}--><span>uwhwkyfrqp</span>
                </div><div>
                    <!--template bindings={}--><span>owsvazlsiq</span>
                </div><div>
                    <!--template bindings={}--><span>svqksvbfqu</span>
                </div><div>
                    <!--template bindings={}--><span>czggpwyaan</span>
                </div><div>
                    <!--template bindings={}--><span>mlwaqrstyi</span>
                </div><div>
                    <!--template bindings={}--><span>new site </span>
                </div><div>
                    <!--template bindings={}--><span>vjpfdqlycb</span>
                </div><div>
                    <!--template bindings={}--><span>pnezzqonsxxxxxx</span>
                </div><div>
                    <!--template bindings={}--><span>uryyxlbfuk</span>
                </div><div>
                    <!--template bindings={}--><span>vowvnlruad</span>
                </div><div>
                    <!--template bindings={}--><span>mcmnqsyghm</span>
                </div><div>
                    <!--template bindings={}--><span>vmxpslznwj</span>
                </div><div>
                    <!--template bindings={}--><span>algmkbwuyc</span>
                </div><div>
                    <!--template bindings={}--><span>srndlxbopv</span>
                </div><div>
                    <!--template bindings={}--><span>kswstwcuis</span>
                </div><div>
                    <!--template bindings={}--><span>sfndrujcdjpppppppppppppppppp</span>
                </div><div>
                    <!--template bindings={}--><span>hmndjdiimh</span>
                </div><div>
                    <!--template bindings={}--><span>Edited vncqvfhreu</span>
                </div><div>
                    <!--template bindings={}--><span>Edited dfxypujuop</span>
                </div><div>
                    <!--template bindings={}--><span>eenoyyavsj</span>
                </div><div>
                    <!--template bindings={}--><span>rfiqmkjkac</span>
                </div><div>
                    <!--template bindings={}--><span>rvknzynxxx</span>
                </div><div>
                    <!--template bindings={}--><span>mufnigqxpf</span>
                </div><div>
                    <!--template bindings={}--><span>spkgzqqqjh</span>
                </div><div>
                    <!--template bindings={}--><span>rotlyfymxp</span>
                </div><div>
                    <!--template bindings={}--><span>bboxrnpaas</span>
                </div><div>
                    <!--template bindings={}--><span>sppovuandd</span>
                </div><div>
                    <!--template bindings={}--><span>fvcmyzydtm</span>
                </div>
            </td>
            <td>
                <!--template bindings={}--><span>Organization Admin<!--template bindings={}--><span>, </span></span><span>HCP<!--template bindings={}--></span>
            </td>
            <td>
                <img alt="edit hcp" class="clickable center-vertically" src="/bundles/frontend/img/hcp-list/pencil_sans_circle.svg" />
            </td>
        </tr><tr class="user-table-row">
            <td>
                <div class="flex">
                    <div class="uppercase center-vertically">
                        <div>
                            <span class="bold">user, autotest</span>
                        </div>
                        <div class="padding">
                            <span class="grey">k2096437@mvrht.com</span>
                        </div>
                        <div class="padding">
                            <span class="active">Active</span>
                            <!--template bindings={}-->
                        </div>
                    </div>
                </div>
            </td>
            <td>
                <!--template bindings={}--><div>
                    <!--template bindings={}--><span>QA All Plans Site 1</span>
                </div><div>
                    <!--template bindings={}--><span>JHI review new one</span>
                </div><div>
                    <!--template bindings={}--><span>Test</span>
                </div><div>
                    <!--template bindings={}--><span>Test site name512</span>
                </div><div>
                    <!--template bindings={}--><span>Test site name6</span>
                </div><div>
                    <!--template bindings={}--><span>Test site name6</span>
                </div><div>
                    <!--template bindings={}--><span>Test site name6</span>
                </div><div>
                    <!--template bindings={}--><span>Test site name6</span>
                </div><div>
                    <!--template bindings={}--><span>Test site name55</span>
                </div><div>
                    <!--template bindings={}--><span>Test site name511000000000000000</span>
                </div><div>
                    <!--template bindings={}--><span>Test site name6</span>
                </div><div>
                    <!--template bindings={}--><span>Test site name6ppppppppppppppp</span>
                </div><div>
                    <!--template bindings={}--><span>Test site name51300ppppppppppppppp</span>
                </div><div>
                    <!--template bindings={}--><span>Test site name500</span>
                </div><div>
                    <!--template bindings={}--><span>Test site name500</span>
                </div><div>
                    <!--template bindings={}--><span>Test site name50000000</span>
                </div><div>
                    <!--template bindings={}--><span>New_qwe1</span>
                </div><div>
                    <!--template bindings={}--><span>${siteName}</span>
                </div><div>
                    <!--template bindings={}--><span>zjxqslhwmq</span>
                </div><div>
                    <!--template bindings={}--><span>spvbbmabim</span>
                </div><div>
                    <!--template bindings={}--><span>Test site name5ppppppppppppppp</span>
                </div><div>
                    <!--template bindings={}--><span>Test site name6</span>
                </div><div>
                    <!--template bindings={}--><span>goctovnxhh</span>
                </div><div>
                    <!--template bindings={}--><span>cnefnpjrnz</span>
                </div><div>
                    <!--template bindings={}--><span>uginbmzqvp</span>
                </div><div>
                    <!--template bindings={}--><span>Test site name5pppppppppppppppp</span>
                </div><div>
                    <!--template bindings={}--><span>Test site name6</span>
                </div><div>
                    <!--template bindings={}--><span>Test site name6</span>
                </div><div>
                    <!--template bindings={}--><span>jzrmiwdhng</span>
                </div><div>
                    <!--template bindings={}--><span>kqulskuizh</span>
                </div><div>
                    <!--template bindings={}--><span>dhkczooalj</span>
                </div><div>
                    <!--template bindings={}--><span>muwbtzlfay</span>
                </div><div>
                    <!--template bindings={}--><span>wqgsskilvx</span>
                </div><div>
                    <!--template bindings={}--><span>baoxbzpxip</span>
                </div><div>
                    <!--template bindings={}--><span>sjxxlxmynm</span>
                </div><div>
                    <!--template bindings={}--><span>powevhjtzc</span>
                </div><div>
                    <!--template bindings={}--><span>vqjgpkkmgj</span>
                </div><div>
                    <!--template bindings={}--><span>eyozrdfcnw</span>
                </div><div>
                    <!--template bindings={}--><span>odzdgepsjh</span>
                </div><div>
                    <!--template bindings={}--><span>krzhjyelfl</span>
                </div><div>
                    <!--template bindings={}--><span>yqczpvmrwe</span>
                </div><div>
                    <!--template bindings={}--><span>frlhomwebnppppppppppppppppp</span>
                </div><div>
                    <!--template bindings={}--><span>ialcuxaqjk</span>
                </div><div>
                    <!--template bindings={}--><span>xvntuqfgdl</span>
                </div><div>
                    <!--template bindings={}--><span>hqpqphwxzv</span>
                </div><div>
                    <!--template bindings={}--><span>gezmxdxuej</span>
                </div><div>
                    <!--template bindings={}--><span>dftmlnmtmf</span>
                </div><div>
                    <!--template bindings={}--><span>cbdmrepcmg</span>
                </div><div>
                    <!--template bindings={}--><span>upoxilpvse</span>
                </div><div>
                    <!--template bindings={}--><span>binixmmpnf</span>
                </div><div>
                    <!--template bindings={}--><span>nqetdltnlw</span>
                </div><div>
                    <!--template bindings={}--><span>xnyfhtkpyd</span>
                </div><div>
                    <!--template bindings={}--><span>buzrynyswk</span>
                </div><div>
                    <!--template bindings={}--><span>REview test</span>
                </div><div>
                    <!--template bindings={}--><span>fyifzwodqhppppppppppppppppp</span>
                </div><div>
                    <!--template bindings={}--><span>hxoufyfaxg</span>
                </div><div>
                    <!--template bindings={}--><span>pzyvvdisjd</span>
                </div><div>
                    <!--template bindings={}--><span>uwhwkyfrqp</span>
                </div><div>
                    <!--template bindings={}--><span>owsvazlsiq</span>
                </div><div>
                    <!--template bindings={}--><span>svqksvbfqu</span>
                </div><div>
                    <!--template bindings={}--><span>czggpwyaan</span>
                </div><div>
                    <!--template bindings={}--><span>mlwaqrstyi</span>
                </div><div>
                    <!--template bindings={}--><span>new site </span>
                </div><div>
                    <!--template bindings={}--><span>vjpfdqlycb</span>
                </div><div>
                    <!--template bindings={}--><span>pnezzqonsxxxxxx</span>
                </div><div>
                    <!--template bindings={}--><span>uryyxlbfuk</span>
                </div><div>
                    <!--template bindings={}--><span>vowvnlruad</span>
                </div><div>
                    <!--template bindings={}--><span>mcmnqsyghm</span>
                </div><div>
                    <!--template bindings={}--><span>vmxpslznwj</span>
                </div><div>
                    <!--template bindings={}--><span>algmkbwuyc</span>
                </div><div>
                    <!--template bindings={}--><span>srndlxbopv</span>
                </div><div>
                    <!--template bindings={}--><span>kswstwcuis</span>
                </div><div>
                    <!--template bindings={}--><span>sfndrujcdjpppppppppppppppppp</span>
                </div><div>
                    <!--template bindings={}--><span>hmndjdiimh</span>
                </div><div>
                    <!--template bindings={}--><span>Edited vncqvfhreu</span>
                </div><div>
                    <!--template bindings={}--><span>Edited dfxypujuop</span>
                </div><div>
                    <!--template bindings={}--><span>eenoyyavsj</span>
                </div><div>
                    <!--template bindings={}--><span>rfiqmkjkac</span>
                </div><div>
                    <!--template bindings={}--><span>rvknzynxxx</span>
                </div><div>
                    <!--template bindings={}--><span>mufnigqxpf</span>
                </div><div>
                    <!--template bindings={}--><span>spkgzqqqjh</span>
                </div><div>
                    <!--template bindings={}--><span>rotlyfymxp</span>
                </div><div>
                    <!--template bindings={}--><span>bboxrnpaas</span>
                </div><div>
                    <!--template bindings={}--><span>sppovuandd</span>
                </div><div>
                    <!--template bindings={}--><span>fvcmyzydtm</span>
                </div><div>
                    <!--template bindings={}--><span>yluwcujudn</span>
                </div><div>
                    <!--template bindings={}--><span>vggnonlupk</span>
                </div><div>
                    <!--template bindings={}--><span>rburvjxecg</span>
                </div><div>
                    <!--template bindings={}--><span>ziekxhfomg</span>
                </div>
            </td>
            <td>
                <!--template bindings={}--><span>Organization Admin<!--template bindings={}--><span>, </span></span><span>Site Admin<!--template bindings={}--><span>, </span></span><span>HCP<!--template bindings={}--></span>
            </td>
            <td>
                <img alt="edit hcp" class="clickable center-vertically" src="/bundles/frontend/img/hcp-list/pencil_sans_circle.svg" />
            </td>
        </tr><tr class="user-table-row">
            <td>
                <div class="flex">
                    <div class="uppercase center-vertically">
                        <div>
                            <span class="bold">Keefe, Tina</span>
                        </div>
                        <div class="padding">
                            <span class="grey">tkeefe3@its.jnj.com</span>
                        </div>
                        <div class="padding">
                            <span class="active">Active</span>
                            <!--template bindings={}-->
                        </div>
                    </div>
                </div>
            </td>
            <td>
                <!--template bindings={}--><div>
                    <!--template bindings={}--><span>QA All Plans Site 1</span>
                </div><div>
                    <!--template bindings={}--><span>JHI review new one</span>
                </div><div>
                    <!--template bindings={}--><span>Test</span>
                </div><div>
                    <!--template bindings={}--><span>Test site name512</span>
                </div><div>
                    <!--template bindings={}--><span>Test site name6</span>
                </div><div>
                    <!--template bindings={}--><span>Test site name6</span>
                </div><div>
                    <!--template bindings={}--><span>Test site name6</span>
                </div><div>
                    <!--template bindings={}--><span>Test site name6</span>
                </div><div>
                    <!--template bindings={}--><span>Test site name55</span>
                </div><div>
                    <!--template bindings={}--><span>Test site name511000000000000000</span>
                </div><div>
                    <!--template bindings={}--><span>Test site name6</span>
                </div><div>
                    <!--template bindings={}--><span>Test site name6ppppppppppppppp</span>
                </div><div>
                    <!--template bindings={}--><span>New_qwe1</span>
                </div><div>
                    <!--template bindings={}--><span>${siteName}</span>
                </div><div>
                    <!--template bindings={}--><span>zjxqslhwmq</span>
                </div><div>
                    <!--template bindings={}--><span>spvbbmabim</span>
                </div><div>
                    <!--template bindings={}--><span>goctovnxhh</span>
                </div><div>
                    <!--template bindings={}--><span>cnefnpjrnz</span>
                </div><div>
                    <!--template bindings={}--><span>uginbmzqvp</span>
                </div><div>
                    <!--template bindings={}--><span>jzrmiwdhng</span>
                </div><div>
                    <!--template bindings={}--><span>kqulskuizh</span>
                </div><div>
                    <!--template bindings={}--><span>dhkczooalj</span>
                </div><div>
                    <!--template bindings={}--><span>muwbtzlfay</span>
                </div><div>
                    <!--template bindings={}--><span>wqgsskilvx</span>
                </div><div>
                    <!--template bindings={}--><span>baoxbzpxip</span>
                </div><div>
                    <!--template bindings={}--><span>sjxxlxmynm</span>
                </div><div>
                    <!--template bindings={}--><span>powevhjtzc</span>
                </div><div>
                    <!--template bindings={}--><span>vqjgpkkmgj</span>
                </div><div>
                    <!--template bindings={}--><span>eyozrdfcnw</span>
                </div><div>
                    <!--template bindings={}--><span>odzdgepsjh</span>
                </div><div>
                    <!--template bindings={}--><span>krzhjyelfl</span>
                </div><div>
                    <!--template bindings={}--><span>yqczpvmrwe</span>
                </div><div>
                    <!--template bindings={}--><span>frlhomwebnppppppppppppppppp</span>
                </div><div>
                    <!--template bindings={}--><span>ialcuxaqjk</span>
                </div><div>
                    <!--template bindings={}--><span>xvntuqfgdl</span>
                </div><div>
                    <!--template bindings={}--><span>hqpqphwxzv</span>
                </div><div>
                    <!--template bindings={}--><span>gezmxdxuej</span>
                </div>
            </td>
            <td>
                <!--template bindings={}--><span>Organization Admin<!--template bindings={}--><span>, </span></span><span>HCP<!--template bindings={}--></span>
            </td>
            <td>
                <img alt="edit hcp" class="clickable center-vertically" src="/bundles/frontend/img/hcp-list/pencil_sans_circle.svg" />
            </td>
        </tr><tr class="user-table-row">
            <td>
                <div class="flex">
                    <div class="uppercase center-vertically">
                        <div>
                            <span class="bold">usermobile, autotest</span>
                        </div>
                        <div class="padding">
                            <span class="grey">k2761148@mvrht.com</span>
                        </div>
                        <div class="padding">
                            <span class="active">Active</span>
                            <!--template bindings={}-->
                        </div>
                    </div>
                </div>
            </td>
            <td>
                <!--template bindings={}--><div>
                    <!--template bindings={}--><span>QA All Plans Site 1</span>
                </div><div>
                    <!--template bindings={}--><span>JHI review new one</span>
                </div><div>
                    <!--template bindings={}--><span>Test</span>
                </div><div>
                    <!--template bindings={}--><span>Test site name512</span>
                </div><div>
                    <!--template bindings={}--><span>Test site name6</span>
                </div><div>
                    <!--template bindings={}--><span>Test site name6</span>
                </div><div>
                    <!--template bindings={}--><span>Test site name6</span>
                </div><div>
                    <!--template bindings={}--><span>Test site name6</span>
                </div><div>
                    <!--template bindings={}--><span>Test site name55</span>
                </div><div>
                    <!--template bindings={}--><span>Test site name511000000000000000</span>
                </div><div>
                    <!--template bindings={}--><span>Test site name6</span>
                </div><div>
                    <!--template bindings={}--><span>Test site name6ppppppppppppppp</span>
                </div><div>
                    <!--template bindings={}--><span>Test site name51300ppppppppppppppp</span>
                </div><div>
                    <!--template bindings={}--><span>Test site name500</span>
                </div><div>
                    <!--template bindings={}--><span>Test site name500</span>
                </div><div>
                    <!--template bindings={}--><span>Test site name50000000</span>
                </div><div>
                    <!--template bindings={}--><span>New_qwe1</span>
                </div><div>
                    <!--template bindings={}--><span>${siteName}</span>
                </div><div>
                    <!--template bindings={}--><span>zjxqslhwmq</span>
                </div><div>
                    <!--template bindings={}--><span>spvbbmabim</span>
                </div><div>
                    <!--template bindings={}--><span>Test site name5ppppppppppppppp</span>
                </div><div>
                    <!--template bindings={}--><span>goctovnxhh</span>
                </div><div>
                    <!--template bindings={}--><span>cnefnpjrnz</span>
                </div><div>
                    <!--template bindings={}--><span>uginbmzqvp</span>
                </div><div>
                    <!--template bindings={}--><span>Test site name5pppppppppppppppp</span>
                </div><div>
                    <!--template bindings={}--><span>jzrmiwdhng</span>
                </div><div>
                    <!--template bindings={}--><span>kqulskuizh</span>
                </div><div>
                    <!--template bindings={}--><span>dhkczooalj</span>
                </div><div>
                    <!--template bindings={}--><span>muwbtzlfay</span>
                </div><div>
                    <!--template bindings={}--><span>wqgsskilvx</span>
                </div><div>
                    <!--template bindings={}--><span>baoxbzpxip</span>
                </div><div>
                    <!--template bindings={}--><span>sjxxlxmynm</span>
                </div><div>
                    <!--template bindings={}--><span>powevhjtzc</span>
                </div><div>
                    <!--template bindings={}--><span>vqjgpkkmgj</span>
                </div><div>
                    <!--template bindings={}--><span>eyozrdfcnw</span>
                </div><div>
                    <!--template bindings={}--><span>odzdgepsjh</span>
                </div><div>
                    <!--template bindings={}--><span>krzhjyelfl</span>
                </div><div>
                    <!--template bindings={}--><span>yqczpvmrwe</span>
                </div><div>
                    <!--template bindings={}--><span>frlhomwebnppppppppppppppppp</span>
                </div><div>
                    <!--template bindings={}--><span>ialcuxaqjk</span>
                </div><div>
                    <!--template bindings={}--><span>xvntuqfgdl</span>
                </div><div>
                    <!--template bindings={}--><span>hqpqphwxzv</span>
                </div><div>
                    <!--template bindings={}--><span>gezmxdxuej</span>
                </div><div>
                    <!--template bindings={}--><span>dftmlnmtmf</span>
                </div><div>
                    <!--template bindings={}--><span>cbdmrepcmg</span>
                </div><div>
                    <!--template bindings={}--><span>upoxilpvse</span>
                </div><div>
                    <!--template bindings={}--><span>binixmmpnf</span>
                </div><div>
                    <!--template bindings={}--><span>nqetdltnlw</span>
                </div><div>
                    <!--template bindings={}--><span>xnyfhtkpyd</span>
                </div><div>
                    <!--template bindings={}--><span>buzrynyswk</span>
                </div><div>
                    <!--template bindings={}--><span>REview test</span>
                </div><div>
                    <!--template bindings={}--><span>fyifzwodqhppppppppppppppppp</span>
                </div><div>
                    <!--template bindings={}--><span>hxoufyfaxg</span>
                </div><div>
                    <!--template bindings={}--><span>pzyvvdisjd</span>
                </div><div>
                    <!--template bindings={}--><span>uwhwkyfrqp</span>
                </div><div>
                    <!--template bindings={}--><span>owsvazlsiq</span>
                </div><div>
                    <!--template bindings={}--><span>svqksvbfqu</span>
                </div><div>
                    <!--template bindings={}--><span>czggpwyaan</span>
                </div><div>
                    <!--template bindings={}--><span>mlwaqrstyi</span>
                </div><div>
                    <!--template bindings={}--><span>new site </span>
                </div><div>
                    <!--template bindings={}--><span>vjpfdqlycb</span>
                </div><div>
                    <!--template bindings={}--><span>pnezzqonsxxxxxx</span>
                </div><div>
                    <!--template bindings={}--><span>uryyxlbfuk</span>
                </div><div>
                    <!--template bindings={}--><span>vowvnlruad</span>
                </div><div>
                    <!--template bindings={}--><span>mcmnqsyghm</span>
                </div><div>
                    <!--template bindings={}--><span>vmxpslznwj</span>
                </div><div>
                    <!--template bindings={}--><span>algmkbwuyc</span>
                </div><div>
                    <!--template bindings={}--><span>srndlxbopv</span>
                </div><div>
                    <!--template bindings={}--><span>kswstwcuis</span>
                </div><div>
                    <!--template bindings={}--><span>sfndrujcdjpppppppppppppppppp</span>
                </div><div>
                    <!--template bindings={}--><span>hmndjdiimh</span>
                </div><div>
                    <!--template bindings={}--><span>Edited vncqvfhreu</span>
                </div><div>
                    <!--template bindings={}--><span>Edited dfxypujuop</span>
                </div><div>
                    <!--template bindings={}--><span>eenoyyavsj</span>
                </div><div>
                    <!--template bindings={}--><span>rfiqmkjkac</span>
                </div><div>
                    <!--template bindings={}--><span>rvknzynxxx</span>
                </div><div>
                    <!--template bindings={}--><span>mufnigqxpf</span>
                </div><div>
                    <!--template bindings={}--><span>spkgzqqqjh</span>
                </div><div>
                    <!--template bindings={}--><span>rotlyfymxp</span>
                </div><div>
                    <!--template bindings={}--><span>bboxrnpaas</span>
                </div><div>
                    <!--template bindings={}--><span>sppovuandd</span>
                </div><div>
                    <!--template bindings={}--><span>fvcmyzydtm</span>
                </div><div>
                    <!--template bindings={}--><span>yluwcujudn</span>
                </div><div>
                    <!--template bindings={}--><span>vggnonlupk</span>
                </div><div>
                    <!--template bindings={}--><span>rburvjxecg</span>
                </div><div>
                    <!--template bindings={}--><span>ziekxhfomg</span>
                </div>
            </td>
            <td>
                <!--template bindings={}--><span>Organization Admin<!--template bindings={}--><span>, </span></span><span>HCP<!--template bindings={}--></span>
            </td>
            <td>
                <img alt="edit hcp" class="clickable center-vertically" src="/bundles/frontend/img/hcp-list/pencil_sans_circle.svg" />
            </td>
        </tr><tr class="user-table-row">
            <td>
                <div class="flex">
                    <div class="uppercase center-vertically">
                        <div>
                            <span class="bold">Admin, AllRoles</span>
                        </div>
                        <div class="padding">
                            <span class="grey">testl1@mailinator.com</span>
                        </div>
                        <div class="padding">
                            <span class="active">Active</span>
                            <!--template bindings={}-->
                        </div>
                    </div>
                </div>
            </td>
            <td>
                <!--template bindings={}--><div>
                    <!--template bindings={}--><span>QA All Plans Site 1</span>
                </div><div>
                    <!--template bindings={}--><span>JHI review new one</span>
                </div><div>
                    <!--template bindings={}--><span>Test</span>
                </div><div>
                    <!--template bindings={}--><span>Test site name512</span>
                </div><div>
                    <!--template bindings={}--><span>Test site name6</span>
                </div><div>
                    <!--template bindings={}--><span>Test site name6</span>
                </div><div>
                    <!--template bindings={}--><span>Test site name6</span>
                </div><div>
                    <!--template bindings={}--><span>Test site name6</span>
                </div><div>
                    <!--template bindings={}--><span>Test site name55</span>
                </div><div>
                    <!--template bindings={}--><span>Test site name511000000000000000</span>
                </div><div>
                    <!--template bindings={}--><span>Test site name6</span>
                </div><div>
                    <!--template bindings={}--><span>Test site name6ppppppppppppppp</span>
                </div><div>
                    <!--template bindings={}--><span>Test site name51300ppppppppppppppp</span>
                </div><div>
                    <!--template bindings={}--><span>Test site name500</span>
                </div><div>
                    <!--template bindings={}--><span>Test site name500</span>
                </div><div>
                    <!--template bindings={}--><span>Test site name50000000</span>
                </div><div>
                    <!--template bindings={}--><span>New_qwe1</span>
                </div><div>
                    <!--template bindings={}--><span>${siteName}</span>
                </div><div>
                    <!--template bindings={}--><span>zjxqslhwmq</span>
                </div><div>
                    <!--template bindings={}--><span>spvbbmabim</span>
                </div><div>
                    <!--template bindings={}--><span>Test site name5ppppppppppppppp</span>
                </div><div>
                    <!--template bindings={}--><span>Test site name6</span>
                </div><div>
                    <!--template bindings={}--><span>goctovnxhh</span>
                </div><div>
                    <!--template bindings={}--><span>cnefnpjrnz</span>
                </div><div>
                    <!--template bindings={}--><span>uginbmzqvp</span>
                </div><div>
                    <!--template bindings={}--><span>Test site name5pppppppppppppppp</span>
                </div><div>
                    <!--template bindings={}--><span>jzrmiwdhng</span>
                </div><div>
                    <!--template bindings={}--><span>kqulskuizh</span>
                </div><div>
                    <!--template bindings={}--><span>dhkczooalj</span>
                </div><div>
                    <!--template bindings={}--><span>muwbtzlfay</span>
                </div><div>
                    <!--template bindings={}--><span>wqgsskilvx</span>
                </div><div>
                    <!--template bindings={}--><span>baoxbzpxip</span>
                </div><div>
                    <!--template bindings={}--><span>sjxxlxmynm</span>
                </div><div>
                    <!--template bindings={}--><span>powevhjtzc</span>
                </div><div>
                    <!--template bindings={}--><span>vqjgpkkmgj</span>
                </div><div>
                    <!--template bindings={}--><span>eyozrdfcnw</span>
                </div><div>
                    <!--template bindings={}--><span>odzdgepsjh</span>
                </div><div>
                    <!--template bindings={}--><span>krzhjyelfl</span>
                </div><div>
                    <!--template bindings={}--><span>yqczpvmrwe</span>
                </div><div>
                    <!--template bindings={}--><span>frlhomwebnppppppppppppppppp</span>
                </div><div>
                    <!--template bindings={}--><span>ialcuxaqjk</span>
                </div><div>
                    <!--template bindings={}--><span>xvntuqfgdl</span>
                </div><div>
                    <!--template bindings={}--><span>hqpqphwxzv</span>
                </div><div>
                    <!--template bindings={}--><span>gezmxdxuej</span>
                </div><div>
                    <!--template bindings={}--><span>dftmlnmtmf</span>
                </div><div>
                    <!--template bindings={}--><span>cbdmrepcmg</span>
                </div><div>
                    <!--template bindings={}--><span>upoxilpvse</span>
                </div><div>
                    <!--template bindings={}--><span>binixmmpnf</span>
                </div><div>
                    <!--template bindings={}--><span>nqetdltnlw</span>
                </div><div>
                    <!--template bindings={}--><span>xnyfhtkpyd</span>
                </div><div>
                    <!--template bindings={}--><span>buzrynyswk</span>
                </div><div>
                    <!--template bindings={}--><span>REview test</span>
                </div><div>
                    <!--template bindings={}--><span>fyifzwodqhppppppppppppppppp</span>
                </div><div>
                    <!--template bindings={}--><span>hxoufyfaxg</span>
                </div><div>
                    <!--template bindings={}--><span>pzyvvdisjd</span>
                </div><div>
                    <!--template bindings={}--><span>uwhwkyfrqp</span>
                </div><div>
                    <!--template bindings={}--><span>owsvazlsiq</span>
                </div><div>
                    <!--template bindings={}--><span>svqksvbfqu</span>
                </div><div>
                    <!--template bindings={}--><span>czggpwyaan</span>
                </div><div>
                    <!--template bindings={}--><span>mlwaqrstyi</span>
                </div><div>
                    <!--template bindings={}--><span>new site </span>
                </div><div>
                    <!--template bindings={}--><span>vjpfdqlycb</span>
                </div><div>
                    <!--template bindings={}--><span>pnezzqonsxxxxxx</span>
                </div><div>
                    <!--template bindings={}--><span>uryyxlbfuk</span>
                </div><div>
                    <!--template bindings={}--><span>vowvnlruad</span>
                </div><div>
                    <!--template bindings={}--><span>mcmnqsyghm</span>
                </div><div>
                    <!--template bindings={}--><span>vmxpslznwj</span>
                </div><div>
                    <!--template bindings={}--><span>algmkbwuyc</span>
                </div><div>
                    <!--template bindings={}--><span>srndlxbopv</span>
                </div><div>
                    <!--template bindings={}--><span>kswstwcuis</span>
                </div><div>
                    <!--template bindings={}--><span>sfndrujcdjpppppppppppppppppp</span>
                </div><div>
                    <!--template bindings={}--><span>hmndjdiimh</span>
                </div><div>
                    <!--template bindings={}--><span>Edited vncqvfhreu</span>
                </div><div>
                    <!--template bindings={}--><span>Edited dfxypujuop</span>
                </div><div>
                    <!--template bindings={}--><span>eenoyyavsj</span>
                </div><div>
                    <!--template bindings={}--><span>rfiqmkjkac</span>
                </div><div>
                    <!--template bindings={}--><span>rvknzynxxx</span>
                </div><div>
                    <!--template bindings={}--><span>mufnigqxpf</span>
                </div><div>
                    <!--template bindings={}--><span>spkgzqqqjh</span>
                </div><div>
                    <!--template bindings={}--><span>rotlyfymxp</span>
                </div>
            </td>
            <td>
                <!--template bindings={}--><span>Organization Admin<!--template bindings={}--><span>, </span></span><span>HCP<!--template bindings={}--></span>
            </td>
            <td>
                <img alt="edit hcp" class="clickable center-vertically" src="/bundles/frontend/img/hcp-list/pencil_sans_circle.svg" />
            </td>
        </tr><tr class="user-table-row">
            <td>
                <div class="flex">
                    <div class="uppercase center-vertically">
                        <div>
                            <span class="bold">Marzullooo, Dan</span>
                        </div>
                        <div class="padding">
                            <span class="grey">c4cjjtest@gmail.com</span>
                        </div>
                        <div class="padding">
                            <span class="active">Active</span>
                            <!--template bindings={}-->
                        </div>
                    </div>
                </div>
            </td>
            <td>
                <!--template bindings={}--><div>
                    <!--template bindings={}--><span>QA All Plans Site 1</span>
                </div><div>
                    <!--template bindings={}--><span>JHI review new one</span>
                </div><div>
                    <!--template bindings={}--><span>Test</span>
                </div><div>
                    <!--template bindings={}--><span>Test site name512</span>
                </div><div>
                    <!--template bindings={}--><span>Test site name6</span>
                </div><div>
                    <!--template bindings={}--><span>Test site name55</span>
                </div><div>
                    <!--template bindings={}--><span>Test site name511000000000000000</span>
                </div><div>
                    <!--template bindings={}--><span>Test site name6ppppppppppppppp</span>
                </div><div>
                    <!--template bindings={}--><span>Test site name51300ppppppppppppppp</span>
                </div><div>
                    <!--template bindings={}--><span>Test site name500</span>
                </div><div>
                    <!--template bindings={}--><span>Test site name500</span>
                </div><div>
                    <!--template bindings={}--><span>Test site name50000000</span>
                </div><div>
                    <!--template bindings={}--><span>New_qwe1</span>
                </div><div>
                    <!--template bindings={}--><span>${siteName}</span>
                </div><div>
                    <!--template bindings={}--><span>zjxqslhwmq</span>
                </div><div>
                    <!--template bindings={}--><span>spvbbmabim</span>
                </div><div>
                    <!--template bindings={}--><span>Test site name5ppppppppppppppp</span>
                </div><div>
                    <!--template bindings={}--><span>goctovnxhh</span>
                </div><div>
                    <!--template bindings={}--><span>cnefnpjrnz</span>
                </div><div>
                    <!--template bindings={}--><span>uginbmzqvp</span>
                </div><div>
                    <!--template bindings={}--><span>Test site name5pppppppppppppppp</span>
                </div><div>
                    <!--template bindings={}--><span>jzrmiwdhng</span>
                </div><div>
                    <!--template bindings={}--><span>kqulskuizh</span>
                </div><div>
                    <!--template bindings={}--><span>dhkczooalj</span>
                </div><div>
                    <!--template bindings={}--><span>muwbtzlfay</span>
                </div><div>
                    <!--template bindings={}--><span>wqgsskilvx</span>
                </div><div>
                    <!--template bindings={}--><span>baoxbzpxip</span>
                </div><div>
                    <!--template bindings={}--><span>sjxxlxmynm</span>
                </div><div>
                    <!--template bindings={}--><span>powevhjtzc</span>
                </div><div>
                    <!--template bindings={}--><span>vqjgpkkmgj</span>
                </div><div>
                    <!--template bindings={}--><span>eyozrdfcnw</span>
                </div><div>
                    <!--template bindings={}--><span>odzdgepsjh</span>
                </div><div>
                    <!--template bindings={}--><span>krzhjyelfl</span>
                </div><div>
                    <!--template bindings={}--><span>yqczpvmrwe</span>
                </div><div>
                    <!--template bindings={}--><span>frlhomwebnppppppppppppppppp</span>
                </div><div>
                    <!--template bindings={}--><span>ialcuxaqjk</span>
                </div><div>
                    <!--template bindings={}--><span>xvntuqfgdl</span>
                </div><div>
                    <!--template bindings={}--><span>hqpqphwxzv</span>
                </div><div>
                    <!--template bindings={}--><span>gezmxdxuej</span>
                </div><div>
                    <!--template bindings={}--><span>dftmlnmtmf</span>
                </div><div>
                    <!--template bindings={}--><span>cbdmrepcmg</span>
                </div><div>
                    <!--template bindings={}--><span>upoxilpvse</span>
                </div><div>
                    <!--template bindings={}--><span>binixmmpnf</span>
                </div><div>
                    <!--template bindings={}--><span>nqetdltnlw</span>
                </div><div>
                    <!--template bindings={}--><span>xnyfhtkpyd</span>
                </div><div>
                    <!--template bindings={}--><span>buzrynyswk</span>
                </div><div>
                    <!--template bindings={}--><span>REview test</span>
                </div><div>
                    <!--template bindings={}--><span>fyifzwodqhppppppppppppppppp</span>
                </div><div>
                    <!--template bindings={}--><span>hxoufyfaxg</span>
                </div><div>
                    <!--template bindings={}--><span>pzyvvdisjd</span>
                </div><div>
                    <!--template bindings={}--><span>uwhwkyfrqp</span>
                </div><div>
                    <!--template bindings={}--><span>owsvazlsiq</span>
                </div><div>
                    <!--template bindings={}--><span>svqksvbfqu</span>
                </div><div>
                    <!--template bindings={}--><span>czggpwyaan</span>
                </div><div>
                    <!--template bindings={}--><span>mlwaqrstyi</span>
                </div><div>
                    <!--template bindings={}--><span>new site </span>
                </div><div>
                    <!--template bindings={}--><span>vjpfdqlycb</span>
                </div><div>
                    <!--template bindings={}--><span>pnezzqonsxxxxxx</span>
                </div><div>
                    <!--template bindings={}--><span>uryyxlbfuk</span>
                </div><div>
                    <!--template bindings={}--><span>vowvnlruad</span>
                </div><div>
                    <!--template bindings={}--><span>mcmnqsyghm</span>
                </div><div>
                    <!--template bindings={}--><span>vmxpslznwj</span>
                </div><div>
                    <!--template bindings={}--><span>algmkbwuyc</span>
                </div><div>
                    <!--template bindings={}--><span>srndlxbopv</span>
                </div><div>
                    <!--template bindings={}--><span>kswstwcuis</span>
                </div><div>
                    <!--template bindings={}--><span>sfndrujcdjpppppppppppppppppp</span>
                </div><div>
                    <!--template bindings={}--><span>hmndjdiimh</span>
                </div><div>
                    <!--template bindings={}--><span>Edited vncqvfhreu</span>
                </div><div>
                    <!--template bindings={}--><span>Edited dfxypujuop</span>
                </div><div>
                    <!--template bindings={}--><span>eenoyyavsj</span>
                </div><div>
                    <!--template bindings={}--><span>rfiqmkjkac</span>
                </div><div>
                    <!--template bindings={}--><span>rvknzynxxx</span>
                </div><div>
                    <!--template bindings={}--><span>mufnigqxpf</span>
                </div><div>
                    <!--template bindings={}--><span>spkgzqqqjh</span>
                </div><div>
                    <!--template bindings={}--><span>rotlyfymxp</span>
                </div><div>
                    <!--template bindings={}--><span>bboxrnpaas</span>
                </div><div>
                    <!--template bindings={}--><span>sppovuandd</span>
                </div><div>
                    <!--template bindings={}--><span>fvcmyzydtm</span>
                </div><div>
                    <!--template bindings={}--><span>yluwcujudn</span>
                </div><div>
                    <!--template bindings={}--><span>vggnonlupk</span>
                </div><div>
                    <!--template bindings={}--><span>rburvjxecg</span>
                </div><div>
                    <!--template bindings={}--><span>ziekxhfomg</span>
                </div><div>
                    <!--template bindings={}--><span>fhgjhkl</span>
                </div>
            </td>
            <td>
                <!--template bindings={}--><span>Organization Admin<!--template bindings={}--><span>, </span></span><span>Site Admin<!--template bindings={}--><span>, </span></span><span>HCP<!--template bindings={}--></span>
            </td>
            <td>
                <img alt="edit hcp" class="clickable center-vertically" src="/bundles/frontend/img/hcp-list/pencil_sans_circle.svg" />
            </td>
        </tr><tr class="user-table-row">
            <td>
                <div class="flex">
                    <div class="uppercase center-vertically">
                        <div>
                            <span class="bold">Test, Test</span>
                        </div>
                        <div class="padding">
                            <span class="grey">c4cjjtest+01@gmail.com</span>
                        </div>
                        <div class="padding">
                            <span class="active">Active</span>
                            <!--template bindings={}-->
                        </div>
                    </div>
                </div>
            </td>
            <td>
                <!--template bindings={}--><div>
                    <!--template bindings={}--><span>QA All Plans Site 1</span>
                </div><div>
                    <!--template bindings={}--><span>JHI review new one</span>
                </div><div>
                    <!--template bindings={}--><span>Test</span>
                </div><div>
                    <!--template bindings={}--><span>Test site name512</span>
                </div><div>
                    <!--template bindings={}--><span>Test site name6</span>
                </div><div>
                    <!--template bindings={}--><span>Test site name6</span>
                </div><div>
                    <!--template bindings={}--><span>Test site name6</span>
                </div><div>
                    <!--template bindings={}--><span>Test site name6</span>
                </div><div>
                    <!--template bindings={}--><span>Test site name55</span>
                </div><div>
                    <!--template bindings={}--><span>Test site name511000000000000000</span>
                </div><div>
                    <!--template bindings={}--><span>Test site name6</span>
                </div><div>
                    <!--template bindings={}--><span>Test site name6ppppppppppppppp</span>
                </div><div>
                    <!--template bindings={}--><span>Test site name51300ppppppppppppppp</span>
                </div><div>
                    <!--template bindings={}--><span>Test site name500</span>
                </div><div>
                    <!--template bindings={}--><span>Test site name500</span>
                </div><div>
                    <!--template bindings={}--><span>Test site name50000000</span>
                </div><div>
                    <!--template bindings={}--><span>New_qwe1</span>
                </div><div>
                    <!--template bindings={}--><span>${siteName}</span>
                </div><div>
                    <!--template bindings={}--><span>zjxqslhwmq</span>
                </div><div>
                    <!--template bindings={}--><span>spvbbmabim</span>
                </div><div>
                    <!--template bindings={}--><span>Test site name5ppppppppppppppp</span>
                </div><div>
                    <!--template bindings={}--><span>Test site name6</span>
                </div><div>
                    <!--template bindings={}--><span>goctovnxhh</span>
                </div><div>
                    <!--template bindings={}--><span>cnefnpjrnz</span>
                </div><div>
                    <!--template bindings={}--><span>uginbmzqvp</span>
                </div>
            </td>
            <td>
                <!--template bindings={}--><span>Organization Admin<!--template bindings={}--><span>, </span></span><span>Site Admin<!--template bindings={}--><span>, </span></span><span>HCP<!--template bindings={}--></span>
            </td>
            <td>
                <img alt="edit hcp" class="clickable center-vertically" src="/bundles/frontend/img/hcp-list/pencil_sans_circle.svg" />
            </td>
        </tr><tr class="user-table-row">
            <td>
                <div class="flex">
                    <div class="uppercase center-vertically">
                        <div>
                            <span class="bold">Caliente, Ryan</span>
                        </div>
                        <div class="padding">
                            <span class="grey">rcampane@its.jnj.com</span>
                        </div>
                        <div class="padding">
                            <span class="active">Active</span>
                            <!--template bindings={}-->
                        </div>
                    </div>
                </div>
            </td>
            <td>
                <!--template bindings={}--><div>
                    <!--template bindings={}--><span>QA All Plans Site 1</span>
                </div><div>
                    <!--template bindings={}--><span>JHI review new one</span>
                </div><div>
                    <!--template bindings={}--><span>Test</span>
                </div><div>
                    <!--template bindings={}--><span>Test site name512</span>
                </div><div>
                    <!--template bindings={}--><span>Test site name6</span>
                </div><div>
                    <!--template bindings={}--><span>Test site name6</span>
                </div><div>
                    <!--template bindings={}--><span>Test site name6</span>
                </div><div>
                    <!--template bindings={}--><span>Test site name6</span>
                </div><div>
                    <!--template bindings={}--><span>Test site name55</span>
                </div><div>
                    <!--template bindings={}--><span>Test site name511000000000000000</span>
                </div><div>
                    <!--template bindings={}--><span>Test site name6</span>
                </div><div>
                    <!--template bindings={}--><span>Test site name6ppppppppppppppp</span>
                </div><div>
                    <!--template bindings={}--><span>Test site name51300ppppppppppppppp</span>
                </div><div>
                    <!--template bindings={}--><span>Test site name500</span>
                </div><div>
                    <!--template bindings={}--><span>Test site name500</span>
                </div><div>
                    <!--template bindings={}--><span>Test site name50000000</span>
                </div><div>
                    <!--template bindings={}--><span>New_qwe1</span>
                </div><div>
                    <!--template bindings={}--><span>${siteName}</span>
                </div><div>
                    <!--template bindings={}--><span>zjxqslhwmq</span>
                </div><div>
                    <!--template bindings={}--><span>spvbbmabim</span>
                </div><div>
                    <!--template bindings={}--><span>Test site name5ppppppppppppppp</span>
                </div><div>
                    <!--template bindings={}--><span>Test site name6</span>
                </div><div>
                    <!--template bindings={}--><span>goctovnxhh</span>
                </div><div>
                    <!--template bindings={}--><span>cnefnpjrnz</span>
                </div><div>
                    <!--template bindings={}--><span>uginbmzqvp</span>
                </div><div>
                    <!--template bindings={}--><span>Test site name5pppppppppppppppp</span>
                </div><div>
                    <!--template bindings={}--><span>Test site name6</span>
                </div><div>
                    <!--template bindings={}--><span>Test site name6</span>
                </div><div>
                    <!--template bindings={}--><span>jzrmiwdhng</span>
                </div><div>
                    <!--template bindings={}--><span>kqulskuizh</span>
                </div><div>
                    <!--template bindings={}--><span>dhkczooalj</span>
                </div><div>
                    <!--template bindings={}--><span>muwbtzlfay</span>
                </div><div>
                    <!--template bindings={}--><span>wqgsskilvx</span>
                </div><div>
                    <!--template bindings={}--><span>baoxbzpxip</span>
                </div><div>
                    <!--template bindings={}--><span>sjxxlxmynm</span>
                </div><div>
                    <!--template bindings={}--><span>powevhjtzc</span>
                </div><div>
                    <!--template bindings={}--><span>vqjgpkkmgj</span>
                </div><div>
                    <!--template bindings={}--><span>eyozrdfcnw</span>
                </div><div>
                    <!--template bindings={}--><span>odzdgepsjh</span>
                </div><div>
                    <!--template bindings={}--><span>krzhjyelfl</span>
                </div><div>
                    <!--template bindings={}--><span>yqczpvmrwe</span>
                </div><div>
                    <!--template bindings={}--><span>frlhomwebnppppppppppppppppp</span>
                </div><div>
                    <!--template bindings={}--><span>ialcuxaqjk</span>
                </div><div>
                    <!--template bindings={}--><span>xvntuqfgdl</span>
                </div><div>
                    <!--template bindings={}--><span>hqpqphwxzv</span>
                </div><div>
                    <!--template bindings={}--><span>gezmxdxuej</span>
                </div><div>
                    <!--template bindings={}--><span>dftmlnmtmf</span>
                </div><div>
                    <!--template bindings={}--><span>cbdmrepcmg</span>
                </div><div>
                    <!--template bindings={}--><span>upoxilpvse</span>
                </div><div>
                    <!--template bindings={}--><span>binixmmpnf</span>
                </div><div>
                    <!--template bindings={}--><span>nqetdltnlw</span>
                </div><div>
                    <!--template bindings={}--><span>xnyfhtkpyd</span>
                </div><div>
                    <!--template bindings={}--><span>buzrynyswk</span>
                </div><div>
                    <!--template bindings={}--><span>REview test</span>
                </div><div>
                    <!--template bindings={}--><span>fyifzwodqhppppppppppppppppp</span>
                </div><div>
                    <!--template bindings={}--><span>hxoufyfaxg</span>
                </div><div>
                    <!--template bindings={}--><span>pzyvvdisjd</span>
                </div><div>
                    <!--template bindings={}--><span>uwhwkyfrqp</span>
                </div><div>
                    <!--template bindings={}--><span>owsvazlsiq</span>
                </div><div>
                    <!--template bindings={}--><span>svqksvbfqu</span>
                </div><div>
                    <!--template bindings={}--><span>czggpwyaan</span>
                </div><div>
                    <!--template bindings={}--><span>mlwaqrstyi</span>
                </div><div>
                    <!--template bindings={}--><span>new site </span>
                </div><div>
                    <!--template bindings={}--><span>vjpfdqlycb</span>
                </div><div>
                    <!--template bindings={}--><span>pnezzqonsxxxxxx</span>
                </div><div>
                    <!--template bindings={}--><span>uryyxlbfuk</span>
                </div><div>
                    <!--template bindings={}--><span>vowvnlruad</span>
                </div><div>
                    <!--template bindings={}--><span>mcmnqsyghm</span>
                </div><div>
                    <!--template bindings={}--><span>vmxpslznwj</span>
                </div><div>
                    <!--template bindings={}--><span>algmkbwuyc</span>
                </div><div>
                    <!--template bindings={}--><span>srndlxbopv</span>
                </div><div>
                    <!--template bindings={}--><span>kswstwcuis</span>
                </div><div>
                    <!--template bindings={}--><span>sfndrujcdjpppppppppppppppppp</span>
                </div><div>
                    <!--template bindings={}--><span>hmndjdiimh</span>
                </div><div>
                    <!--template bindings={}--><span>Edited vncqvfhreu</span>
                </div><div>
                    <!--template bindings={}--><span>Edited dfxypujuop</span>
                </div><div>
                    <!--template bindings={}--><span>eenoyyavsj</span>
                </div><div>
                    <!--template bindings={}--><span>rfiqmkjkac</span>
                </div><div>
                    <!--template bindings={}--><span>rvknzynxxx</span>
                </div><div>
                    <!--template bindings={}--><span>mufnigqxpf</span>
                </div><div>
                    <!--template bindings={}--><span>spkgzqqqjh</span>
                </div><div>
                    <!--template bindings={}--><span>rotlyfymxp</span>
                </div>
            </td>
            <td>
                <!--template bindings={}--><span>Organization Admin<!--template bindings={}--><span>, </span></span><span>Site Admin<!--template bindings={}--><span>, </span></span><span>HCP<!--template bindings={}--></span>
            </td>
            <td>
                <img alt="edit hcp" class="clickable center-vertically" src="/bundles/frontend/img/hcp-list/pencil_sans_circle.svg" />
            </td>
        </tr><tr class="user-table-row">
            <td>
                <div class="flex">
                    <div class="uppercase center-vertically">
                        <div>
                            <span class="bold">Admin, Admin</span>
                        </div>
                        <div class="padding">
                            <span class="grey">l412245@mvrht.com</span>
                        </div>
                        <div class="padding">
                            <span class="active">Active</span>
                            <!--template bindings={}-->
                        </div>
                    </div>
                </div>
            </td>
            <td>
                <!--template bindings={}--><div>
                    <!--template bindings={}--><span>QA All Plans Site 1</span>
                </div><div>
                    <!--template bindings={}--><span>JHI review new one</span>
                </div><div>
                    <!--template bindings={}--><span>Test</span>
                </div><div>
                    <!--template bindings={}--><span>Test site name512</span>
                </div><div>
                    <!--template bindings={}--><span>Test site name6</span>
                </div><div>
                    <!--template bindings={}--><span>Test site name6</span>
                </div><div>
                    <!--template bindings={}--><span>Test site name6</span>
                </div><div>
                    <!--template bindings={}--><span>Test site name6</span>
                </div><div>
                    <!--template bindings={}--><span>Test site name55</span>
                </div><div>
                    <!--template bindings={}--><span>Test site name511000000000000000</span>
                </div><div>
                    <!--template bindings={}--><span>Test site name6</span>
                </div><div>
                    <!--template bindings={}--><span>Test site name6ppppppppppppppp</span>
                </div><div>
                    <!--template bindings={}--><span>Test site name51300ppppppppppppppp</span>
                </div><div>
                    <!--template bindings={}--><span>Test site name500</span>
                </div><div>
                    <!--template bindings={}--><span>Test site name500</span>
                </div><div>
                    <!--template bindings={}--><span>Test site name50000000</span>
                </div><div>
                    <!--template bindings={}--><span>New_qwe1</span>
                </div><div>
                    <!--template bindings={}--><span>${siteName}</span>
                </div><div>
                    <!--template bindings={}--><span>zjxqslhwmq</span>
                </div><div>
                    <!--template bindings={}--><span>spvbbmabim</span>
                </div><div>
                    <!--template bindings={}--><span>Test site name5ppppppppppppppp</span>
                </div><div>
                    <!--template bindings={}--><span>Test site name6</span>
                </div><div>
                    <!--template bindings={}--><span>goctovnxhh</span>
                </div><div>
                    <!--template bindings={}--><span>cnefnpjrnz</span>
                </div><div>
                    <!--template bindings={}--><span>uginbmzqvp</span>
                </div><div>
                    <!--template bindings={}--><span>Test site name5pppppppppppppppp</span>
                </div><div>
                    <!--template bindings={}--><span>Test site name6</span>
                </div><div>
                    <!--template bindings={}--><span>Test site name6</span>
                </div><div>
                    <!--template bindings={}--><span>jzrmiwdhng</span>
                </div><div>
                    <!--template bindings={}--><span>kqulskuizh</span>
                </div><div>
                    <!--template bindings={}--><span>dhkczooalj</span>
                </div><div>
                    <!--template bindings={}--><span>muwbtzlfay</span>
                </div><div>
                    <!--template bindings={}--><span>wqgsskilvx</span>
                </div><div>
                    <!--template bindings={}--><span>baoxbzpxip</span>
                </div><div>
                    <!--template bindings={}--><span>sjxxlxmynm</span>
                </div><div>
                    <!--template bindings={}--><span>powevhjtzc</span>
                </div><div>
                    <!--template bindings={}--><span>vqjgpkkmgj</span>
                </div><div>
                    <!--template bindings={}--><span>eyozrdfcnw</span>
                </div><div>
                    <!--template bindings={}--><span>odzdgepsjh</span>
                </div><div>
                    <!--template bindings={}--><span>krzhjyelfl</span>
                </div><div>
                    <!--template bindings={}--><span>yqczpvmrwe</span>
                </div><div>
                    <!--template bindings={}--><span>frlhomwebnppppppppppppppppp</span>
                </div><div>
                    <!--template bindings={}--><span>ialcuxaqjk</span>
                </div><div>
                    <!--template bindings={}--><span>xvntuqfgdl</span>
                </div><div>
                    <!--template bindings={}--><span>hqpqphwxzv</span>
                </div><div>
                    <!--template bindings={}--><span>gezmxdxuej</span>
                </div><div>
                    <!--template bindings={}--><span>dftmlnmtmf</span>
                </div><div>
                    <!--template bindings={}--><span>cbdmrepcmg</span>
                </div><div>
                    <!--template bindings={}--><span>upoxilpvse</span>
                </div><div>
                    <!--template bindings={}--><span>binixmmpnf</span>
                </div><div>
                    <!--template bindings={}--><span>nqetdltnlw</span>
                </div><div>
                    <!--template bindings={}--><span>xnyfhtkpyd</span>
                </div><div>
                    <!--template bindings={}--><span>buzrynyswk</span>
                </div><div>
                    <!--template bindings={}--><span>REview test</span>
                </div><div>
                    <!--template bindings={}--><span>fyifzwodqhppppppppppppppppp</span>
                </div><div>
                    <!--template bindings={}--><span>hxoufyfaxg</span>
                </div><div>
                    <!--template bindings={}--><span>pzyvvdisjd</span>
                </div><div>
                    <!--template bindings={}--><span>uwhwkyfrqp</span>
                </div><div>
                    <!--template bindings={}--><span>owsvazlsiq</span>
                </div><div>
                    <!--template bindings={}--><span>svqksvbfqu</span>
                </div><div>
                    <!--template bindings={}--><span>czggpwyaan</span>
                </div><div>
                    <!--template bindings={}--><span>mlwaqrstyi</span>
                </div><div>
                    <!--template bindings={}--><span>new site </span>
                </div><div>
                    <!--template bindings={}--><span>vjpfdqlycb</span>
                </div><div>
                    <!--template bindings={}--><span>pnezzqonsxxxxxx</span>
                </div><div>
                    <!--template bindings={}--><span>uryyxlbfuk</span>
                </div><div>
                    <!--template bindings={}--><span>vowvnlruad</span>
                </div><div>
                    <!--template bindings={}--><span>mcmnqsyghm</span>
                </div><div>
                    <!--template bindings={}--><span>vmxpslznwj</span>
                </div><div>
                    <!--template bindings={}--><span>algmkbwuyc</span>
                </div><div>
                    <!--template bindings={}--><span>srndlxbopv</span>
                </div><div>
                    <!--template bindings={}--><span>kswstwcuis</span>
                </div><div>
                    <!--template bindings={}--><span>sfndrujcdjpppppppppppppppppp</span>
                </div><div>
                    <!--template bindings={}--><span>hmndjdiimh</span>
                </div><div>
                    <!--template bindings={}--><span>Edited vncqvfhreu</span>
                </div><div>
                    <!--template bindings={}--><span>Edited dfxypujuop</span>
                </div><div>
                    <!--template bindings={}--><span>eenoyyavsj</span>
                </div><div>
                    <!--template bindings={}--><span>rfiqmkjkac</span>
                </div><div>
                    <!--template bindings={}--><span>rvknzynxxx</span>
                </div><div>
                    <!--template bindings={}--><span>mufnigqxpf</span>
                </div><div>
                    <!--template bindings={}--><span>spkgzqqqjh</span>
                </div><div>
                    <!--template bindings={}--><span>rotlyfymxp</span>
                </div><div>
                    <!--template bindings={}--><span>bboxrnpaas</span>
                </div><div>
                    <!--template bindings={}--><span>sppovuandd</span>
                </div><div>
                    <!--template bindings={}--><span>fvcmyzydtm</span>
                </div><div>
                    <!--template bindings={}--><span>yluwcujudn</span>
                </div><div>
                    <!--template bindings={}--><span>vggnonlupk</span>
                </div><div>
                    <!--template bindings={}--><span>rburvjxecg</span>
                </div><div>
                    <!--template bindings={}--><span>ziekxhfomg</span>
                </div>
            </td>
            <td>
                <!--template bindings={}--><span>Organization Admin<!--template bindings={}--><span>, </span></span><span>Site Admin<!--template bindings={}--><span>, </span></span><span>HCP<!--template bindings={}--></span>
            </td>
            <td>
                <img alt="edit hcp" class="clickable center-vertically" src="/bundles/frontend/img/hcp-list/pencil_sans_circle.svg" />
            </td>
        </tr><tr class="user-table-row">
            <td>
                <div class="flex">
                    <div class="uppercase center-vertically">
                        <div>
                            <span class="bold">Badiyani, Saurin</span>
                        </div>
                        <div class="padding">
                            <span class="grey">sbadiyan@its.jnj.com</span>
                        </div>
                        <div class="padding">
                            <span class="active">Active</span>
                            <!--template bindings={}-->
                        </div>
                    </div>
                </div>
            </td>
            <td>
                <!--template bindings={}--><div>
                    <!--template bindings={}--><span>QA All Plans Site 1</span>
                </div><div>
                    <!--template bindings={}--><span>JHI review new one</span>
                </div><div>
                    <!--template bindings={}--><span>Test</span>
                </div><div>
                    <!--template bindings={}--><span>Test site name512</span>
                </div><div>
                    <!--template bindings={}--><span>Test site name6</span>
                </div><div>
                    <!--template bindings={}--><span>Test site name6</span>
                </div><div>
                    <!--template bindings={}--><span>Test site name6</span>
                </div><div>
                    <!--template bindings={}--><span>Test site name6</span>
                </div><div>
                    <!--template bindings={}--><span>Test site name55</span>
                </div><div>
                    <!--template bindings={}--><span>Test site name511000000000000000</span>
                </div><div>
                    <!--template bindings={}--><span>Test site name6</span>
                </div><div>
                    <!--template bindings={}--><span>Test site name6ppppppppppppppp</span>
                </div><div>
                    <!--template bindings={}--><span>Test site name51300ppppppppppppppp</span>
                </div><div>
                    <!--template bindings={}--><span>Test site name500</span>
                </div><div>
                    <!--template bindings={}--><span>Test site name500</span>
                </div><div>
                    <!--template bindings={}--><span>Test site name50000000</span>
                </div><div>
                    <!--template bindings={}--><span>New_qwe1</span>
                </div><div>
                    <!--template bindings={}--><span>${siteName}</span>
                </div><div>
                    <!--template bindings={}--><span>zjxqslhwmq</span>
                </div><div>
                    <!--template bindings={}--><span>spvbbmabim</span>
                </div><div>
                    <!--template bindings={}--><span>Test site name5ppppppppppppppp</span>
                </div><div>
                    <!--template bindings={}--><span>Test site name6</span>
                </div><div>
                    <!--template bindings={}--><span>goctovnxhh</span>
                </div><div>
                    <!--template bindings={}--><span>cnefnpjrnz</span>
                </div><div>
                    <!--template bindings={}--><span>uginbmzqvp</span>
                </div><div>
                    <!--template bindings={}--><span>Test site name5pppppppppppppppp</span>
                </div><div>
                    <!--template bindings={}--><span>Test site name6</span>
                </div><div>
                    <!--template bindings={}--><span>Test site name6</span>
                </div><div>
                    <!--template bindings={}--><span>jzrmiwdhng</span>
                </div><div>
                    <!--template bindings={}--><span>kqulskuizh</span>
                </div><div>
                    <!--template bindings={}--><span>dhkczooalj</span>
                </div><div>
                    <!--template bindings={}--><span>muwbtzlfay</span>
                </div><div>
                    <!--template bindings={}--><span>wqgsskilvx</span>
                </div><div>
                    <!--template bindings={}--><span>baoxbzpxip</span>
                </div><div>
                    <!--template bindings={}--><span>sjxxlxmynm</span>
                </div><div>
                    <!--template bindings={}--><span>powevhjtzc</span>
                </div><div>
                    <!--template bindings={}--><span>vqjgpkkmgj</span>
                </div><div>
                    <!--template bindings={}--><span>eyozrdfcnw</span>
                </div><div>
                    <!--template bindings={}--><span>odzdgepsjh</span>
                </div><div>
                    <!--template bindings={}--><span>krzhjyelfl</span>
                </div><div>
                    <!--template bindings={}--><span>yqczpvmrwe</span>
                </div><div>
                    <!--template bindings={}--><span>frlhomwebnppppppppppppppppp</span>
                </div><div>
                    <!--template bindings={}--><span>ialcuxaqjk</span>
                </div><div>
                    <!--template bindings={}--><span>xvntuqfgdl</span>
                </div><div>
                    <!--template bindings={}--><span>hqpqphwxzv</span>
                </div><div>
                    <!--template bindings={}--><span>gezmxdxuej</span>
                </div>
            </td>
            <td>
                <!--template bindings={}--><span>Organization Admin<!--template bindings={}--><span>, </span></span><span>Site Admin<!--template bindings={}--><span>, </span></span><span>HCP<!--template bindings={}--></span>
            </td>
            <td>
                <img alt="edit hcp" class="clickable center-vertically" src="/bundles/frontend/img/hcp-list/pencil_sans_circle.svg" />
            </td>
        </tr><tr class="user-table-row">
            <td>
                <div class="flex">
                    <div class="uppercase center-vertically">
                        <div>
                            <span class="bold">Fields, Orion</span>
                        </div>
                        <div class="padding">
                            <span class="grey">ofields@gmail.com</span>
                        </div>
                        <div class="padding">
                            <span class="active">Active</span>
                            <!--template bindings={}-->
                        </div>
                    </div>
                </div>
            </td>
            <td>
                <!--template bindings={}--><div>
                    <!--template bindings={}--><span>QA All Plans Site 1</span>
                </div><div>
                    <!--template bindings={}--><span>JHI review new one</span>
                </div><div>
                    <!--template bindings={}--><span>Test</span>
                </div><div>
                    <!--template bindings={}--><span>Test site name512</span>
                </div><div>
                    <!--template bindings={}--><span>Test site name6</span>
                </div><div>
                    <!--template bindings={}--><span>Test site name6</span>
                </div><div>
                    <!--template bindings={}--><span>Test site name6</span>
                </div><div>
                    <!--template bindings={}--><span>Test site name6</span>
                </div><div>
                    <!--template bindings={}--><span>Test site name55</span>
                </div><div>
                    <!--template bindings={}--><span>Test site name511000000000000000</span>
                </div><div>
                    <!--template bindings={}--><span>Test site name6</span>
                </div><div>
                    <!--template bindings={}--><span>Test site name6ppppppppppppppp</span>
                </div><div>
                    <!--template bindings={}--><span>Test site name51300ppppppppppppppp</span>
                </div><div>
                    <!--template bindings={}--><span>Test site name500</span>
                </div><div>
                    <!--template bindings={}--><span>Test site name500</span>
                </div><div>
                    <!--template bindings={}--><span>Test site name50000000</span>
                </div><div>
                    <!--template bindings={}--><span>New_qwe1</span>
                </div><div>
                    <!--template bindings={}--><span>${siteName}</span>
                </div><div>
                    <!--template bindings={}--><span>zjxqslhwmq</span>
                </div><div>
                    <!--template bindings={}--><span>spvbbmabim</span>
                </div><div>
                    <!--template bindings={}--><span>Test site name5ppppppppppppppp</span>
                </div><div>
                    <!--template bindings={}--><span>Test site name6</span>
                </div><div>
                    <!--template bindings={}--><span>goctovnxhh</span>
                </div><div>
                    <!--template bindings={}--><span>cnefnpjrnz</span>
                </div><div>
                    <!--template bindings={}--><span>uginbmzqvp</span>
                </div><div>
                    <!--template bindings={}--><span>Test site name5pppppppppppppppp</span>
                </div><div>
                    <!--template bindings={}--><span>Test site name6</span>
                </div><div>
                    <!--template bindings={}--><span>Test site name6</span>
                </div><div>
                    <!--template bindings={}--><span>jzrmiwdhng</span>
                </div><div>
                    <!--template bindings={}--><span>kqulskuizh</span>
                </div><div>
                    <!--template bindings={}--><span>dhkczooalj</span>
                </div><div>
                    <!--template bindings={}--><span>muwbtzlfay</span>
                </div><div>
                    <!--template bindings={}--><span>wqgsskilvx</span>
                </div><div>
                    <!--template bindings={}--><span>baoxbzpxip</span>
                </div><div>
                    <!--template bindings={}--><span>sjxxlxmynm</span>
                </div><div>
                    <!--template bindings={}--><span>powevhjtzc</span>
                </div><div>
                    <!--template bindings={}--><span>vqjgpkkmgj</span>
                </div><div>
                    <!--template bindings={}--><span>eyozrdfcnw</span>
                </div><div>
                    <!--template bindings={}--><span>odzdgepsjh</span>
                </div><div>
                    <!--template bindings={}--><span>krzhjyelfl</span>
                </div><div>
                    <!--template bindings={}--><span>yqczpvmrwe</span>
                </div><div>
                    <!--template bindings={}--><span>frlhomwebnppppppppppppppppp</span>
                </div><div>
                    <!--template bindings={}--><span>ialcuxaqjk</span>
                </div><div>
                    <!--template bindings={}--><span>xvntuqfgdl</span>
                </div><div>
                    <!--template bindings={}--><span>hqpqphwxzv</span>
                </div><div>
                    <!--template bindings={}--><span>gezmxdxuej</span>
                </div><div>
                    <!--template bindings={}--><span>dftmlnmtmf</span>
                </div><div>
                    <!--template bindings={}--><span>cbdmrepcmg</span>
                </div><div>
                    <!--template bindings={}--><span>upoxilpvse</span>
                </div><div>
                    <!--template bindings={}--><span>binixmmpnf</span>
                </div><div>
                    <!--template bindings={}--><span>nqetdltnlw</span>
                </div><div>
                    <!--template bindings={}--><span>xnyfhtkpyd</span>
                </div><div>
                    <!--template bindings={}--><span>buzrynyswk</span>
                </div><div>
                    <!--template bindings={}--><span>REview test</span>
                </div><div>
                    <!--template bindings={}--><span>fyifzwodqhppppppppppppppppp</span>
                </div><div>
                    <!--template bindings={}--><span>hxoufyfaxg</span>
                </div><div>
                    <!--template bindings={}--><span>pzyvvdisjd</span>
                </div><div>
                    <!--template bindings={}--><span>uwhwkyfrqp</span>
                </div><div>
                    <!--template bindings={}--><span>owsvazlsiq</span>
                </div><div>
                    <!--template bindings={}--><span>svqksvbfqu</span>
                </div><div>
                    <!--template bindings={}--><span>czggpwyaan</span>
                </div><div>
                    <!--template bindings={}--><span>mlwaqrstyi</span>
                </div><div>
                    <!--template bindings={}--><span>new site </span>
                </div><div>
                    <!--template bindings={}--><span>vjpfdqlycb</span>
                </div><div>
                    <!--template bindings={}--><span>pnezzqonsxxxxxx</span>
                </div><div>
                    <!--template bindings={}--><span>uryyxlbfuk</span>
                </div><div>
                    <!--template bindings={}--><span>vowvnlruad</span>
                </div><div>
                    <!--template bindings={}--><span>mcmnqsyghm</span>
                </div><div>
                    <!--template bindings={}--><span>vmxpslznwj</span>
                </div><div>
                    <!--template bindings={}--><span>algmkbwuyc</span>
                </div><div>
                    <!--template bindings={}--><span>srndlxbopv</span>
                </div><div>
                    <!--template bindings={}--><span>kswstwcuis</span>
                </div><div>
                    <!--template bindings={}--><span>sfndrujcdjpppppppppppppppppp</span>
                </div><div>
                    <!--template bindings={}--><span>hmndjdiimh</span>
                </div>
            </td>
            <td>
                <!--template bindings={}--><span>Organization Admin<!--template bindings={}--><span>, </span></span><span>Site Admin<!--template bindings={}--><span>, </span></span><span>HCP<!--template bindings={}--></span>
            </td>
            <td>
                <img alt="edit hcp" class="clickable center-vertically" src="/bundles/frontend/img/hcp-list/pencil_sans_circle.svg" />
            </td>
        </tr><tr class="user-table-row">
            <td>
                <div class="flex">
                    <div class="uppercase center-vertically">
                        <div>
                            <span class="bold">Luuuuuuuufortytwohuthuthike, Maddie</span>
                        </div>
                        <div class="padding">
                            <span class="grey">maddielu@gmail.com</span>
                        </div>
                        <div class="padding">
                            <span class="active">Active</span>
                            <!--template bindings={}-->
                        </div>
                    </div>
                </div>
            </td>
            <td>
                <!--template bindings={}--><div>
                    <!--template bindings={}--><span>QA All Plans Site 1</span>
                </div><div>
                    <!--template bindings={}--><span>JHI review new one</span>
                </div><div>
                    <!--template bindings={}--><span>Test</span>
                </div><div>
                    <!--template bindings={}--><span>Test site name512</span>
                </div><div>
                    <!--template bindings={}--><span>Test site name6</span>
                </div><div>
                    <!--template bindings={}--><span>Test site name6</span>
                </div><div>
                    <!--template bindings={}--><span>Test site name6</span>
                </div><div>
                    <!--template bindings={}--><span>Test site name6</span>
                </div><div>
                    <!--template bindings={}--><span>Test site name55</span>
                </div><div>
                    <!--template bindings={}--><span>Test site name511000000000000000</span>
                </div><div>
                    <!--template bindings={}--><span>Test site name6</span>
                </div><div>
                    <!--template bindings={}--><span>Test site name6ppppppppppppppp</span>
                </div><div>
                    <!--template bindings={}--><span>Test site name51300ppppppppppppppp</span>
                </div><div>
                    <!--template bindings={}--><span>Test site name500</span>
                </div><div>
                    <!--template bindings={}--><span>Test site name500</span>
                </div><div>
                    <!--template bindings={}--><span>Test site name50000000</span>
                </div><div>
                    <!--template bindings={}--><span>New_qwe1</span>
                </div><div>
                    <!--template bindings={}--><span>${siteName}</span>
                </div><div>
                    <!--template bindings={}--><span>zjxqslhwmq</span>
                </div><div>
                    <!--template bindings={}--><span>spvbbmabim</span>
                </div><div>
                    <!--template bindings={}--><span>Test site name5ppppppppppppppp</span>
                </div><div>
                    <!--template bindings={}--><span>Test site name6</span>
                </div><div>
                    <!--template bindings={}--><span>goctovnxhh</span>
                </div><div>
                    <!--template bindings={}--><span>cnefnpjrnz</span>
                </div><div>
                    <!--template bindings={}--><span>uginbmzqvp</span>
                </div><div>
                    <!--template bindings={}--><span>Test site name5pppppppppppppppp</span>
                </div><div>
                    <!--template bindings={}--><span>Test site name6</span>
                </div><div>
                    <!--template bindings={}--><span>Test site name6</span>
                </div><div>
                    <!--template bindings={}--><span>jzrmiwdhng</span>
                </div><div>
                    <!--template bindings={}--><span>kqulskuizh</span>
                </div><div>
                    <!--template bindings={}--><span>dhkczooalj</span>
                </div><div>
                    <!--template bindings={}--><span>muwbtzlfay</span>
                </div><div>
                    <!--template bindings={}--><span>wqgsskilvx</span>
                </div><div>
                    <!--template bindings={}--><span>baoxbzpxip</span>
                </div><div>
                    <!--template bindings={}--><span>sjxxlxmynm</span>
                </div><div>
                    <!--template bindings={}--><span>powevhjtzc</span>
                </div><div>
                    <!--template bindings={}--><span>vqjgpkkmgj</span>
                </div><div>
                    <!--template bindings={}--><span>eyozrdfcnw</span>
                </div><div>
                    <!--template bindings={}--><span>odzdgepsjh</span>
                </div><div>
                    <!--template bindings={}--><span>krzhjyelfl</span>
                </div><div>
                    <!--template bindings={}--><span>yqczpvmrwe</span>
                </div><div>
                    <!--template bindings={}--><span>frlhomwebnppppppppppppppppp</span>
                </div><div>
                    <!--template bindings={}--><span>ialcuxaqjk</span>
                </div><div>
                    <!--template bindings={}--><span>xvntuqfgdl</span>
                </div><div>
                    <!--template bindings={}--><span>hqpqphwxzv</span>
                </div><div>
                    <!--template bindings={}--><span>gezmxdxuej</span>
                </div><div>
                    <!--template bindings={}--><span>dftmlnmtmf</span>
                </div><div>
                    <!--template bindings={}--><span>cbdmrepcmg</span>
                </div><div>
                    <!--template bindings={}--><span>upoxilpvse</span>
                </div><div>
                    <!--template bindings={}--><span>binixmmpnf</span>
                </div><div>
                    <!--template bindings={}--><span>nqetdltnlw</span>
                </div><div>
                    <!--template bindings={}--><span>xnyfhtkpyd</span>
                </div><div>
                    <!--template bindings={}--><span>buzrynyswk</span>
                </div><div>
                    <!--template bindings={}--><span>REview test</span>
                </div><div>
                    <!--template bindings={}--><span>fyifzwodqhppppppppppppppppp</span>
                </div><div>
                    <!--template bindings={}--><span>hxoufyfaxg</span>
                </div><div>
                    <!--template bindings={}--><span>pzyvvdisjd</span>
                </div><div>
                    <!--template bindings={}--><span>uwhwkyfrqp</span>
                </div><div>
                    <!--template bindings={}--><span>owsvazlsiq</span>
                </div><div>
                    <!--template bindings={}--><span>svqksvbfqu</span>
                </div><div>
                    <!--template bindings={}--><span>czggpwyaan</span>
                </div><div>
                    <!--template bindings={}--><span>mlwaqrstyi</span>
                </div><div>
                    <!--template bindings={}--><span>new site </span>
                </div><div>
                    <!--template bindings={}--><span>vjpfdqlycb</span>
                </div><div>
                    <!--template bindings={}--><span>pnezzqonsxxxxxx</span>
                </div><div>
                    <!--template bindings={}--><span>uryyxlbfuk</span>
                </div><div>
                    <!--template bindings={}--><span>vowvnlruad</span>
                </div><div>
                    <!--template bindings={}--><span>mcmnqsyghm</span>
                </div><div>
                    <!--template bindings={}--><span>vmxpslznwj</span>
                </div><div>
                    <!--template bindings={}--><span>algmkbwuyc</span>
                </div><div>
                    <!--template bindings={}--><span>srndlxbopv</span>
                </div><div>
                    <!--template bindings={}--><span>kswstwcuis</span>
                </div><div>
                    <!--template bindings={}--><span>sfndrujcdjpppppppppppppppppp</span>
                </div><div>
                    <!--template bindings={}--><span>hmndjdiimh</span>
                </div><div>
                    <!--template bindings={}--><span>Edited vncqvfhreu</span>
                </div><div>
                    <!--template bindings={}--><span>Edited dfxypujuop</span>
                </div><div>
                    <!--template bindings={}--><span>eenoyyavsj</span>
                </div><div>
                    <!--template bindings={}--><span>rfiqmkjkac</span>
                </div><div>
                    <!--template bindings={}--><span>rvknzynxxx</span>
                </div><div>
                    <!--template bindings={}--><span>mufnigqxpf</span>
                </div><div>
                    <!--template bindings={}--><span>spkgzqqqjh</span>
                </div><div>
                    <!--template bindings={}--><span>rotlyfymxp</span>
                </div><div>
                    <!--template bindings={}--><span>bboxrnpaas</span>
                </div><div>
                    <!--template bindings={}--><span>sppovuandd</span>
                </div><div>
                    <!--template bindings={}--><span>fvcmyzydtm</span>
                </div><div>
                    <!--template bindings={}--><span>yluwcujudn</span>
                </div><div>
                    <!--template bindings={}--><span>vggnonlupk</span>
                </div>
            </td>
            <td>
                <!--template bindings={}--><span>Organization Admin<!--template bindings={}--><span>, </span></span><span>Site Admin<!--template bindings={}--><span>, </span></span><span>HCP<!--template bindings={}--></span>
            </td>
            <td>
                <img alt="edit hcp" class="clickable center-vertically" src="/bundles/frontend/img/hcp-list/pencil_sans_circle.svg" />
            </td>
        </tr><tr class="user-table-row">
            <td>
                <div class="flex">
                    <div class="uppercase center-vertically">
                        <div>
                            <span class="bold">Hiray, Aryan</span>
                        </div>
                        <div class="padding">
                            <span class="grey">aryanhiray@gmail.com</span>
                        </div>
                        <div class="padding">
                            <span class="pending">Pending</span>
                            <!--template bindings={}--><span><a class="clickable">
                                (RESEND INVITE)</a></span>
                        </div>
                    </div>
                </div>
            </td>
            <td>
                <!--template bindings={}--><div>
                    <!--template bindings={}--><span>QA All Plans Site 1</span>
                </div>
            </td>
            <td>
                <!--template bindings={}--><span>Organization Admin<!--template bindings={}--><span>, </span></span><span>Site Admin<!--template bindings={}--><span>, </span></span><span>HCP<!--template bindings={}--></span>
            </td>
            <td>
                <img alt="edit hcp" class="clickable center-vertically" src="/bundles/frontend/img/hcp-list/pencil_sans_circle.svg" />
            </td>
        </tr><tr class="user-table-row">
            <td>
                <div class="flex">
                    <div class="uppercase center-vertically">
                        <div>
                            <span class="bold">AA zero, Review hcp zero</span>
                        </div>
                        <div class="padding">
                            <span class="grey">kattytestapp+revhcp@gmail.com</span>
                        </div>
                        <div class="padding">
                            <span class="active">Active</span>
                            <!--template bindings={}-->
                        </div>
                    </div>
                </div>
            </td>
            <td>
                <!--template bindings={}--><div>
                    <!--template bindings={}--><span>QA All Plans Site 1</span>
                </div><div>
                    <!--template bindings={}--><span>JHI review new one</span>
                </div><div>
                    <!--template bindings={}--><span>Test</span>
                </div><div>
                    <!--template bindings={}--><span>Test site name512</span>
                </div><div>
                    <!--template bindings={}--><span>Test site name6</span>
                </div><div>
                    <!--template bindings={}--><span>Test site name6</span>
                </div><div>
                    <!--template bindings={}--><span>Test site name6</span>
                </div><div>
                    <!--template bindings={}--><span>Test site name6</span>
                </div><div>
                    <!--template bindings={}--><span>Test site name55</span>
                </div><div>
                    <!--template bindings={}--><span>Test site name511000000000000000</span>
                </div><div>
                    <!--template bindings={}--><span>Test site name6</span>
                </div><div>
                    <!--template bindings={}--><span>Test site name6ppppppppppppppp</span>
                </div><div>
                    <!--template bindings={}--><span>Test site name51300ppppppppppppppp</span>
                </div><div>
                    <!--template bindings={}--><span>Test site name500</span>
                </div><div>
                    <!--template bindings={}--><span>Test site name500</span>
                </div><div>
                    <!--template bindings={}--><span>Test site name50000000</span>
                </div><div>
                    <!--template bindings={}--><span>New_qwe1</span>
                </div><div>
                    <!--template bindings={}--><span>${siteName}</span>
                </div><div>
                    <!--template bindings={}--><span>zjxqslhwmq</span>
                </div><div>
                    <!--template bindings={}--><span>spvbbmabim</span>
                </div><div>
                    <!--template bindings={}--><span>Test site name5ppppppppppppppp</span>
                </div><div>
                    <!--template bindings={}--><span>Test site name6</span>
                </div><div>
                    <!--template bindings={}--><span>goctovnxhh</span>
                </div><div>
                    <!--template bindings={}--><span>cnefnpjrnz</span>
                </div><div>
                    <!--template bindings={}--><span>uginbmzqvp</span>
                </div><div>
                    <!--template bindings={}--><span>Test site name5pppppppppppppppp</span>
                </div><div>
                    <!--template bindings={}--><span>Test site name6</span>
                </div><div>
                    <!--template bindings={}--><span>Test site name6</span>
                </div><div>
                    <!--template bindings={}--><span>jzrmiwdhng</span>
                </div><div>
                    <!--template bindings={}--><span>kqulskuizh</span>
                </div><div>
                    <!--template bindings={}--><span>dhkczooalj</span>
                </div><div>
                    <!--template bindings={}--><span>muwbtzlfay</span>
                </div><div>
                    <!--template bindings={}--><span>wqgsskilvx</span>
                </div><div>
                    <!--template bindings={}--><span>baoxbzpxip</span>
                </div><div>
                    <!--template bindings={}--><span>sjxxlxmynm</span>
                </div><div>
                    <!--template bindings={}--><span>powevhjtzc</span>
                </div><div>
                    <!--template bindings={}--><span>vqjgpkkmgj</span>
                </div><div>
                    <!--template bindings={}--><span>eyozrdfcnw</span>
                </div><div>
                    <!--template bindings={}--><span>odzdgepsjh</span>
                </div><div>
                    <!--template bindings={}--><span>krzhjyelfl</span>
                </div><div>
                    <!--template bindings={}--><span>yqczpvmrwe</span>
                </div><div>
                    <!--template bindings={}--><span>frlhomwebnppppppppppppppppp</span>
                </div><div>
                    <!--template bindings={}--><span>ialcuxaqjk</span>
                </div><div>
                    <!--template bindings={}--><span>xvntuqfgdl</span>
                </div><div>
                    <!--template bindings={}--><span>hqpqphwxzv</span>
                </div><div>
                    <!--template bindings={}--><span>gezmxdxuej</span>
                </div><div>
                    <!--template bindings={}--><span>dftmlnmtmf</span>
                </div><div>
                    <!--template bindings={}--><span>cbdmrepcmg</span>
                </div><div>
                    <!--template bindings={}--><span>upoxilpvse</span>
                </div><div>
                    <!--template bindings={}--><span>binixmmpnf</span>
                </div><div>
                    <!--template bindings={}--><span>nqetdltnlw</span>
                </div><div>
                    <!--template bindings={}--><span>xnyfhtkpyd</span>
                </div><div>
                    <!--template bindings={}--><span>buzrynyswk</span>
                </div><div>
                    <!--template bindings={}--><span>REview test</span>
                </div><div>
                    <!--template bindings={}--><span>fyifzwodqhppppppppppppppppp</span>
                </div><div>
                    <!--template bindings={}--><span>hxoufyfaxg</span>
                </div><div>
                    <!--template bindings={}--><span>pzyvvdisjd</span>
                </div><div>
                    <!--template bindings={}--><span>uwhwkyfrqp</span>
                </div><div>
                    <!--template bindings={}--><span>owsvazlsiq</span>
                </div><div>
                    <!--template bindings={}--><span>svqksvbfqu</span>
                </div><div>
                    <!--template bindings={}--><span>czggpwyaan</span>
                </div><div>
                    <!--template bindings={}--><span>mlwaqrstyi</span>
                </div><div>
                    <!--template bindings={}--><span>new site </span>
                </div><div>
                    <!--template bindings={}--><span>vjpfdqlycb</span>
                </div><div>
                    <!--template bindings={}--><span>pnezzqonsxxxxxx</span>
                </div><div>
                    <!--template bindings={}--><span>uryyxlbfuk</span>
                </div><div>
                    <!--template bindings={}--><span>vowvnlruad</span>
                </div><div>
                    <!--template bindings={}--><span>mcmnqsyghm</span>
                </div><div>
                    <!--template bindings={}--><span>vmxpslznwj</span>
                </div><div>
                    <!--template bindings={}--><span>algmkbwuyc</span>
                </div><div>
                    <!--template bindings={}--><span>srndlxbopv</span>
                </div><div>
                    <!--template bindings={}--><span>kswstwcuis</span>
                </div><div>
                    <!--template bindings={}--><span>sfndrujcdjpppppppppppppppppp</span>
                </div><div>
                    <!--template bindings={}--><span>hmndjdiimh</span>
                </div><div>
                    <!--template bindings={}--><span>Edited vncqvfhreu</span>
                </div><div>
                    <!--template bindings={}--><span>Edited dfxypujuop</span>
                </div><div>
                    <!--template bindings={}--><span>eenoyyavsj</span>
                </div><div>
                    <!--template bindings={}--><span>rfiqmkjkac</span>
                </div><div>
                    <!--template bindings={}--><span>rvknzynxxx</span>
                </div><div>
                    <!--template bindings={}--><span>mufnigqxpf</span>
                </div><div>
                    <!--template bindings={}--><span>spkgzqqqjh</span>
                </div><div>
                    <!--template bindings={}--><span>rotlyfymxp</span>
                </div>
            </td>
            <td>
                <!--template bindings={}--><span>Organization Admin<!--template bindings={}--><span>, </span></span><span>Site Admin<!--template bindings={}--><span>, </span></span><span>HCP<!--template bindings={}--></span>
            </td>
            <td>
                <img alt="edit hcp" class="clickable center-vertically" src="/bundles/frontend/img/hcp-list/pencil_sans_circle.svg" />
            </td>
        </tr><tr class="user-table-row">
            <td>
                <div class="flex">
                    <div class="uppercase center-vertically">
                        <div>
                            <span class="bold">P, Deepti</span>
                        </div>
                        <div class="padding">
                            <span class="grey">DEEPTIPUNYA@GMAIL.COM</span>
                        </div>
                        <div class="padding">
                            <span class="active">Active</span>
                            <!--template bindings={}-->
                        </div>
                    </div>
                </div>
            </td>
            <td>
                <!--template bindings={}--><div>
                    <!--template bindings={}--><span>QA All Plans Site 1</span>
                </div><div>
                    <!--template bindings={}--><span>JHI review new one</span>
                </div><div>
                    <!--template bindings={}--><span>Test</span>
                </div><div>
                    <!--template bindings={}--><span>Test site name512</span>
                </div><div>
                    <!--template bindings={}--><span>Test site name6</span>
                </div><div>
                    <!--template bindings={}--><span>Test site name6</span>
                </div><div>
                    <!--template bindings={}--><span>Test site name6</span>
                </div><div>
                    <!--template bindings={}--><span>Test site name6</span>
                </div><div>
                    <!--template bindings={}--><span>Test site name55</span>
                </div><div>
                    <!--template bindings={}--><span>Test site name511000000000000000</span>
                </div><div>
                    <!--template bindings={}--><span>Test site name6</span>
                </div><div>
                    <!--template bindings={}--><span>Test site name6ppppppppppppppp</span>
                </div><div>
                    <!--template bindings={}--><span>Test site name51300ppppppppppppppp</span>
                </div><div>
                    <!--template bindings={}--><span>Test site name500</span>
                </div><div>
                    <!--template bindings={}--><span>Test site name500</span>
                </div><div>
                    <!--template bindings={}--><span>Test site name50000000</span>
                </div><div>
                    <!--template bindings={}--><span>New_qwe1</span>
                </div><div>
                    <!--template bindings={}--><span>${siteName}</span>
                </div><div>
                    <!--template bindings={}--><span>zjxqslhwmq</span>
                </div><div>
                    <!--template bindings={}--><span>spvbbmabim</span>
                </div><div>
                    <!--template bindings={}--><span>Test site name5ppppppppppppppp</span>
                </div><div>
                    <!--template bindings={}--><span>Test site name6</span>
                </div><div>
                    <!--template bindings={}--><span>goctovnxhh</span>
                </div><div>
                    <!--template bindings={}--><span>cnefnpjrnz</span>
                </div><div>
                    <!--template bindings={}--><span>uginbmzqvp</span>
                </div><div>
                    <!--template bindings={}--><span>Test site name5pppppppppppppppp</span>
                </div><div>
                    <!--template bindings={}--><span>Test site name6</span>
                </div><div>
                    <!--template bindings={}--><span>Test site name6</span>
                </div><div>
                    <!--template bindings={}--><span>jzrmiwdhng</span>
                </div><div>
                    <!--template bindings={}--><span>kqulskuizh</span>
                </div><div>
                    <!--template bindings={}--><span>dhkczooalj</span>
                </div><div>
                    <!--template bindings={}--><span>muwbtzlfay</span>
                </div><div>
                    <!--template bindings={}--><span>wqgsskilvx</span>
                </div><div>
                    <!--template bindings={}--><span>baoxbzpxip</span>
                </div><div>
                    <!--template bindings={}--><span>sjxxlxmynm</span>
                </div><div>
                    <!--template bindings={}--><span>powevhjtzc</span>
                </div><div>
                    <!--template bindings={}--><span>vqjgpkkmgj</span>
                </div><div>
                    <!--template bindings={}--><span>eyozrdfcnw</span>
                </div><div>
                    <!--template bindings={}--><span>odzdgepsjh</span>
                </div><div>
                    <!--template bindings={}--><span>krzhjyelfl</span>
                </div><div>
                    <!--template bindings={}--><span>yqczpvmrwe</span>
                </div><div>
                    <!--template bindings={}--><span>frlhomwebnppppppppppppppppp</span>
                </div><div>
                    <!--template bindings={}--><span>ialcuxaqjk</span>
                </div><div>
                    <!--template bindings={}--><span>xvntuqfgdl</span>
                </div><div>
                    <!--template bindings={}--><span>hqpqphwxzv</span>
                </div><div>
                    <!--template bindings={}--><span>gezmxdxuej</span>
                </div><div>
                    <!--template bindings={}--><span>dftmlnmtmf</span>
                </div><div>
                    <!--template bindings={}--><span>cbdmrepcmg</span>
                </div><div>
                    <!--template bindings={}--><span>upoxilpvse</span>
                </div><div>
                    <!--template bindings={}--><span>binixmmpnf</span>
                </div><div>
                    <!--template bindings={}--><span>nqetdltnlw</span>
                </div><div>
                    <!--template bindings={}--><span>xnyfhtkpyd</span>
                </div><div>
                    <!--template bindings={}--><span>buzrynyswk</span>
                </div><div>
                    <!--template bindings={}--><span>REview test</span>
                </div><div>
                    <!--template bindings={}--><span>fyifzwodqhppppppppppppppppp</span>
                </div><div>
                    <!--template bindings={}--><span>hxoufyfaxg</span>
                </div><div>
                    <!--template bindings={}--><span>pzyvvdisjd</span>
                </div><div>
                    <!--template bindings={}--><span>uwhwkyfrqp</span>
                </div><div>
                    <!--template bindings={}--><span>owsvazlsiq</span>
                </div><div>
                    <!--template bindings={}--><span>svqksvbfqu</span>
                </div><div>
                    <!--template bindings={}--><span>czggpwyaan</span>
                </div><div>
                    <!--template bindings={}--><span>mlwaqrstyi</span>
                </div><div>
                    <!--template bindings={}--><span>new site </span>
                </div><div>
                    <!--template bindings={}--><span>vjpfdqlycb</span>
                </div><div>
                    <!--template bindings={}--><span>pnezzqonsxxxxxx</span>
                </div><div>
                    <!--template bindings={}--><span>uryyxlbfuk</span>
                </div><div>
                    <!--template bindings={}--><span>vowvnlruad</span>
                </div><div>
                    <!--template bindings={}--><span>mcmnqsyghm</span>
                </div><div>
                    <!--template bindings={}--><span>vmxpslznwj</span>
                </div><div>
                    <!--template bindings={}--><span>algmkbwuyc</span>
                </div><div>
                    <!--template bindings={}--><span>srndlxbopv</span>
                </div><div>
                    <!--template bindings={}--><span>kswstwcuis</span>
                </div><div>
                    <!--template bindings={}--><span>sfndrujcdjpppppppppppppppppp</span>
                </div><div>
                    <!--template bindings={}--><span>hmndjdiimh</span>
                </div><div>
                    <!--template bindings={}--><span>Edited vncqvfhreu</span>
                </div><div>
                    <!--template bindings={}--><span>Edited dfxypujuop</span>
                </div><div>
                    <!--template bindings={}--><span>eenoyyavsj</span>
                </div><div>
                    <!--template bindings={}--><span>rfiqmkjkac</span>
                </div><div>
                    <!--template bindings={}--><span>rvknzynxxx</span>
                </div><div>
                    <!--template bindings={}--><span>mufnigqxpf</span>
                </div><div>
                    <!--template bindings={}--><span>spkgzqqqjh</span>
                </div><div>
                    <!--template bindings={}--><span>rotlyfymxp</span>
                </div><div>
                    <!--template bindings={}--><span>bboxrnpaas</span>
                </div><div>
                    <!--template bindings={}--><span>sppovuandd</span>
                </div><div>
                    <!--template bindings={}--><span>fvcmyzydtm</span>
                </div><div>
                    <!--template bindings={}--><span>yluwcujudn</span>
                </div><div>
                    <!--template bindings={}--><span>vggnonlupk</span>
                </div><div>
                    <!--template bindings={}--><span>rburvjxecg</span>
                </div><div>
                    <!--template bindings={}--><span>ziekxhfomg</span>
                </div>
            </td>
            <td>
                <!--template bindings={}--><span>Organization Admin<!--template bindings={}--><span>, </span></span><span>Site Admin<!--template bindings={}--><span>, </span></span><span>HCP<!--template bindings={}--></span>
            </td>
            <td>
                <img alt="edit hcp" class="clickable center-vertically" src="/bundles/frontend/img/hcp-list/pencil_sans_circle.svg" />
            </td>
        </tr><tr class="user-table-row">
            <td>
                <div class="flex">
                    <div class="uppercase center-vertically">
                        <div>
                            <span class="bold">reviewTesting, JnJ</span>
                        </div>
                        <div class="padding">
                            <span class="grey">dpunya@hotmail.com</span>
                        </div>
                        <div class="padding">
                            <span class="active">Active</span>
                            <!--template bindings={}-->
                        </div>
                    </div>
                </div>
            </td>
            <td>
                <!--template bindings={}--><div>
                    <!--template bindings={}--><span>QA All Plans Site 1</span>
                </div>
            </td>
            <td>
                <!--template bindings={}--><span>Site Admin<!--template bindings={}--><span>, </span></span><span>HCP<!--template bindings={}--></span>
            </td>
            <td>
                <img alt="edit hcp" class="clickable center-vertically" src="/bundles/frontend/img/hcp-list/pencil_sans_circle.svg" />
            </td>
        </tr><tr class="user-table-row">
            <td>
                <div class="flex">
                    <div class="uppercase center-vertically">
                        <div>
                            <span class="bold">Reviewdos, JHIdos</span>
                        </div>
                        <div class="padding">
                            <span class="grey">kattytestapp+jhireview2@gmail.com</span>
                        </div>
                        <div class="padding">
                            <span class="expired">Expired</span>
                            <!--template bindings={}--><span><a class="clickable">
                                (RESEND INVITE)</a></span>
                        </div>
                    </div>
                </div>
            </td>
            <td>
                <!--template bindings={}--><div>
                    <!--template bindings={}--><span>JHI review new one</span>
                </div>
            </td>
            <td>
                <!--template bindings={}--><span>Organization Admin<!--template bindings={}--><span>, </span></span><span>HCP<!--template bindings={}--></span>
            </td>
            <td>
                <img alt="edit hcp" class="clickable center-vertically" src="/bundles/frontend/img/hcp-list/pencil_sans_circle.svg" />
            </td>
        </tr><tr class="user-table-row">
            <td>
                <div class="flex">
                    <div class="uppercase center-vertically">
                        <div>
                            <span class="bold">test, test</span>
                        </div>
                        <div class="padding">
                            <span class="grey">test321@remove.com</span>
                        </div>
                        <div class="padding">
                            <span class="expired">Expired</span>
                            <!--template bindings={}--><span><a class="clickable">
                                (RESEND INVITE)</a></span>
                        </div>
                    </div>
                </div>
            </td>
            <td>
                <!--template bindings={}--><div>
                    <!--template bindings={}--><span>JHI review new one</span>
                </div>
            </td>
            <td>
                <!--template bindings={}--><span>Organization Admin<!--template bindings={}--><span>, </span></span><span>Site Admin<!--template bindings={}--><span>, </span></span><span>HCP<!--template bindings={}--></span>
            </td>
            <td>
                <img alt="edit hcp" class="clickable center-vertically" src="/bundles/frontend/img/hcp-list/pencil_sans_circle.svg" />
            </td>
        </tr><tr class="user-table-row">
            <td>
                <div class="flex">
                    <div class="uppercase center-vertically">
                        <div>
                            <span class="bold">test, test</span>
                        </div>
                        <div class="padding">
                            <span class="grey">test3210@remove.com</span>
                        </div>
                        <div class="padding">
                            <span class="expired">Expired</span>
                            <!--template bindings={}--><span><a class="clickable">
                                (RESEND INVITE)</a></span>
                        </div>
                    </div>
                </div>
            </td>
            <td>
                <!--template bindings={}--><div>
                    <!--template bindings={}--><span>JHI review new one</span>
                </div>
            </td>
            <td>
                <!--template bindings={}--><span>Organization Admin<!--template bindings={}--><span>, </span></span><span>Site Admin<!--template bindings={}--><span>, </span></span><span>HCP<!--template bindings={}--></span>
            </td>
            <td>
                <img alt="edit hcp" class="clickable center-vertically" src="/bundles/frontend/img/hcp-list/pencil_sans_circle.svg" />
            </td>
        </tr><tr class="user-table-row">
            <td>
                <div class="flex">
                    <div class="uppercase center-vertically">
                        <div>
                            <span class="bold">Two, Test</span>
                        </div>
                        <div class="padding">
                            <span class="grey">rozinamerchant7@gmail.com</span>
                        </div>
                        <div class="padding">
                            <span class="expired">Expired</span>
                            <!--template bindings={}--><span><a class="clickable">
                                (RESEND INVITE)</a></span>
                        </div>
                    </div>
                </div>
            </td>
            <td>
                <!--template bindings={}--><div>
                    <!--template bindings={}--><span>JHI review new one</span>
                </div>
            </td>
            <td>
                <!--template bindings={}--><span>Site Admin<!--template bindings={}--><span>, </span></span><span>HCP<!--template bindings={}--></span>
            </td>
            <td>
                <img alt="edit hcp" class="clickable center-vertically" src="/bundles/frontend/img/hcp-list/pencil_sans_circle.svg" />
            </td>
        </tr><tr class="user-table-row">
            <td>
                <div class="flex">
                    <div class="uppercase center-vertically">
                        <div>
                            <span class="bold">name, name</span>
                        </div>
                        <div class="padding">
                            <span class="grey">testtoremove@remove.com</span>
                        </div>
                        <div class="padding">
                            <span class="expired">Expired</span>
                            <!--template bindings={}--><span><a class="clickable">
                                (RESEND INVITE)</a></span>
                        </div>
                    </div>
                </div>
            </td>
            <td>
                <!--template bindings={}--><div>
                    <!--template bindings={}--><span>Test</span>
                </div>
            </td>
            <td>
                <!--template bindings={}--><span>HCP<!--template bindings={}--></span>
            </td>
            <td>
                <img alt="edit hcp" class="clickable center-vertically" src="/bundles/frontend/img/hcp-list/pencil_sans_circle.svg" />
            </td>
        </tr><tr class="user-table-row">
            <td>
                <div class="flex">
                    <div class="uppercase center-vertically">
                        <div>
                            <span class="bold">name, name</span>
                        </div>
                        <div class="padding">
                            <span class="grey">test123@remove.com</span>
                        </div>
                        <div class="padding">
                            <span class="expired">Expired</span>
                            <!--template bindings={}--><span><a class="clickable">
                                (RESEND INVITE)</a></span>
                        </div>
                    </div>
                </div>
            </td>
            <td>
                <!--template bindings={}--><div>
                    <!--template bindings={}--><span>Test</span>
                </div>
            </td>
            <td>
                <!--template bindings={}--><span>HCP<!--template bindings={}--></span>
            </td>
            <td>
                <img alt="edit hcp" class="clickable center-vertically" src="/bundles/frontend/img/hcp-list/pencil_sans_circle.svg" />
            </td>
        </tr><tr class="user-table-row">
            <td>
                <div class="flex">
                    <div class="uppercase center-vertically">
                        <div>
                            <span class="bold">Team, QC</span>
                        </div>
                        <div class="padding">
                            <span class="grey">christian.miranda@globant.com</span>
                        </div>
                        <div class="padding">
                            <span class="pending">Pending</span>
                            <!--template bindings={}--><span><a class="clickable">
                                (RESEND INVITE)</a></span>
                        </div>
                    </div>
                </div>
            </td>
            <td>
                <!--template bindings={}--><div>
                    <!--template bindings={}--><span>Test</span>
                </div>
            </td>
            <td>
                <!--template bindings={}--><span>Organization Admin<!--template bindings={}--><span>, </span></span><span>Site Admin<!--template bindings={}--><span>, </span></span><span>HCP<!--template bindings={}--></span>
            </td>
            <td>
                <img alt="edit hcp" class="clickable center-vertically" src="/bundles/frontend/img/hcp-list/pencil_sans_circle.svg" />
            </td>
        </tr><tr class="user-table-row">
            <td>
                <div class="flex">
                    <div class="uppercase center-vertically">
                        <div>
                            <span class="bold">Sung, Sam</span>
                        </div>
                        <div class="padding">
                            <span class="grey">sam.ae.tung+legaldocreview@gmail.com</span>
                        </div>
                        <div class="padding">
                            <span class="expired">Expired</span>
                            <!--template bindings={}--><span><a class="clickable">
                                (RESEND INVITE)</a></span>
                        </div>
                    </div>
                </div>
            </td>
            <td>
                <!--template bindings={}--><div>
                    <!--template bindings={}--><span>New_qwe1</span>
                </div>
            </td>
            <td>
                <!--template bindings={}--><span>Organization Admin<!--template bindings={}--><span>, </span></span><span>Site Admin<!--template bindings={}--><span>, </span></span><span>HCP<!--template bindings={}--></span>
            </td>
            <td>
                <img alt="edit hcp" class="clickable center-vertically" src="/bundles/frontend/img/hcp-list/pencil_sans_circle.svg" />
            </td>
        </tr>
        </tbody>
        <!--template bindings={}-->
    </table>
</div>
<!--template bindings={}-->
<!--template bindings={}--><div>
    <jhi-hcp-modal>
<jhi-privacy-policy-modal>
</jhi-privacy-policy-modal></jhi-hcp-modal>
</div>
<!--template bindings={}--><div>
    <jhi-site-modal></jhi-site-modal>
</div></jhi-hcp></jhi-hcp-app>
            </div>
        </div>
    </div>
  </div>

      <footer class="legal-notice">
    <p class="link-list">
        <a class="legal-link" href="/docs/portal-legal.html#appInfo" target="_blank">Important
            HCP Portal Information</a> •
        <a class="legal-link" href="/docs/portal-legal.html#terms" target="_blank">Terms of Use</a> •
        <a class="legal-link" href="/docs/portal-legal.html#privacy" target="_blank">Privacy Policy</a> •
        <a class="legal-link" href="/docs/portal-legal.html#support" target="_blank">Support</a>
    </p>
    <p>
        © Janssen Diagnostics, LLC. 2016. All Rights Reserved. This site is published by Janssen Diagnostics, LLC,
        which is solely responsible for its contents. Please read our Important HCP Portal Information, Privacy Policy
        and Terms of Use. This site is intended for use by residents of the United States. All trademarks used herein
        are registered trademarks of their respective owners. This page was last modified on: October 12, 2016.
    </p>
</footer>
  
  <script>
      drugDbNamesUrl = 'https://drugdb.jhiplatform.services/api/v1/us/drug_names.json';
      drugDbDrugsUrl = 'https://drugdb.jhiplatform.services/api/v1/us/drugs.json';
  </script>

      
  
    <script src="/js/hcp.en_US.bundle.js"></script><modal class="patient-form modal fade in" id="user-modal" role="dialog" tabindex="-1" data-keyboard="true" data-backdrop="static" style="display: inline; padding-right: 17px;">
        <div class="modal-dialog modal-sm">
            <div class="modal-content">
                
    <modal-header>
        <div class="modal-header">
            <!--template bindings={}--><button aria-label="Close" class="close" data-dismiss="modal" type="button">
                <span aria-hidden="true">?</span>
            </button>
            
        <!--template bindings={}-->
        <!--template bindings={}--><h1>
            New User
        </h1>
    
        </div>
    </modal-header>
    <modal-body class="register-hcp">
        <div class="modal-body">
            
        <div class="row">
            <div class="col-md-12">
                <p>
                    <span>By providing the information below, you are confirming that you have received this person’s consent to provide their information and requesting access to Care4Today® Connect on their behalf. The information you provide will be used in accordance with our</span> <a> Privacy Policy. </a>
                </p>
            </div>
        </div>
        <form class="ng-invalid ng-dirty ng-touched">
            <div class="row field">
                <div class="col-md-12">
                    <label class="top" for="name">
                        Name
                    </label>
                    <div class="row">
                        <div class="col-md-6">
                            <input class="full-length ng-dirty ng-valid ng-touched" formcontrolname="firstName" id="name" type="text" placeholder="First name..." />
                            <jhi-control-message><div>
    <!--template bindings={}-->
    <!--template bindings={}-->
    <!--template bindings={}-->
    <!--template bindings={}-->
    <!--template bindings={}-->
    <!--template bindings={}-->
    <!--template bindings={}-->
    <!--template bindings={}-->
    <!--template bindings={}-->
    <!--template bindings={}-->
    <!--template bindings={}-->
    <!--template bindings={}-->
    <!--template bindings={}-->
    <!--template bindings={}-->
    <!--template bindings={}-->
    <!--template bindings={}-->
    <!--template bindings={}-->
    <!--template bindings={}-->
    <!--template bindings={}-->
    <!--template bindings={}-->
    <!--template bindings={}-->
    <!--template bindings={}-->
    <!--template bindings={}-->
    <!--template bindings={}-->
    <!--template bindings={}-->
    <!--template bindings={}-->
</div></jhi-control-message>
                        </div>
                        <div class="col-md-6">
                            <input class="full-length ng-dirty ng-valid ng-touched" formcontrolname="lastName" type="text" placeholder="Last name..." />
                            <jhi-control-message><div>
    <!--template bindings={}-->
    <!--template bindings={}-->
    <!--template bindings={}-->
    <!--template bindings={}-->
    <!--template bindings={}-->
    <!--template bindings={}-->
    <!--template bindings={}-->
    <!--template bindings={}-->
    <!--template bindings={}-->
    <!--template bindings={}-->
    <!--template bindings={}-->
    <!--template bindings={}-->
    <!--template bindings={}-->
    <!--template bindings={}-->
    <!--template bindings={}-->
    <!--template bindings={}-->
    <!--template bindings={}-->
    <!--template bindings={}-->
    <!--template bindings={}-->
    <!--template bindings={}-->
    <!--template bindings={}-->
    <!--template bindings={}-->
    <!--template bindings={}-->
    <!--template bindings={}-->
    <!--template bindings={}-->
    <!--template bindings={}-->
</div></jhi-control-message>
                        </div>
                    </div>
                </div>
            </div>
            <div class="row field">
                <div class="col-md-12">
                    <label class="top" for="email">
                        Email
                    </label>
                    <input class="full-length ng-untouched ng-invalid ng-dirty" formcontrolname="email" id="email" type="email" placeholder="Email..." />
                    <jhi-control-message><div>
    <!--template bindings={}-->
    <!--template bindings={}-->
    <!--template bindings={}-->
    <!--template bindings={}-->
    <!--template bindings={}-->
    <!--template bindings={}-->
    <!--template bindings={}-->
    <!--template bindings={}-->
    <!--template bindings={}-->
    <!--template bindings={}-->
    <!--template bindings={}-->
    <!--template bindings={}-->
    <!--template bindings={}-->
    <!--template bindings={}-->
    <!--template bindings={}-->
    <!--template bindings={}-->
    <!--template bindings={}-->
    <!--template bindings={}-->
    <!--template bindings={}-->
    <!--template bindings={}-->
    <!--template bindings={}-->
    <!--template bindings={}-->
    <!--template bindings={}-->
    <!--template bindings={}-->
    <!--template bindings={}-->
    <!--template bindings={}-->
</div></jhi-control-message>
                </div>
            </div>
            <div class="row field ng-untouched ng-pristine ng-invalid" formarrayname="adminSites">
                <div class="col-md-12">
                    <label class="top" for="sites">
                        Site
                    </label>
                    <!--template bindings={}--><div class="site-list">
                        <div class="col-md-8 ng-untouched ng-pristine ng-invalid">
                            <select class="full-length control dropdown ng-untouched ng-pristine ng-invalid" formcontrolname="availableSite" id="sites" value="">
                                <option disabled="" hidden="" value="">
                                    Select site
                                </option>
                                <!--template bindings={}--><option value="3">
                                    QA All Plans Site 1
                                </option><option value="13">
                                    JHI review new one
                                </option><option value="14">
                                    Test
                                </option><option value="15">
                                    Test site name512
                                </option><option value="16">
                                    Test site name6
                                </option><option value="20">
                                    Test site name55
                                </option><option value="21">
                                    Test site name511000000000000000
                                </option><option value="23">
                                    Test site name6ppppppppppppppp
                                </option><option value="24">
                                    Test site name51300ppppppppppppppp
                                </option><option value="25">
                                    Test site name500
                                </option><option value="26">
                                    Test site name500
                                </option><option value="27">
                                    Test site name50000000
                                </option><option value="28">
                                    New_qwe1
                                </option><option value="29">
                                    ${siteName}
                                </option><option value="30">
                                    zjxqslhwmq
                                </option><option value="31">
                                    spvbbmabim
                                </option><option value="32">
                                    Test site name5ppppppppppppppp
                                </option><option value="34">
                                    goctovnxhh
                                </option><option value="35">
                                    cnefnpjrnz
                                </option><option value="36">
                                    uginbmzqvp
                                </option><option value="37">
                                    Test site name5pppppppppppppppp
                                </option><option value="40">
                                    jzrmiwdhng
                                </option><option value="41">
                                    kqulskuizh
                                </option><option value="42">
                                    dhkczooalj
                                </option><option value="43">
                                    muwbtzlfay
                                </option><option value="44">
                                    wqgsskilvx
                                </option><option value="45">
                                    baoxbzpxip
                                </option><option value="46">
                                    sjxxlxmynm
                                </option><option value="47">
                                    powevhjtzc
                                </option><option value="48">
                                    vqjgpkkmgj
                                </option><option value="49">
                                    eyozrdfcnw
                                </option><option value="50">
                                    odzdgepsjh
                                </option><option value="51">
                                    krzhjyelfl
                                </option><option value="52">
                                    yqczpvmrwe
                                </option><option value="53">
                                    frlhomwebnppppppppppppppppp
                                </option><option value="54">
                                    ialcuxaqjk
                                </option><option value="55">
                                    xvntuqfgdl
                                </option><option value="56">
                                    hqpqphwxzv
                                </option><option value="57">
                                    gezmxdxuej
                                </option><option value="58">
                                    dftmlnmtmf
                                </option><option value="59">
                                    cbdmrepcmg
                                </option><option value="60">
                                    upoxilpvse
                                </option><option value="61">
                                    binixmmpnf
                                </option><option value="62">
                                    nqetdltnlw
                                </option><option value="63">
                                    xnyfhtkpyd
                                </option><option value="64">
                                    buzrynyswk
                                </option><option value="65">
                                    REview test
                                </option><option value="66">
                                    fyifzwodqhppppppppppppppppp
                                </option><option value="67">
                                    hxoufyfaxg
                                </option><option value="68">
                                    pzyvvdisjd
                                </option><option value="69">
                                    uwhwkyfrqp
                                </option><option value="70">
                                    owsvazlsiq
                                </option><option value="71">
                                    svqksvbfqu
                                </option><option value="72">
                                    czggpwyaan
                                </option><option value="73">
                                    mlwaqrstyi
                                </option><option value="74">
                                    new site 
                                </option><option value="75">
                                    vjpfdqlycb
                                </option><option value="76">
                                    pnezzqonsxxxxxx
                                </option><option value="77">
                                    uryyxlbfuk
                                </option><option value="78">
                                    vowvnlruad
                                </option><option value="79">
                                    mcmnqsyghm
                                </option><option value="80">
                                    vmxpslznwj
                                </option><option value="81">
                                    algmkbwuyc
                                </option><option value="82">
                                    srndlxbopv
                                </option><option value="83">
                                    kswstwcuis
                                </option><option value="84">
                                    sfndrujcdjpppppppppppppppppp
                                </option><option value="85">
                                    hmndjdiimh
                                </option><option value="86">
                                    Edited vncqvfhreu
                                </option><option value="87">
                                    Edited dfxypujuop
                                </option><option value="88">
                                    eenoyyavsj
                                </option><option value="89">
                                    rfiqmkjkac
                                </option><option value="90">
                                    rvknzynxxx
                                </option><option value="91">
                                    mufnigqxpf
                                </option><option value="92">
                                    spkgzqqqjh
                                </option><option value="93">
                                    rotlyfymxp
                                </option><option value="94">
                                    bboxrnpaas
                                </option><option value="95">
                                    sppovuandd
                                </option><option value="96">
                                    fvcmyzydtm
                                </option><option value="97">
                                    yluwcujudn
                                </option><option value="98">
                                    vggnonlupk
                                </option><option value="99">
                                    rburvjxecg
                                </option><option value="100">
                                    ziekxhfomg
                                </option><option value="101">
                                    fhgjhkl
                                </option>
                            </select>
                        </div>
                        <div class="col-md-4">
                            <!--template bindings={}-->
                            <!--template bindings={}--><img alt="add site" class="add-dose-image clickable" src="/bundles/frontend/img/medication/add.svg" />
                        </div>
                        <jhi-control-message><div>
    <!--template bindings={}-->
    <!--template bindings={}-->
    <!--template bindings={}-->
    <!--template bindings={}-->
    <!--template bindings={}-->
    <!--template bindings={}-->
    <!--template bindings={}-->
    <!--template bindings={}-->
    <!--template bindings={}-->
    <!--template bindings={}-->
    <!--template bindings={}-->
    <!--template bindings={}-->
    <!--template bindings={}-->
    <!--template bindings={}-->
    <!--template bindings={}-->
    <!--template bindings={}-->
    <!--template bindings={}-->
    <!--template bindings={}-->
    <!--template bindings={}-->
    <!--template bindings={}-->
    <!--template bindings={}-->
    <!--template bindings={}-->
    <!--template bindings={}-->
    <!--template bindings={}-->
    <!--template bindings={}-->
    <!--template bindings={}-->
</div></jhi-control-message>
                    </div>
                    <!--template bindings={}-->
                </div>
            </div>
            <div class="row field">
                <div class="col-md-12">
                    <label class="top" id="roles">
                        ROLE(S)
                    </label>
                    <div>
                        <form class="ng-untouched ng-pristine ng-valid">
                            <!--template bindings={}--><div class="col-md-4 no-left-padding">
                                <label><input formcontrolname="1" id="org" type="checkbox" class="ng-untouched ng-pristine ng-valid" />
                                     Org Admin
                                </label>
                            </div>
                            <!--template bindings={}--><div class="col-md-4 no-left-padding">
                                <label><input formcontrolname="2" id="site" type="checkbox" class="ng-untouched ng-pristine ng-valid" />
                                     Site Admin
                                </label>
                            </div>
                            <div class="col-md-4 no-left-padding">
                                <label><input disabled="" formcontrolname="3" id="hcp" type="checkbox" class="ng-untouched ng-pristine ng-valid" />
                                     HCP
                                </label>
                            </div>
                        </form>
                    </div>
                </div>
            </div>
            <!--template bindings={}-->
            <div class="row field">
                <button class="pill long" id="user-modal-save-button" type="submit">
                    Save
                </button>
            </div>
        </form>
    
        </div>
    </modal-body>

            </div>
        </div>
    </modal><modal class="modal fade" role="dialog" tabindex="-1" data-keyboard="true" data-backdrop="static">
        <div class="modal-dialog modal-sm">
            <div class="modal-content">
                
        <modal-header>
        <div class="modal-header">
            <!--template bindings={}-->
            
            <button class="close" data-dismiss="modal" type="button">?</button>
        
        </div>
    </modal-header>
        <modal-body>
        <div class="modal-body">
            
            <iframe class="new-hcp-legal-iframe" src="/docs/portal-legal.html#app-info"></iframe>
            <modal-footer>
        <div class="modal-footer">
            
                <button class="btn btn-default" data-dismiss="modal" type="button">
                    Close
                </button>
            
            <!--template bindings={}-->
            <!--template bindings={}-->
        </div>
    </modal-footer>
    
        </div>
    </modal-body>

            </div>
        </div>
    </modal><modal class="patient-form modal fade" id="site-modal" role="dialog" tabindex="-1" data-keyboard="true" data-backdrop="static">
        <div class="modal-dialog modal-sm">
            <div class="modal-content">
                
    <modal-header>
        <div class="modal-header">
            <!--template bindings={}--><button aria-label="Close" class="close" data-dismiss="modal" type="button">
                <span aria-hidden="true">?</span>
            </button>
            
        <!--template bindings={}--><h1>
            New Site
        </h1>
        <!--template bindings={}-->
    
        </div>
    </modal-header>
    <modal-body class="register-hcp">
        <div class="modal-body">
            
        <form class="ng-untouched ng-pristine ng-invalid">
            <div class="row field">
                <div class="col-md-12">
                    <label class="top" for="name">
                        Site Name
                    </label>
                    <input class="full-length ng-untouched ng-pristine ng-invalid" formcontrolname="name" id="name" type="text" placeholder="Site name..." />
                    <jhi-control-message><div>
    <!--template bindings={}-->
    <!--template bindings={}-->
    <!--template bindings={}-->
    <!--template bindings={}-->
    <!--template bindings={}-->
    <!--template bindings={}-->
    <!--template bindings={}-->
    <!--template bindings={}-->
    <!--template bindings={}-->
    <!--template bindings={}-->
    <!--template bindings={}-->
    <!--template bindings={}-->
    <!--template bindings={}-->
    <!--template bindings={}-->
    <!--template bindings={}-->
    <!--template bindings={}-->
    <!--template bindings={}-->
    <!--template bindings={}-->
    <!--template bindings={}-->
    <!--template bindings={}-->
    <!--template bindings={}-->
    <!--template bindings={}-->
    <!--template bindings={}-->
    <!--template bindings={}-->
    <!--template bindings={}-->
    <!--template bindings={}-->
</div></jhi-control-message>
                </div>
            </div>
            <div class="row field">
                <div class="col-md-12">
                    <label class="top" for="address">
                        Address
                    </label>
                    <p class="optional grey top">
                        (Optional)
                    </p>
                    <input class="full-length ng-untouched ng-pristine ng-valid" formcontrolname="address" id="address" type="text" placeholder="Address..." />
                </div>
            </div>
            <div class="row field">
                <div class="col-md-12">
                    <label class="top" for="number">
                        Phone Number
                    </label>
                    <p class="optional grey top">
                        (Optional)
                    </p>
                    <input class="half-length ng-untouched ng-pristine ng-valid" formcontrolname="phoneNumber" id="number" type="tel" placeholder="Phone number..." />
                    <jhi-control-message><div>
    <!--template bindings={}-->
    <!--template bindings={}-->
    <!--template bindings={}-->
    <!--template bindings={}-->
    <!--template bindings={}-->
    <!--template bindings={}-->
    <!--template bindings={}-->
    <!--template bindings={}-->
    <!--template bindings={}-->
    <!--template bindings={}-->
    <!--template bindings={}-->
    <!--template bindings={}-->
    <!--template bindings={}-->
    <!--template bindings={}-->
    <!--template bindings={}-->
    <!--template bindings={}-->
    <!--template bindings={}-->
    <!--template bindings={}-->
    <!--template bindings={}-->
    <!--template bindings={}-->
    <!--template bindings={}-->
    <!--template bindings={}-->
    <!--template bindings={}-->
    <!--template bindings={}-->
    <!--template bindings={}-->
    <!--template bindings={}-->
</div></jhi-control-message>
                </div>
            </div>
            <div class="field">
                <button class="pill long" id="site-modal-save-button" type="button">
                    Save
                </button>
            </div>
        </form>
    
        </div>
    </modal-body>

            </div>
        </div>
    </modal>

<!-- Google Tag Manager -->
<noscript>&lt;iframe src="//www.googletagmanager.com/ns.html?id=GTM-TXQ92X"
                  height="0" width="0" style="display:none;visibility:hidden"&gt;&lt;/iframe&gt;</noscript>
<script>
    (function(w,d,s,l,i){w[l]=w[l]||[];w[l].push({'gtm.start':
            new Date().getTime(),event:'gtm.js'});var f=d.getElementsByTagName(s)[0],
            j=d.createElement(s),dl=l!='dataLayer'?'&amp;l='+l:'';j.async=true;j.src=
            '//www.googletagmanager.com/gtm.js?id='+i+dl;f.parentNode.insertBefore(j,f);
    })(window,document,'script','dataLayer','GTM-TXQ92X');
</script>
<!-- End Google Tag Manager -->

<div class="modal-backdrop fade in"></div></body></html>
[INFO ] 2017-02-23 02:37:29.116 [main] LoginPage - Logging in with k2095084@mvrht.com / test1234
[INFO ] 2017-02-23 02:37:38.615 [main] MainPage - Hovering the mouse over important information tooltip
[INFO ] 2017-02-23 02:37:39.748 [main] Utils - Taken screenshot screenshot3318302031612262595.png
[INFO ] 2017-02-23 02:37:39.897 [main] MainPage - Searching for text Notexistingtext3w33rer
[INFO ] 2017-02-23 02:37:41.949 [main] Utils - Taken screenshot screenshot2796934045802120503.png
[INFO ] 2017-02-23 02:37:42.067 [main] MainPage - Navigating to admin page
[INFO ] 2017-02-23 02:37:45.758 [main] AdminPage - Opening new Site form
[INFO ] 2017-02-23 02:40:37.171 [main] LoginPage - Logging in with k2095084@mvrht.com / test1234
[INFO ] 2017-02-23 02:40:46.994 [main] MainPage - Hovering the mouse over important information tooltip
[INFO ] 2017-02-23 02:40:48.235 [main] Utils - Taken screenshot screenshot5482026663979126071.png
[INFO ] 2017-02-23 02:40:48.363 [main] MainPage - Searching for text Notexistingtext3w33rer
[INFO ] 2017-02-23 02:40:50.211 [main] Utils - Taken screenshot screenshot6349985268990046077.png
[INFO ] 2017-02-23 02:40:50.368 [main] MainPage - Navigating to admin page
[INFO ] 2017-02-23 02:40:54.977 [main] AdminPage - Opening new Site form
[INFO ] 2017-02-23 02:43:43.142 [main] LoginPage - Logging in with k2095084@mvrht.com / test1234
[INFO ] 2017-02-23 02:43:53.445 [main] MainPage - Hovering the mouse over important information tooltip
[INFO ] 2017-02-23 02:44:22.483 [main] LoginPage - Logging in with k2095084@mvrht.com / test1234
[INFO ] 2017-02-23 02:44:32.090 [main] MainPage - Hovering the mouse over important information tooltip
[INFO ] 2017-02-23 02:44:33.027 [main] Utils - Taken screenshot screenshot923858236122913819.png
[INFO ] 2017-02-23 02:44:33.186 [main] MainPage - Searching for text Notexistingtext3w33rer
[INFO ] 2017-02-23 02:44:35.645 [main] Utils - Taken screenshot screenshot2211975802686797546.png
[INFO ] 2017-02-23 02:44:35.770 [main] MainPage - Navigating to admin page
[INFO ] 2017-02-23 02:44:40.011 [main] AdminPage - Opening new Site form
[INFO ] 2017-02-23 02:44:40.956 [main] NewSitePage - Creating new site with name ??????????, address Berlin, Unter den Linden 4, number 
